[2026-07-10T12:12:01.565+0000][84][info][gc,init] CardTable entry size: 512
[2026-07-10T12:12:01.565+0000][84][info][gc     ] Using G1
[2026-07-10T12:12:01.849+0000][84][info][gc,init] Version: 25.0.1+8-27 (release)
[2026-07-10T12:12:01.849+0000][84][info][gc,init] CPUs: 18 total, 18 available
[2026-07-10T12:12:01.849+0000][84][info][gc,init] Memory: 7933M
[2026-07-10T12:12:01.849+0000][84][info][gc,init] Large Page Support: Disabled
[2026-07-10T12:12:01.850+0000][84][info][gc,init] NUMA Support: Disabled
[2026-07-10T12:12:01.850+0000][84][info][gc,init] Compressed Oops: Enabled (Zero based)
[2026-07-10T12:12:01.850+0000][84][info][gc,init] Heap Region Size: 4M
[2026-07-10T12:12:01.850+0000][84][info][gc,init] Heap Min Capacity: 3968M
[2026-07-10T12:12:01.850+0000][84][info][gc,init] Heap Initial Capacity: 3968M
[2026-07-10T12:12:01.850+0000][84][info][gc,init] Heap Max Capacity: 3968M
[2026-07-10T12:12:01.850+0000][84][info][gc,init] Pre-touch: Enabled
[2026-07-10T12:12:01.850+0000][84][info][gc,init] Parallel Workers: 14
[2026-07-10T12:12:01.850+0000][84][info][gc,init] Concurrent Workers: 4
[2026-07-10T12:12:01.850+0000][84][info][gc,init] Concurrent Refinement Workers: 14
[2026-07-10T12:12:01.850+0000][84][info][gc,init] Periodic GC: Disabled
[2026-07-10T12:12:01.853+0000][84][info][gc,metaspace] CDS archive(s) not mapped
[2026-07-10T12:12:01.853+0000][84][info][gc,metaspace] Compressed class space mapped at: 0x000000001a000000-0x000000005a000000, reserved size: 1073741824
[2026-07-10T12:12:01.853+0000][84][info][gc,metaspace] UseCompressedClassPointers 1, UseCompactObjectHeaders 0
[2026-07-10T12:12:01.853+0000][84][info][gc,metaspace] Narrow klass pointer bits 32, Max shift 3
[2026-07-10T12:12:01.853+0000][84][info][gc,metaspace] Narrow klass base: 0x0000000000000000, Narrow klass shift: 0
[2026-07-10T12:12:01.853+0000][84][info][gc,metaspace] Encoding Range: [0x0000000000000000 - 0x0000000100000000), (4294967296 bytes)
[2026-07-10T12:12:01.853+0000][84][info][gc,metaspace] Klass Range:    [0x000000001a000000 - 0x000000005a000000), (1073741824 bytes)
[2026-07-10T12:12:01.853+0000][84][info][gc,metaspace] Klass ID Range:  [436207616 - 1509949433) (1073741817)
[2026-07-10T12:12:01.853+0000][84][info][gc,metaspace] No protection zone.
[2026-07-10T12:12:02.560+0000][84][info][gc,start    ] GC(0) Pause Young (Concurrent Start) (Metadata GC Threshold)
[2026-07-10T12:12:02.560+0000][84][info][gc,task     ] GC(0) Using 14 workers of 14 for evacuation
[2026-07-10T12:12:02.560+0000][84][debug][gc,age      ] GC(0) Desired survivor size 14680064 bytes, new threshold 15 (max threshold 15)
[2026-07-10T12:12:02.564+0000][84][info ][gc,phases   ] GC(0)   Pre Evacuate Collection Set: 0.34ms
[2026-07-10T12:12:02.564+0000][84][info ][gc,phases   ] GC(0)   Merge Heap Roots: 0.07ms
[2026-07-10T12:12:02.564+0000][84][info ][gc,phases   ] GC(0)   Evacuate Collection Set: 2.64ms
[2026-07-10T12:12:02.564+0000][84][info ][gc,phases   ] GC(0)   Post Evacuate Collection Set: 0.56ms
[2026-07-10T12:12:02.564+0000][84][info ][gc,phases   ] GC(0)   Other: 0.17ms
[2026-07-10T12:12:02.564+0000][84][trace][gc,age      ] GC(0) Age table:
[2026-07-10T12:12:02.564+0000][84][trace][gc,age      ] GC(0) - age   1:   11324488 bytes,   11324488 total
[2026-07-10T12:12:02.564+0000][84][info ][gc,heap     ] GC(0) Eden regions: 25->0(257)
[2026-07-10T12:12:02.564+0000][84][info ][gc,heap     ] GC(0) Survivor regions: 0->3(7)
[2026-07-10T12:12:02.564+0000][84][info ][gc,heap     ] GC(0) Old regions: 0->0
[2026-07-10T12:12:02.564+0000][84][info ][gc,heap     ] GC(0) Humongous regions: 0->0
[2026-07-10T12:12:02.564+0000][84][info ][gc,metaspace] GC(0) Metaspace: 21194K(21504K)->21194K(21504K) NonClass: 19426K(19584K)->19426K(19584K) Class: 1768K(1920K)->1768K(1920K)
[2026-07-10T12:12:02.564+0000][84][info ][gc          ] GC(0) Pause Young (Concurrent Start) (Metadata GC Threshold) 100M->11M(3968M) 4.256ms
[2026-07-10T12:12:02.564+0000][84][info ][gc          ] GC(1) Concurrent Mark Cycle
[2026-07-10T12:12:02.564+0000][84][info ][gc,marking  ] GC(1) Concurrent Scan Root Regions
[2026-07-10T12:12:02.564+0000][84][info ][gc,cpu      ] GC(0) User=0.03s Sys=0.01s Real=0.01s
[2026-07-10T12:12:02.564+0000][84][info ][safepoint   ] Safepoint "CollectForMetadataAllocation", Time since last: 671472292 ns, Reaching safepoint: 2083 ns, At safepoint: 4543125 ns, Leaving safepoint: 12417 ns, Total: 4557625 ns, Threads: 0 runnable, 18 total
[2026-07-10T12:12:02.565+0000][84][info ][gc,marking  ] GC(1) Concurrent Scan Root Regions 1.314ms
[2026-07-10T12:12:02.565+0000][84][info ][gc,marking  ] GC(1) Concurrent Mark
[2026-07-10T12:12:02.565+0000][84][info ][gc,marking  ] GC(1) Concurrent Mark From Roots
[2026-07-10T12:12:02.566+0000][84][info ][gc,task     ] GC(1) Using 4 workers of 4 for marking
[2026-07-10T12:12:02.566+0000][84][info ][gc,marking  ] GC(1) Concurrent Mark From Roots 0.552ms
[2026-07-10T12:12:02.566+0000][84][info ][gc,marking  ] GC(1) Concurrent Preclean
[2026-07-10T12:12:02.566+0000][84][info ][gc,marking  ] GC(1) Concurrent Preclean 0.034ms
[2026-07-10T12:12:02.566+0000][84][info ][gc,start    ] GC(1) Pause Remark
[2026-07-10T12:12:02.567+0000][84][info ][gc          ] GC(1) Pause Remark 13M->13M(3968M) 1.141ms
[2026-07-10T12:12:02.567+0000][84][info ][gc,cpu      ] GC(1) User=0.01s Sys=0.00s Real=0.00s
[2026-07-10T12:12:02.567+0000][84][info ][safepoint   ] Safepoint "G1PauseRemark", Time since last: 1915958 ns, Reaching safepoint: 89750 ns, At safepoint: 1226292 ns, Leaving safepoint: 5791 ns, Total: 1321833 ns, Threads: 1 runnable, 18 total
[2026-07-10T12:12:02.567+0000][84][info ][gc,marking  ] GC(1) Concurrent Mark 2.104ms
[2026-07-10T12:12:02.567+0000][84][info ][gc,marking  ] GC(1) Concurrent Rebuild Remembered Sets and Scrub Regions
[2026-07-10T12:12:02.568+0000][84][info ][gc,marking  ] GC(1) Concurrent Rebuild Remembered Sets and Scrub Regions 0.072ms
[2026-07-10T12:12:02.568+0000][84][info ][gc,start    ] GC(1) Pause Cleanup
[2026-07-10T12:12:02.568+0000][84][info ][gc          ] GC(1) Pause Cleanup 13M->13M(3968M) 0.030ms
[2026-07-10T12:12:02.568+0000][84][info ][gc,cpu      ] GC(1) User=0.00s Sys=0.00s Real=0.00s
[2026-07-10T12:12:02.568+0000][84][info ][safepoint   ] Safepoint "G1PauseCleanup", Time since last: 172584 ns, Reaching safepoint: 916 ns, At safepoint: 91334 ns, Leaving safepoint: 5541 ns, Total: 97791 ns, Threads: 0 runnable, 18 total
[2026-07-10T12:12:02.568+0000][84][info ][gc,marking  ] GC(1) Concurrent Clear Claimed Marks
[2026-07-10T12:12:02.568+0000][84][info ][gc,marking  ] GC(1) Concurrent Clear Claimed Marks 0.029ms
[2026-07-10T12:12:02.568+0000][84][info ][gc,marking  ] GC(1) Concurrent Cleanup for Next Mark
[2026-07-10T12:12:02.570+0000][84][info ][gc,marking  ] GC(1) Concurrent Cleanup for Next Mark 2.479ms
[2026-07-10T12:12:02.570+0000][84][info ][gc          ] GC(1) Concurrent Mark Cycle 6.363ms
[2026-07-10T12:12:03.589+0000][84][info ][gc,start    ] GC(2) Pause Young (Normal) (G1 Evacuation Pause)
[2026-07-10T12:12:03.590+0000][84][info ][gc,task     ] GC(2) Using 14 workers of 14 for evacuation
[2026-07-10T12:12:03.590+0000][84][debug][gc,age      ] GC(2) Desired survivor size 69206016 bytes, new threshold 15 (max threshold 15)
[2026-07-10T12:12:03.597+0000][84][info ][gc,phases   ] GC(2)   Pre Evacuate Collection Set: 0.19ms
[2026-07-10T12:12:03.597+0000][84][info ][gc,phases   ] GC(2)   Merge Heap Roots: 0.08ms
[2026-07-10T12:12:03.597+0000][84][info ][gc,phases   ] GC(2)   Evacuate Collection Set: 3.92ms
[2026-07-10T12:12:03.597+0000][84][info ][gc,phases   ] GC(2)   Post Evacuate Collection Set: 2.69ms
[2026-07-10T12:12:03.597+0000][84][info ][gc,phases   ] GC(2)   Other: 0.17ms
[2026-07-10T12:12:03.597+0000][84][trace][gc,age      ] GC(2) Age table:
[2026-07-10T12:12:03.597+0000][84][trace][gc,age      ] GC(2) - age   1:    6778400 bytes,    6778400 total
[2026-07-10T12:12:03.597+0000][84][trace][gc,age      ] GC(2) - age   2:   11245216 bytes,   18023616 total
[2026-07-10T12:12:03.597+0000][84][info ][gc,heap     ] GC(2) Eden regions: 257->0(590)
[2026-07-10T12:12:03.597+0000][84][info ][gc,heap     ] GC(2) Survivor regions: 3->5(33)
[2026-07-10T12:12:03.597+0000][84][info ][gc,heap     ] GC(2) Old regions: 0->0
[2026-07-10T12:12:03.597+0000][84][info ][gc,heap     ] GC(2) Humongous regions: 0->0
[2026-07-10T12:12:03.597+0000][84][info ][gc,metaspace] GC(2) Metaspace: 31701K(32384K)->31701K(32384K) NonClass: 29000K(29376K)->29000K(29376K) Class: 2701K(3008K)->2701K(3008K)
[2026-07-10T12:12:03.597+0000][84][info ][gc          ] GC(2) Pause Young (Normal) (G1 Evacuation Pause) 1039M->19M(3968M) 7.973ms
[2026-07-10T12:12:03.597+0000][84][info ][gc,cpu      ] GC(2) User=0.05s Sys=0.00s Real=0.01s
[2026-07-10T12:12:03.598+0000][84][info ][safepoint   ] Safepoint "G1CollectForAllocation", Time since last: 1021725126 ns, Reaching safepoint: 86458 ns, At safepoint: 8032583 ns, Leaving safepoint: 11625 ns, Total: 8130666 ns, Threads: 1 runnable, 21 total
[2026-07-10T12:12:03.943+0000][84][info ][safepoint   ] Safepoint "SetNotifyJvmtiEventsMode", Time since last: 345486126 ns, Reaching safepoint: 3208 ns, At safepoint: 4000 ns, Leaving safepoint: 792 ns, Total: 8000 ns, Threads: 0 runnable, 22 total
[2026-07-10T12:12:04.033+0000][84][info ][safepoint   ] Safepoint "RedefineClasses", Time since last: 80996041 ns, Reaching safepoint: 2750 ns, At safepoint: 9203125 ns, Leaving safepoint: 13709 ns, Total: 9219584 ns, Threads: 0 runnable, 20 total
[2026-07-10T12:12:04.042+0000][84][info ][gc,start    ] GC(3) Pause Young (Concurrent Start) (Metadata GC Threshold)
[2026-07-10T12:12:04.043+0000][84][info ][gc,task     ] GC(3) Using 14 workers of 14 for evacuation
[2026-07-10T12:12:04.043+0000][84][debug][gc,age      ] GC(3) Desired survivor size 157286400 bytes, new threshold 15 (max threshold 15)
[2026-07-10T12:12:04.048+0000][84][info ][gc,phases   ] GC(3)   Pre Evacuate Collection Set: 0.29ms
[2026-07-10T12:12:04.048+0000][84][info ][gc,phases   ] GC(3)   Merge Heap Roots: 0.09ms
[2026-07-10T12:12:04.048+0000][84][info ][gc,phases   ] GC(3)   Evacuate Collection Set: 3.94ms
[2026-07-10T12:12:04.048+0000][84][info ][gc,phases   ] GC(3)   Post Evacuate Collection Set: 0.91ms
[2026-07-10T12:12:04.048+0000][84][info ][gc,phases   ] GC(3)   Other: 0.12ms
[2026-07-10T12:12:04.048+0000][84][trace][gc,age      ] GC(3) Age table:
[2026-07-10T12:12:04.048+0000][84][trace][gc,age      ] GC(3) - age   1:    3966648 bytes,    3966648 total
[2026-07-10T12:12:04.048+0000][84][trace][gc,age      ] GC(3) - age   2:    5213048 bytes,    9179696 total
[2026-07-10T12:12:04.048+0000][84][trace][gc,age      ] GC(3) - age   3:   11226576 bytes,   20406272 total
[2026-07-10T12:12:04.048+0000][84][info ][gc,heap     ] GC(3) Eden regions: 193->0(589)
[2026-07-10T12:12:04.048+0000][84][info ][gc,heap     ] GC(3) Survivor regions: 5->6(75)
[2026-07-10T12:12:04.048+0000][84][info ][gc,heap     ] GC(3) Old regions: 0->0
[2026-07-10T12:12:04.048+0000][84][info ][gc,heap     ] GC(3) Humongous regions: 0->0
[2026-07-10T12:12:04.048+0000][84][info ][gc,metaspace] GC(3) Metaspace: 35272K(35968K)->35272K(35968K) NonClass: 32318K(32704K)->32318K(32704K) Class: 2954K(3264K)->2954K(3264K)
[2026-07-10T12:12:04.048+0000][84][info ][gc          ] GC(3) Pause Young (Concurrent Start) (Metadata GC Threshold) 791M->20M(3968M) 5.859ms
[2026-07-10T12:12:04.048+0000][84][info ][gc,cpu      ] GC(3) User=0.04s Sys=0.01s Real=0.00s
[2026-07-10T12:12:04.048+0000][84][info ][gc          ] GC(4) Concurrent Mark Cycle
[2026-07-10T12:12:04.048+0000][84][info ][gc,marking  ] GC(4) Concurrent Scan Root Regions
[2026-07-10T12:12:04.048+0000][84][info ][safepoint   ] Safepoint "CollectForMetadataAllocation", Time since last: 9243833 ns, Reaching safepoint: 1792 ns, At safepoint: 5965916 ns, Leaving safepoint: 8750 ns, Total: 5976458 ns, Threads: 0 runnable, 20 total
[2026-07-10T12:12:04.050+0000][84][info ][gc,marking  ] GC(4) Concurrent Scan Root Regions 1.326ms
[2026-07-10T12:12:04.050+0000][84][info ][gc,marking  ] GC(4) Concurrent Mark
[2026-07-10T12:12:04.050+0000][84][info ][gc,marking  ] GC(4) Concurrent Mark From Roots
[2026-07-10T12:12:04.050+0000][84][info ][gc,task     ] GC(4) Using 4 workers of 4 for marking
[2026-07-10T12:12:04.050+0000][84][info ][gc,marking  ] GC(4) Concurrent Mark From Roots 0.462ms
[2026-07-10T12:12:04.050+0000][84][info ][gc,marking  ] GC(4) Concurrent Preclean
[2026-07-10T12:12:04.050+0000][84][info ][gc,marking  ] GC(4) Concurrent Preclean 0.020ms
[2026-07-10T12:12:04.051+0000][84][info ][gc,start    ] GC(4) Pause Remark
[2026-07-10T12:12:04.053+0000][84][info ][gc          ] GC(4) Pause Remark 22M->22M(3968M) 2.273ms
[2026-07-10T12:12:04.053+0000][84][info ][gc,cpu      ] GC(4) User=0.01s Sys=0.01s Real=0.01s
[2026-07-10T12:12:04.053+0000][84][info ][safepoint   ] Safepoint "G1PauseRemark", Time since last: 2045959 ns, Reaching safepoint: 85500 ns, At safepoint: 2373916 ns, Leaving safepoint: 16875 ns, Total: 2476291 ns, Threads: 2 runnable, 20 total
[2026-07-10T12:12:04.053+0000][84][info ][gc,marking  ] GC(4) Concurrent Mark 3.173ms
[2026-07-10T12:12:04.053+0000][84][info ][gc,marking  ] GC(4) Concurrent Rebuild Remembered Sets and Scrub Regions
[2026-07-10T12:12:04.053+0000][84][info ][gc,marking  ] GC(4) Concurrent Rebuild Remembered Sets and Scrub Regions 0.099ms
[2026-07-10T12:12:04.053+0000][84][info ][gc,start    ] GC(4) Pause Cleanup
[2026-07-10T12:12:04.053+0000][84][info ][gc          ] GC(4) Pause Cleanup 22M->22M(3968M) 0.024ms
[2026-07-10T12:12:04.053+0000][84][info ][gc,cpu      ] GC(4) User=0.00s Sys=0.00s Real=0.00s
[2026-07-10T12:12:04.053+0000][84][info ][safepoint   ] Safepoint "G1PauseCleanup", Time since last: 284625 ns, Reaching safepoint: 88167 ns, At safepoint: 83833 ns, Leaving safepoint: 12625 ns, Total: 184625 ns, Threads: 2 runnable, 20 total
[2026-07-10T12:12:04.053+0000][84][info ][gc,marking  ] GC(4) Concurrent Clear Claimed Marks
[2026-07-10T12:12:04.054+0000][84][info ][gc,marking  ] GC(4) Concurrent Clear Claimed Marks 0.046ms
[2026-07-10T12:12:04.054+0000][84][info ][gc,marking  ] GC(4) Concurrent Cleanup for Next Mark
[2026-07-10T12:12:04.054+0000][84][info ][gc,marking  ] GC(4) Concurrent Cleanup for Next Mark 0.499ms
[2026-07-10T12:12:04.054+0000][84][info ][gc          ] GC(4) Concurrent Mark Cycle 5.774ms
[2026-07-10T12:12:04.950+0000][84][info ][gc,start    ] GC(5) Pause Young (Concurrent Start) (Metadata GC Threshold)
[2026-07-10T12:12:04.950+0000][84][info ][gc,task     ] GC(5) Using 14 workers of 14 for evacuation
[2026-07-10T12:12:04.950+0000][84][debug][gc,age      ] GC(5) Desired survivor size 157286400 bytes, new threshold 15 (max threshold 15)
[2026-07-10T12:12:04.958+0000][84][info ][gc,phases   ] GC(5)   Pre Evacuate Collection Set: 0.25ms
[2026-07-10T12:12:04.958+0000][84][info ][gc,phases   ] GC(5)   Merge Heap Roots: 0.06ms
[2026-07-10T12:12:04.958+0000][84][info ][gc,phases   ] GC(5)   Evacuate Collection Set: 6.01ms
[2026-07-10T12:12:04.958+0000][84][info ][gc,phases   ] GC(5)   Post Evacuate Collection Set: 1.10ms
[2026-07-10T12:12:04.958+0000][84][info ][gc,phases   ] GC(5)   Other: 0.12ms
[2026-07-10T12:12:04.958+0000][84][trace][gc,age      ] GC(5) Age table:
[2026-07-10T12:12:04.958+0000][84][trace][gc,age      ] GC(5) - age   1:   27249104 bytes,   27249104 total
[2026-07-10T12:12:04.958+0000][84][trace][gc,age      ] GC(5) - age   2:    3718048 bytes,   30967152 total
[2026-07-10T12:12:04.958+0000][84][trace][gc,age      ] GC(5) - age   3:    5179224 bytes,   36146376 total
[2026-07-10T12:12:04.958+0000][84][trace][gc,age      ] GC(5) - age   4:   11202264 bytes,   47348640 total
[2026-07-10T12:12:04.958+0000][84][info ][gc,heap     ] GC(5) Eden regions: 121->0(582)
[2026-07-10T12:12:04.958+0000][84][info ][gc,heap     ] GC(5) Survivor regions: 6->13(75)
[2026-07-10T12:12:04.958+0000][84][info ][gc,heap     ] GC(5) Old regions: 0->0
[2026-07-10T12:12:04.958+0000][84][info ][gc,heap     ] GC(5) Humongous regions: 0->0
[2026-07-10T12:12:04.958+0000][84][info ][gc,metaspace] GC(5) Metaspace: 58736K(60096K)->58736K(60096K) NonClass: 53123K(53952K)->53123K(53952K) Class: 5613K(6144K)->5613K(6144K)
[2026-07-10T12:12:04.958+0000][84][info ][gc          ] GC(5) Pause Young (Concurrent Start) (Metadata GC Threshold) 502M->48M(3968M) 8.008ms
[2026-07-10T12:12:04.958+0000][84][info ][gc,cpu      ] GC(5) User=0.06s Sys=0.00s Real=0.01s
[2026-07-10T12:12:04.958+0000][84][info ][gc          ] GC(6) Concurrent Mark Cycle
[2026-07-10T12:12:04.958+0000][84][info ][safepoint   ] Safepoint "CollectForMetadataAllocation", Time since last: 896435917 ns, Reaching safepoint: 2000 ns, At safepoint: 8154709 ns, Leaving safepoint: 15375 ns, Total: 8172084 ns, Threads: 0 runnable, 21 total
[2026-07-10T12:12:04.958+0000][84][info ][gc,marking  ] GC(6) Concurrent Scan Root Regions
[2026-07-10T12:12:04.960+0000][84][info ][gc,marking  ] GC(6) Concurrent Scan Root Regions 2.059ms
[2026-07-10T12:12:04.960+0000][84][info ][gc,marking  ] GC(6) Concurrent Mark
[2026-07-10T12:12:04.960+0000][84][info ][gc,marking  ] GC(6) Concurrent Mark From Roots
[2026-07-10T12:12:04.960+0000][84][info ][gc,task     ] GC(6) Using 4 workers of 4 for marking
[2026-07-10T12:12:04.960+0000][84][info ][gc,marking  ] GC(6) Concurrent Mark From Roots 0.193ms
[2026-07-10T12:12:04.960+0000][84][info ][gc,marking  ] GC(6) Concurrent Preclean
[2026-07-10T12:12:04.960+0000][84][info ][gc,marking  ] GC(6) Concurrent Preclean 0.024ms
[2026-07-10T12:12:04.961+0000][84][info ][gc,start    ] GC(6) Pause Remark
[2026-07-10T12:12:04.963+0000][84][info ][gc          ] GC(6) Pause Remark 50M->50M(3968M) 2.790ms
[2026-07-10T12:12:04.963+0000][84][info ][gc,cpu      ] GC(6) User=0.01s Sys=0.01s Real=0.01s
[2026-07-10T12:12:04.963+0000][84][info ][safepoint   ] Safepoint "G1PauseRemark", Time since last: 2427083 ns, Reaching safepoint: 90625 ns, At safepoint: 2891625 ns, Leaving safepoint: 5958 ns, Total: 2988208 ns, Threads: 1 runnable, 21 total
[2026-07-10T12:12:04.964+0000][84][info ][gc,marking  ] GC(6) Concurrent Mark 3.337ms
[2026-07-10T12:12:04.964+0000][84][info ][gc,marking  ] GC(6) Concurrent Rebuild Remembered Sets and Scrub Regions
[2026-07-10T12:12:04.964+0000][84][info ][gc,marking  ] GC(6) Concurrent Rebuild Remembered Sets and Scrub Regions 0.069ms
[2026-07-10T12:12:04.964+0000][84][info ][gc,start    ] GC(6) Pause Cleanup
[2026-07-10T12:12:04.964+0000][84][info ][gc          ] GC(6) Pause Cleanup 50M->50M(3968M) 0.030ms
[2026-07-10T12:12:04.964+0000][84][info ][gc,cpu      ] GC(6) User=0.00s Sys=0.00s Real=0.00s
[2026-07-10T12:12:04.964+0000][84][info ][safepoint   ] Safepoint "G1PauseCleanup", Time since last: 180167 ns, Reaching safepoint: 157125 ns, At safepoint: 76417 ns, Leaving safepoint: 3041 ns, Total: 236583 ns, Threads: 1 runnable, 21 total
[2026-07-10T12:12:04.964+0000][84][info ][gc,marking  ] GC(6) Concurrent Clear Claimed Marks
[2026-07-10T12:12:04.964+0000][84][info ][gc,marking  ] GC(6) Concurrent Clear Claimed Marks 0.038ms
[2026-07-10T12:12:04.964+0000][84][info ][gc,marking  ] GC(6) Concurrent Cleanup for Next Mark
[2026-07-10T12:12:04.964+0000][84][info ][gc,marking  ] GC(6) Concurrent Cleanup for Next Mark 0.370ms
[2026-07-10T12:12:04.964+0000][84][info ][gc          ] GC(6) Concurrent Mark Cycle 6.458ms
[2026-07-10T12:12:06.448+0000][84][info ][gc,start    ] GC(7) Pause Young (Concurrent Start) (Metadata GC Threshold)
[2026-07-10T12:12:06.449+0000][84][info ][gc,task     ] GC(7) Using 14 workers of 14 for evacuation
[2026-07-10T12:12:06.449+0000][84][debug][gc,age      ] GC(7) Desired survivor size 157286400 bytes, new threshold 15 (max threshold 15)
[2026-07-10T12:12:06.459+0000][84][info ][gc,phases   ] GC(7)   Pre Evacuate Collection Set: 0.29ms
[2026-07-10T12:12:06.460+0000][84][info ][gc,phases   ] GC(7)   Merge Heap Roots: 0.10ms
[2026-07-10T12:12:06.460+0000][84][info ][gc,phases   ] GC(7)   Evacuate Collection Set: 8.76ms
[2026-07-10T12:12:06.460+0000][84][info ][gc,phases   ] GC(7)   Post Evacuate Collection Set: 1.67ms
[2026-07-10T12:12:06.460+0000][84][info ][gc,phases   ] GC(7)   Other: 0.11ms
[2026-07-10T12:12:06.460+0000][84][trace][gc,age      ] GC(7) Age table:
[2026-07-10T12:12:06.460+0000][84][trace][gc,age      ] GC(7) - age   1:   19668416 bytes,   19668416 total
[2026-07-10T12:12:06.460+0000][84][trace][gc,age      ] GC(7) - age   2:   26701040 bytes,   46369456 total
[2026-07-10T12:12:06.460+0000][84][trace][gc,age      ] GC(7) - age   3:    3707416 bytes,   50076872 total
[2026-07-10T12:12:06.460+0000][84][trace][gc,age      ] GC(7) - age   4:    5151936 bytes,   55228808 total
[2026-07-10T12:12:06.460+0000][84][trace][gc,age      ] GC(7) - age   5:   11178128 bytes,   66406936 total
[2026-07-10T12:12:06.460+0000][84][info ][gc,heap     ] GC(7) Eden regions: 243->0(578)
[2026-07-10T12:12:06.460+0000][84][info ][gc,heap     ] GC(7) Survivor regions: 13->17(75)
[2026-07-10T12:12:06.460+0000][84][info ][gc,heap     ] GC(7) Old regions: 0->0
[2026-07-10T12:12:06.460+0000][84][info ][gc,heap     ] GC(7) Humongous regions: 0->0
[2026-07-10T12:12:06.460+0000][84][info ][gc,metaspace] GC(7) Metaspace: 98475K(100416K)->98475K(100416K) NonClass: 87382K(88512K)->87382K(88512K) Class: 11093K(11904K)->11093K(11904K)
[2026-07-10T12:12:06.460+0000][84][info ][gc          ] GC(7) Pause Young (Concurrent Start) (Metadata GC Threshold) 1018M->68M(3968M) 11.576ms
[2026-07-10T12:12:06.460+0000][84][info ][gc,cpu      ] GC(7) User=0.09s Sys=0.01s Real=0.01s
[2026-07-10T12:12:06.460+0000][84][info ][gc          ] GC(8) Concurrent Mark Cycle
[2026-07-10T12:12:06.460+0000][84][info ][gc,marking  ] GC(8) Concurrent Scan Root Regions
[2026-07-10T12:12:06.460+0000][84][info ][safepoint   ] Safepoint "CollectForMetadataAllocation", Time since last: 1484566251 ns, Reaching safepoint: 2709 ns, At safepoint: 11693416 ns, Leaving safepoint: 8667 ns, Total: 11704792 ns, Threads: 0 runnable, 25 total
[2026-07-10T12:12:06.463+0000][84][info ][gc,marking  ] GC(8) Concurrent Scan Root Regions 3.076ms
[2026-07-10T12:12:06.463+0000][84][info ][gc,marking  ] GC(8) Concurrent Mark
[2026-07-10T12:12:06.463+0000][84][info ][gc,marking  ] GC(8) Concurrent Mark From Roots
[2026-07-10T12:12:06.463+0000][84][info ][gc,task     ] GC(8) Using 4 workers of 4 for marking
[2026-07-10T12:12:06.464+0000][84][info ][gc,marking  ] GC(8) Concurrent Mark From Roots 0.261ms
[2026-07-10T12:12:06.464+0000][84][info ][gc,marking  ] GC(8) Concurrent Preclean
[2026-07-10T12:12:06.464+0000][84][info ][gc,marking  ] GC(8) Concurrent Preclean 0.030ms
[2026-07-10T12:12:06.464+0000][84][info ][gc,start    ] GC(8) Pause Remark
[2026-07-10T12:12:06.467+0000][84][info ][gc          ] GC(8) Pause Remark 70M->70M(3968M) 3.395ms
[2026-07-10T12:12:06.467+0000][84][info ][gc,cpu      ] GC(8) User=0.01s Sys=0.00s Real=0.00s
[2026-07-10T12:12:06.467+0000][84][info ][safepoint   ] Safepoint "G1PauseRemark", Time since last: 3571583 ns, Reaching safepoint: 95959 ns, At safepoint: 3510208 ns, Leaving safepoint: 13458 ns, Total: 3619625 ns, Threads: 2 runnable, 25 total
[2026-07-10T12:12:06.467+0000][84][info ][gc,marking  ] GC(8) Concurrent Mark 4.080ms
[2026-07-10T12:12:06.467+0000][84][info ][gc,marking  ] GC(8) Concurrent Rebuild Remembered Sets and Scrub Regions
[2026-07-10T12:12:06.468+0000][84][info ][gc,marking  ] GC(8) Concurrent Rebuild Remembered Sets and Scrub Regions 0.109ms
[2026-07-10T12:12:06.468+0000][84][info ][gc,start    ] GC(8) Pause Cleanup
[2026-07-10T12:12:06.468+0000][84][info ][gc          ] GC(8) Pause Cleanup 70M->70M(3968M) 0.030ms
[2026-07-10T12:12:06.468+0000][84][info ][gc,cpu      ] GC(8) User=0.01s Sys=0.00s Real=0.00s
[2026-07-10T12:12:06.468+0000][84][info ][safepoint   ] Safepoint "G1PauseCleanup", Time since last: 210500 ns, Reaching safepoint: 1375 ns, At safepoint: 99375 ns, Leaving safepoint: 4917 ns, Total: 105667 ns, Threads: 0 runnable, 25 total
[2026-07-10T12:12:06.468+0000][84][info ][gc,marking  ] GC(8) Concurrent Clear Claimed Marks
[2026-07-10T12:12:06.468+0000][84][info ][gc,marking  ] GC(8) Concurrent Clear Claimed Marks 0.060ms
[2026-07-10T12:12:06.468+0000][84][info ][gc,marking  ] GC(8) Concurrent Cleanup for Next Mark
[2026-07-10T12:12:06.468+0000][84][info ][gc,marking  ] GC(8) Concurrent Cleanup for Next Mark 0.375ms
[2026-07-10T12:12:06.468+0000][84][info ][gc          ] GC(8) Concurrent Mark Cycle 8.103ms
[2026-07-10T13:03:01.629+0000][84][info ][gc,exit     ] Heap
[2026-07-10T13:03:01.629+0000][84][info ][gc,exit     ]  garbage-first heap   total reserved 4063232K, committed 4063232K, used 1282048K [0x0000000708000000, 0x0000000800000000)
[2026-07-10T13:03:01.629+0000][84][info ][gc,exit     ]   region size 4096K, 313 young (1282048K), 17 survivors (69632K)
[2026-07-10T13:03:01.629+0000][84][info ][gc,exit     ]  Metaspace       used 154071K, committed 157632K, reserved 1245184K
[2026-07-10T13:03:01.629+0000][84][info ][gc,exit     ]   class space    used 18665K, committed 20288K, reserved 1048576K
