[2026-07-11T03:19:28.093+0000][84][info][gc,init] CardTable entry size: 512
[2026-07-11T03:19:28.094+0000][84][info][gc     ] Using G1
[2026-07-11T03:19:28.155+0000][84][info][gc,init] Version: 25.0.1+8-27 (release)
[2026-07-11T03:19:28.155+0000][84][info][gc,init] CPUs: 18 total, 18 available
[2026-07-11T03:19:28.155+0000][84][info][gc,init] Memory: 7933M
[2026-07-11T03:19:28.155+0000][84][info][gc,init] Large Page Support: Disabled
[2026-07-11T03:19:28.156+0000][84][info][gc,init] NUMA Support: Disabled
[2026-07-11T03:19:28.156+0000][84][info][gc,init] Compressed Oops: Enabled (Zero based)
[2026-07-11T03:19:28.156+0000][84][info][gc,init] Heap Region Size: 4M
[2026-07-11T03:19:28.156+0000][84][info][gc,init] Heap Min Capacity: 3968M
[2026-07-11T03:19:28.156+0000][84][info][gc,init] Heap Initial Capacity: 3968M
[2026-07-11T03:19:28.156+0000][84][info][gc,init] Heap Max Capacity: 3968M
[2026-07-11T03:19:28.156+0000][84][info][gc,init] Pre-touch: Enabled
[2026-07-11T03:19:28.156+0000][84][info][gc,init] Parallel Workers: 14
[2026-07-11T03:19:28.156+0000][84][info][gc,init] Concurrent Workers: 4
[2026-07-11T03:19:28.156+0000][84][info][gc,init] Concurrent Refinement Workers: 14
[2026-07-11T03:19:28.156+0000][84][info][gc,init] Periodic GC: Disabled
[2026-07-11T03:19:28.156+0000][84][info][gc,metaspace] CDS archive(s) not mapped
[2026-07-11T03:19:28.156+0000][84][info][gc,metaspace] Compressed class space mapped at: 0x0000000073000000-0x00000000b3000000, reserved size: 1073741824
[2026-07-11T03:19:28.156+0000][84][info][gc,metaspace] UseCompressedClassPointers 1, UseCompactObjectHeaders 0
[2026-07-11T03:19:28.156+0000][84][info][gc,metaspace] Narrow klass pointer bits 32, Max shift 3
[2026-07-11T03:19:28.156+0000][84][info][gc,metaspace] Narrow klass base: 0x0000000000000000, Narrow klass shift: 0
[2026-07-11T03:19:28.156+0000][84][info][gc,metaspace] Encoding Range: [0x0000000000000000 - 0x0000000100000000), (4294967296 bytes)
[2026-07-11T03:19:28.156+0000][84][info][gc,metaspace] Klass Range:    [0x0000000073000000 - 0x00000000b3000000), (1073741824 bytes)
[2026-07-11T03:19:28.156+0000][84][info][gc,metaspace] Klass ID Range:  [1929379840 - 3003121657) (1073741817)
[2026-07-11T03:19:28.156+0000][84][info][gc,metaspace] No protection zone.
[2026-07-11T03:19:28.665+0000][84][info][gc,start    ] GC(0) Pause Young (Concurrent Start) (Metadata GC Threshold)
[2026-07-11T03:19:28.666+0000][84][info][gc,task     ] GC(0) Using 14 workers of 14 for evacuation
[2026-07-11T03:19:28.666+0000][84][debug][gc,age      ] GC(0) Desired survivor size 14680064 bytes, new threshold 15 (max threshold 15)
[2026-07-11T03:19:28.675+0000][84][info ][gc,phases   ] GC(0)   Pre Evacuate Collection Set: 2.70ms
[2026-07-11T03:19:28.675+0000][84][info ][gc,phases   ] GC(0)   Merge Heap Roots: 0.09ms
[2026-07-11T03:19:28.675+0000][84][info ][gc,phases   ] GC(0)   Evacuate Collection Set: 5.77ms
[2026-07-11T03:19:28.675+0000][84][info ][gc,phases   ] GC(0)   Post Evacuate Collection Set: 0.65ms
[2026-07-11T03:19:28.675+0000][84][info ][gc,phases   ] GC(0)   Other: 0.21ms
[2026-07-11T03:19:28.675+0000][84][trace][gc,age      ] GC(0) Age table:
[2026-07-11T03:19:28.675+0000][84][trace][gc,age      ] GC(0) - age   1:   11325632 bytes,   11325632 total
[2026-07-11T03:19:28.675+0000][84][info ][gc,heap     ] GC(0) Eden regions: 25->0(305)
[2026-07-11T03:19:28.675+0000][84][info ][gc,heap     ] GC(0) Survivor regions: 0->3(7)
[2026-07-11T03:19:28.675+0000][84][info ][gc,heap     ] GC(0) Old regions: 0->0
[2026-07-11T03:19:28.675+0000][84][info ][gc,heap     ] GC(0) Humongous regions: 0->0
[2026-07-11T03:19:28.675+0000][84][info ][gc,metaspace] GC(0) Metaspace: 21210K(21504K)->21210K(21504K) NonClass: 19442K(19584K)->19442K(19584K) Class: 1768K(1920K)->1768K(1920K)
[2026-07-11T03:19:28.675+0000][84][info ][gc          ] GC(0) Pause Young (Concurrent Start) (Metadata GC Threshold) 100M->11M(3968M) 9.988ms
[2026-07-11T03:19:28.675+0000][84][info ][gc,cpu      ] GC(0) User=0.03s Sys=0.00s Real=0.01s
[2026-07-11T03:19:28.676+0000][84][info ][gc          ] GC(1) Concurrent Mark Cycle
[2026-07-11T03:19:28.676+0000][84][info ][gc,marking  ] GC(1) Concurrent Scan Root Regions
[2026-07-11T03:19:28.676+0000][84][info ][safepoint   ] Safepoint "CollectForMetadataAllocation", Time since last: 495003584 ns, Reaching safepoint: 2125 ns, At safepoint: 10121125 ns, Leaving safepoint: 9375 ns, Total: 10132625 ns, Threads: 0 runnable, 16 total
[2026-07-11T03:19:28.677+0000][84][info ][gc,marking  ] GC(1) Concurrent Scan Root Regions 1.509ms
[2026-07-11T03:19:28.677+0000][84][info ][gc,marking  ] GC(1) Concurrent Mark
[2026-07-11T03:19:28.677+0000][84][info ][gc,marking  ] GC(1) Concurrent Mark From Roots
[2026-07-11T03:19:28.678+0000][84][info ][gc,task     ] GC(1) Using 4 workers of 4 for marking
[2026-07-11T03:19:28.678+0000][84][info ][gc,marking  ] GC(1) Concurrent Mark From Roots 0.374ms
[2026-07-11T03:19:28.678+0000][84][info ][gc,marking  ] GC(1) Concurrent Preclean
[2026-07-11T03:19:28.678+0000][84][info ][gc,marking  ] GC(1) Concurrent Preclean 0.025ms
[2026-07-11T03:19:28.679+0000][84][info ][gc,start    ] GC(1) Pause Remark
[2026-07-11T03:19:28.681+0000][84][info ][gc          ] GC(1) Pause Remark 13M->13M(3968M) 2.094ms
[2026-07-11T03:19:28.681+0000][84][info ][gc,cpu      ] GC(1) User=0.01s Sys=0.00s Real=0.00s
[2026-07-11T03:19:28.684+0000][84][info ][safepoint   ] Safepoint "G1PauseRemark", Time since last: 2390583 ns, Reaching safepoint: 620292 ns, At safepoint: 2232750 ns, Leaving safepoint: 3055916 ns, Total: 5908958 ns, Threads: 1 runnable, 16 total
[2026-07-11T03:19:28.684+0000][84][info ][gc,marking  ] GC(1) Concurrent Mark 6.527ms
[2026-07-11T03:19:28.684+0000][84][info ][gc,marking  ] GC(1) Concurrent Rebuild Remembered Sets and Scrub Regions
[2026-07-11T03:19:28.684+0000][84][info ][gc,marking  ] GC(1) Concurrent Rebuild Remembered Sets and Scrub Regions 0.088ms
[2026-07-11T03:19:28.685+0000][84][info ][gc,start    ] GC(1) Pause Cleanup
[2026-07-11T03:19:28.685+0000][84][info ][gc          ] GC(1) Pause Cleanup 13M->13M(3968M) 0.039ms
[2026-07-11T03:19:28.685+0000][84][info ][gc,cpu      ] GC(1) User=0.00s Sys=0.00s Real=0.00s
[2026-07-11T03:19:28.685+0000][84][info ][safepoint   ] Safepoint "G1PauseCleanup", Time since last: 626667 ns, Reaching safepoint: 69000 ns, At safepoint: 99250 ns, Leaving safepoint: 16250 ns, Total: 184500 ns, Threads: 2 runnable, 16 total
[2026-07-11T03:19:28.687+0000][84][info ][gc,marking  ] GC(1) Concurrent Clear Claimed Marks
[2026-07-11T03:19:28.688+0000][84][info ][gc,marking  ] GC(1) Concurrent Clear Claimed Marks 0.089ms
[2026-07-11T03:19:28.689+0000][84][info ][gc,marking  ] GC(1) Concurrent Cleanup for Next Mark
[2026-07-11T03:19:28.696+0000][84][info ][gc,marking  ] GC(1) Concurrent Cleanup for Next Mark 6.893ms
[2026-07-11T03:19:28.698+0000][84][info ][gc          ] GC(1) Concurrent Mark Cycle 22.098ms
[2026-07-11T03:19:29.441+0000][84][info ][gc,start    ] GC(2) Pause Young (Normal) (G1 Evacuation Pause)
[2026-07-11T03:19:29.441+0000][84][info ][gc,task     ] GC(2) Using 14 workers of 14 for evacuation
[2026-07-11T03:19:29.442+0000][84][debug][gc,age      ] GC(2) Desired survivor size 81788928 bytes, new threshold 15 (max threshold 15)
[2026-07-11T03:19:29.446+0000][84][info ][gc,phases   ] GC(2)   Pre Evacuate Collection Set: 0.18ms
[2026-07-11T03:19:29.447+0000][84][info ][gc,phases   ] GC(2)   Merge Heap Roots: 0.11ms
[2026-07-11T03:19:29.447+0000][84][info ][gc,phases   ] GC(2)   Evacuate Collection Set: 3.52ms
[2026-07-11T03:19:29.447+0000][84][info ][gc,phases   ] GC(2)   Post Evacuate Collection Set: 1.01ms
[2026-07-11T03:19:29.447+0000][84][info ][gc,phases   ] GC(2)   Other: 0.14ms
[2026-07-11T03:19:29.447+0000][84][trace][gc,age      ] GC(2) Age table:
[2026-07-11T03:19:29.447+0000][84][trace][gc,age      ] GC(2) - age   1:    7554608 bytes,    7554608 total
[2026-07-11T03:19:29.447+0000][84][trace][gc,age      ] GC(2) - age   2:   11246232 bytes,   18800840 total
[2026-07-11T03:19:29.447+0000][84][info ][gc,heap     ] GC(2) Eden regions: 305->0(590)
[2026-07-11T03:19:29.447+0000][84][info ][gc,heap     ] GC(2) Survivor regions: 3->5(39)
[2026-07-11T03:19:29.447+0000][84][info ][gc,heap     ] GC(2) Old regions: 0->0
[2026-07-11T03:19:29.447+0000][84][info ][gc,heap     ] GC(2) Humongous regions: 0->0
[2026-07-11T03:19:29.447+0000][84][info ][gc,metaspace] GC(2) Metaspace: 31716K(32384K)->31716K(32384K) NonClass: 29015K(29376K)->29015K(29376K) Class: 2700K(3008K)->2700K(3008K)
[2026-07-11T03:19:29.447+0000][84][info ][gc          ] GC(2) Pause Young (Normal) (G1 Evacuation Pause) 1231M->19M(3968M) 5.572ms
[2026-07-11T03:19:29.447+0000][84][info ][gc,cpu      ] GC(2) User=0.05s Sys=0.00s Real=0.01s
[2026-07-11T03:19:29.447+0000][84][info ][safepoint   ] Safepoint "G1CollectForAllocation", Time since last: 756685917 ns, Reaching safepoint: 2833 ns, At safepoint: 5637459 ns, Leaving safepoint: 23666 ns, Total: 5663958 ns, Threads: 0 runnable, 19 total
[2026-07-11T03:19:29.716+0000][84][info ][safepoint   ] Safepoint "SetNotifyJvmtiEventsMode", Time since last: 268910542 ns, Reaching safepoint: 96542 ns, At safepoint: 5333 ns, Leaving safepoint: 3458 ns, Total: 105333 ns, Threads: 1 runnable, 20 total
[2026-07-11T03:19:29.806+0000][84][info ][safepoint   ] Safepoint "RedefineClasses", Time since last: 80061209 ns, Reaching safepoint: 2625 ns, At safepoint: 9851750 ns, Leaving safepoint: 7500 ns, Total: 9861875 ns, Threads: 0 runnable, 20 total
[2026-07-11T03:19:29.823+0000][84][info ][gc,start    ] GC(3) Pause Young (Concurrent Start) (Metadata GC Threshold)
[2026-07-11T03:19:29.823+0000][84][info ][gc,task     ] GC(3) Using 14 workers of 14 for evacuation
[2026-07-11T03:19:29.823+0000][84][debug][gc,age      ] GC(3) Desired survivor size 157286400 bytes, new threshold 15 (max threshold 15)
[2026-07-11T03:19:29.829+0000][84][info ][gc,phases   ] GC(3)   Pre Evacuate Collection Set: 0.25ms
[2026-07-11T03:19:29.829+0000][84][info ][gc,phases   ] GC(3)   Merge Heap Roots: 0.12ms
[2026-07-11T03:19:29.829+0000][84][info ][gc,phases   ] GC(3)   Evacuate Collection Set: 4.44ms
[2026-07-11T03:19:29.829+0000][84][info ][gc,phases   ] GC(3)   Post Evacuate Collection Set: 1.15ms
[2026-07-11T03:19:29.829+0000][84][info ][gc,phases   ] GC(3)   Other: 0.13ms
[2026-07-11T03:19:29.829+0000][84][trace][gc,age      ] GC(3) Age table:
[2026-07-11T03:19:29.829+0000][84][trace][gc,age      ] GC(3) - age   1:    2991024 bytes,    2991024 total
[2026-07-11T03:19:29.829+0000][84][trace][gc,age      ] GC(3) - age   2:    6280560 bytes,    9271584 total
[2026-07-11T03:19:29.829+0000][84][trace][gc,age      ] GC(3) - age   3:   11227656 bytes,   20499240 total
[2026-07-11T03:19:29.829+0000][84][info ][gc,heap     ] GC(3) Eden regions: 145->0(589)
[2026-07-11T03:19:29.829+0000][84][info ][gc,heap     ] GC(3) Survivor regions: 5->6(75)
[2026-07-11T03:19:29.829+0000][84][info ][gc,heap     ] GC(3) Old regions: 0->0
[2026-07-11T03:19:29.829+0000][84][info ][gc,heap     ] GC(3) Humongous regions: 0->0
[2026-07-11T03:19:29.829+0000][84][info ][gc,metaspace] GC(3) Metaspace: 35307K(35968K)->35307K(35968K) NonClass: 32344K(32704K)->32344K(32704K) Class: 2963K(3264K)->2963K(3264K)
[2026-07-11T03:19:29.829+0000][84][info ][gc          ] GC(3) Pause Young (Concurrent Start) (Metadata GC Threshold) 599M->21M(3968M) 6.861ms
[2026-07-11T03:19:29.829+0000][84][info ][gc          ] GC(4) Concurrent Mark Cycle
[2026-07-11T03:19:29.830+0000][84][info ][gc,marking  ] GC(4) Concurrent Scan Root Regions
[2026-07-11T03:19:29.829+0000][84][info ][gc,cpu      ] GC(3) User=0.04s Sys=0.00s Real=0.01s
[2026-07-11T03:19:29.830+0000][84][info ][safepoint   ] Safepoint "CollectForMetadataAllocation", Time since last: 16497458 ns, Reaching safepoint: 70125 ns, At safepoint: 7182167 ns, Leaving safepoint: 25458 ns, Total: 7277750 ns, Threads: 1 runnable, 20 total
[2026-07-11T03:19:29.831+0000][84][info ][gc,marking  ] GC(4) Concurrent Scan Root Regions 1.669ms
[2026-07-11T03:19:29.831+0000][84][info ][gc,marking  ] GC(4) Concurrent Mark
[2026-07-11T03:19:29.831+0000][84][info ][gc,marking  ] GC(4) Concurrent Mark From Roots
[2026-07-11T03:19:29.831+0000][84][info ][gc,task     ] GC(4) Using 4 workers of 4 for marking
[2026-07-11T03:19:29.832+0000][84][info ][gc,marking  ] GC(4) Concurrent Mark From Roots 1.089ms
[2026-07-11T03:19:29.833+0000][84][info ][gc,marking  ] GC(4) Concurrent Preclean
[2026-07-11T03:19:29.833+0000][84][info ][gc,marking  ] GC(4) Concurrent Preclean 0.043ms
[2026-07-11T03:19:29.833+0000][84][info ][gc,start    ] GC(4) Pause Remark
[2026-07-11T03:19:29.835+0000][84][info ][gc          ] GC(4) Pause Remark 23M->23M(3968M) 2.469ms
[2026-07-11T03:19:29.835+0000][84][info ][gc,cpu      ] GC(4) User=0.01s Sys=0.00s Real=0.01s
[2026-07-11T03:19:29.836+0000][84][info ][safepoint   ] Safepoint "G1PauseRemark", Time since last: 3075792 ns, Reaching safepoint: 94416 ns, At safepoint: 2594167 ns, Leaving safepoint: 19583 ns, Total: 2708166 ns, Threads: 1 runnable, 20 total
[2026-07-11T03:19:29.836+0000][84][info ][gc,marking  ] GC(4) Concurrent Mark 4.362ms
[2026-07-11T03:19:29.836+0000][84][info ][gc,marking  ] GC(4) Concurrent Rebuild Remembered Sets and Scrub Regions
[2026-07-11T03:19:29.836+0000][84][info ][gc,marking  ] GC(4) Concurrent Rebuild Remembered Sets and Scrub Regions 0.116ms
[2026-07-11T03:19:29.836+0000][84][info ][gc,start    ] GC(4) Pause Cleanup
[2026-07-11T03:19:29.836+0000][84][info ][gc          ] GC(4) Pause Cleanup 23M->23M(3968M) 0.063ms
[2026-07-11T03:19:29.836+0000][84][info ][gc,cpu      ] GC(4) User=0.00s Sys=0.00s Real=0.00s
[2026-07-11T03:19:29.836+0000][84][info ][safepoint   ] Safepoint "G1PauseCleanup", Time since last: 469875 ns, Reaching safepoint: 2834 ns, At safepoint: 137416 ns, Leaving safepoint: 4417 ns, Total: 144667 ns, Threads: 0 runnable, 20 total
[2026-07-11T03:19:29.836+0000][84][info ][gc,marking  ] GC(4) Concurrent Clear Claimed Marks
[2026-07-11T03:19:29.836+0000][84][info ][gc,marking  ] GC(4) Concurrent Clear Claimed Marks 0.075ms
[2026-07-11T03:19:29.836+0000][84][info ][gc,marking  ] GC(4) Concurrent Cleanup for Next Mark
[2026-07-11T03:19:29.838+0000][84][info ][gc,marking  ] GC(4) Concurrent Cleanup for Next Mark 1.473ms
[2026-07-11T03:19:29.838+0000][84][info ][gc          ] GC(4) Concurrent Mark Cycle 8.436ms
[2026-07-11T03:19:30.834+0000][84][info ][gc,start    ] GC(5) Pause Young (Concurrent Start) (Metadata GC Threshold)
[2026-07-11T03:19:30.834+0000][84][info ][gc,task     ] GC(5) Using 14 workers of 14 for evacuation
[2026-07-11T03:19:30.835+0000][84][debug][gc,age      ] GC(5) Desired survivor size 157286400 bytes, new threshold 15 (max threshold 15)
[2026-07-11T03:19:30.843+0000][84][info ][gc,phases   ] GC(5)   Pre Evacuate Collection Set: 0.31ms
[2026-07-11T03:19:30.843+0000][84][info ][gc,phases   ] GC(5)   Merge Heap Roots: 0.13ms
[2026-07-11T03:19:30.843+0000][84][info ][gc,phases   ] GC(5)   Evacuate Collection Set: 6.24ms
[2026-07-11T03:19:30.843+0000][84][info ][gc,phases   ] GC(5)   Post Evacuate Collection Set: 1.23ms
[2026-07-11T03:19:30.843+0000][84][info ][gc,phases   ] GC(5)   Other: 0.16ms
[2026-07-11T03:19:30.843+0000][84][trace][gc,age      ] GC(5) Age table:
[2026-07-11T03:19:30.843+0000][84][trace][gc,age      ] GC(5) - age   1:   27280112 bytes,   27280112 total
[2026-07-11T03:19:30.843+0000][84][trace][gc,age      ] GC(5) - age   2:    2656136 bytes,   29936248 total
[2026-07-11T03:19:30.843+0000][84][trace][gc,age      ] GC(5) - age   3:    6246880 bytes,   36183128 total
[2026-07-11T03:19:30.843+0000][84][trace][gc,age      ] GC(5) - age   4:   11203408 bytes,   47386536 total
[2026-07-11T03:19:30.843+0000][84][info ][gc,heap     ] GC(5) Eden regions: 121->0(582)
[2026-07-11T03:19:30.843+0000][84][info ][gc,heap     ] GC(5) Survivor regions: 6->13(75)
[2026-07-11T03:19:30.843+0000][84][info ][gc,heap     ] GC(5) Old regions: 0->0
[2026-07-11T03:19:30.843+0000][84][info ][gc,heap     ] GC(5) Humongous regions: 0->0
[2026-07-11T03:19:30.843+0000][84][info ][gc,metaspace] GC(5) Metaspace: 58814K(60160K)->58814K(60160K) NonClass: 53192K(54016K)->53192K(54016K) Class: 5622K(6144K)->5622K(6144K)
[2026-07-11T03:19:30.843+0000][84][info ][gc          ] GC(5) Pause Young (Concurrent Start) (Metadata GC Threshold) 505M->48M(3968M) 8.557ms
[2026-07-11T03:19:30.843+0000][84][info ][gc          ] GC(6) Concurrent Mark Cycle
[2026-07-11T03:19:30.843+0000][84][info ][gc,marking  ] GC(6) Concurrent Scan Root Regions
[2026-07-11T03:19:30.843+0000][84][info ][gc,cpu      ] GC(5) User=0.07s Sys=0.01s Real=0.00s
[2026-07-11T03:19:30.843+0000][84][info ][safepoint   ] Safepoint "CollectForMetadataAllocation", Time since last: 998246209 ns, Reaching safepoint: 2792 ns, At safepoint: 8785375 ns, Leaving safepoint: 6541 ns, Total: 8794708 ns, Threads: 0 runnable, 21 total
[2026-07-11T03:19:30.845+0000][84][info ][gc,marking  ] GC(6) Concurrent Scan Root Regions 1.908ms
[2026-07-11T03:19:30.845+0000][84][info ][gc,marking  ] GC(6) Concurrent Mark
[2026-07-11T03:19:30.845+0000][84][info ][gc,marking  ] GC(6) Concurrent Mark From Roots
[2026-07-11T03:19:30.845+0000][84][info ][gc,task     ] GC(6) Using 4 workers of 4 for marking
[2026-07-11T03:19:30.845+0000][84][info ][gc,marking  ] GC(6) Concurrent Mark From Roots 0.279ms
[2026-07-11T03:19:30.845+0000][84][info ][gc,marking  ] GC(6) Concurrent Preclean
[2026-07-11T03:19:30.845+0000][84][info ][gc,marking  ] GC(6) Concurrent Preclean 0.039ms
[2026-07-11T03:19:30.846+0000][84][info ][gc,start    ] GC(6) Pause Remark
[2026-07-11T03:19:30.849+0000][84][info ][gc          ] GC(6) Pause Remark 50M->50M(3968M) 3.055ms
[2026-07-11T03:19:30.849+0000][84][info ][gc,cpu      ] GC(6) User=0.01s Sys=0.00s Real=0.00s
[2026-07-11T03:19:30.849+0000][84][info ][safepoint   ] Safepoint "G1PauseRemark", Time since last: 2255667 ns, Reaching safepoint: 71167 ns, At safepoint: 3127250 ns, Leaving safepoint: 4875 ns, Total: 3203292 ns, Threads: 1 runnable, 21 total
[2026-07-11T03:19:30.849+0000][84][info ][gc,marking  ] GC(6) Concurrent Mark 3.648ms
[2026-07-11T03:19:30.849+0000][84][info ][gc,marking  ] GC(6) Concurrent Rebuild Remembered Sets and Scrub Regions
[2026-07-11T03:19:30.849+0000][84][info ][gc,marking  ] GC(6) Concurrent Rebuild Remembered Sets and Scrub Regions 0.101ms
[2026-07-11T03:19:30.849+0000][84][info ][gc,start    ] GC(6) Pause Cleanup
[2026-07-11T03:19:30.849+0000][84][info ][gc          ] GC(6) Pause Cleanup 50M->50M(3968M) 0.025ms
[2026-07-11T03:19:30.849+0000][84][info ][gc,cpu      ] GC(6) User=0.00s Sys=0.00s Real=0.00s
[2026-07-11T03:19:30.849+0000][84][info ][safepoint   ] Safepoint "G1PauseCleanup", Time since last: 180250 ns, Reaching safepoint: 77250 ns, At safepoint: 64250 ns, Leaving safepoint: 3083 ns, Total: 144583 ns, Threads: 1 runnable, 21 total
[2026-07-11T03:19:30.849+0000][84][info ][gc,marking  ] GC(6) Concurrent Clear Claimed Marks
[2026-07-11T03:19:30.849+0000][84][info ][gc,marking  ] GC(6) Concurrent Clear Claimed Marks 0.069ms
[2026-07-11T03:19:30.849+0000][84][info ][gc,marking  ] GC(6) Concurrent Cleanup for Next Mark
[2026-07-11T03:19:30.850+0000][84][info ][gc,marking  ] GC(6) Concurrent Cleanup for Next Mark 0.397ms
[2026-07-11T03:19:30.850+0000][84][info ][gc          ] GC(6) Concurrent Mark Cycle 6.503ms
[2026-07-11T03:19:32.408+0000][84][info ][gc,start    ] GC(7) Pause Young (Concurrent Start) (Metadata GC Threshold)
[2026-07-11T03:19:32.408+0000][84][info ][gc,task     ] GC(7) Using 14 workers of 14 for evacuation
[2026-07-11T03:19:32.408+0000][84][debug][gc,age      ] GC(7) Desired survivor size 157286400 bytes, new threshold 15 (max threshold 15)
[2026-07-11T03:19:32.419+0000][84][info ][gc,phases   ] GC(7)   Pre Evacuate Collection Set: 0.33ms
[2026-07-11T03:19:32.419+0000][84][info ][gc,phases   ] GC(7)   Merge Heap Roots: 0.10ms
[2026-07-11T03:19:32.419+0000][84][info ][gc,phases   ] GC(7)   Evacuate Collection Set: 9.12ms
[2026-07-11T03:19:32.419+0000][84][info ][gc,phases   ] GC(7)   Post Evacuate Collection Set: 1.66ms
[2026-07-11T03:19:32.419+0000][84][info ][gc,phases   ] GC(7)   Other: 0.12ms
[2026-07-11T03:19:32.419+0000][84][trace][gc,age      ] GC(7) Age table:
[2026-07-11T03:19:32.419+0000][84][trace][gc,age      ] GC(7) - age   1:   19706608 bytes,   19706608 total
[2026-07-11T03:19:32.419+0000][84][trace][gc,age      ] GC(7) - age   2:   26707552 bytes,   46414160 total
[2026-07-11T03:19:32.419+0000][84][trace][gc,age      ] GC(7) - age   3:    2646144 bytes,   49060304 total
[2026-07-11T03:19:32.419+0000][84][trace][gc,age      ] GC(7) - age   4:    6218480 bytes,   55278784 total
[2026-07-11T03:19:32.419+0000][84][trace][gc,age      ] GC(7) - age   5:   11179272 bytes,   66458056 total
[2026-07-11T03:19:32.419+0000][84][info ][gc,heap     ] GC(7) Eden regions: 243->0(577)
[2026-07-11T03:19:32.419+0000][84][info ][gc,heap     ] GC(7) Survivor regions: 13->18(75)
[2026-07-11T03:19:32.419+0000][84][info ][gc,heap     ] GC(7) Old regions: 0->0
[2026-07-11T03:19:32.420+0000][84][info ][gc,heap     ] GC(7) Humongous regions: 0->0
[2026-07-11T03:19:32.420+0000][84][info ][gc,metaspace] GC(7) Metaspace: 98599K(100480K)->98599K(100480K) NonClass: 87496K(88576K)->87496K(88576K) Class: 11103K(11904K)->11103K(11904K)
[2026-07-11T03:19:32.420+0000][84][info ][gc          ] GC(7) Pause Young (Concurrent Start) (Metadata GC Threshold) 1018M->69M(3968M) 11.934ms
[2026-07-11T03:19:32.420+0000][84][info ][gc,cpu      ] GC(7) User=0.10s Sys=0.01s Real=0.01s
[2026-07-11T03:19:32.420+0000][84][info ][gc          ] GC(8) Concurrent Mark Cycle
[2026-07-11T03:19:32.420+0000][84][info ][gc,marking  ] GC(8) Concurrent Scan Root Regions
[2026-07-11T03:19:32.420+0000][84][info ][safepoint   ] Safepoint "CollectForMetadataAllocation", Time since last: 1558639792 ns, Reaching safepoint: 2375 ns, At safepoint: 12059750 ns, Leaving safepoint: 9917 ns, Total: 12072042 ns, Threads: 0 runnable, 25 total
[2026-07-11T03:19:32.423+0000][84][info ][gc,marking  ] GC(8) Concurrent Scan Root Regions 3.157ms
[2026-07-11T03:19:32.423+0000][84][info ][gc,marking  ] GC(8) Concurrent Mark
[2026-07-11T03:19:32.423+0000][84][info ][gc,marking  ] GC(8) Concurrent Mark From Roots
[2026-07-11T03:19:32.423+0000][84][info ][gc,task     ] GC(8) Using 4 workers of 4 for marking
[2026-07-11T03:19:32.423+0000][84][info ][gc,marking  ] GC(8) Concurrent Mark From Roots 0.233ms
[2026-07-11T03:19:32.423+0000][84][info ][gc,marking  ] GC(8) Concurrent Preclean
[2026-07-11T03:19:32.423+0000][84][info ][gc,marking  ] GC(8) Concurrent Preclean 0.026ms
[2026-07-11T03:19:32.423+0000][84][info ][gc,start    ] GC(8) Pause Remark
[2026-07-11T03:19:32.427+0000][84][info ][gc          ] GC(8) Pause Remark 71M->71M(3968M) 3.389ms
[2026-07-11T03:19:32.427+0000][84][info ][gc,cpu      ] GC(8) User=0.01s Sys=0.00s Real=0.01s
[2026-07-11T03:19:32.427+0000][84][info ][safepoint   ] Safepoint "G1PauseRemark", Time since last: 3577125 ns, Reaching safepoint: 2708 ns, At safepoint: 3507042 ns, Leaving safepoint: 5500 ns, Total: 3515250 ns, Threads: 1 runnable, 25 total
[2026-07-11T03:19:32.427+0000][84][info ][gc,marking  ] GC(8) Concurrent Mark 3.911ms
[2026-07-11T03:19:32.427+0000][84][info ][gc,marking  ] GC(8) Concurrent Rebuild Remembered Sets and Scrub Regions
[2026-07-11T03:19:32.427+0000][84][info ][gc,marking  ] GC(8) Concurrent Rebuild Remembered Sets and Scrub Regions 0.078ms
[2026-07-11T03:19:32.427+0000][84][info ][gc,start    ] GC(8) Pause Cleanup
[2026-07-11T03:19:32.427+0000][84][info ][gc          ] GC(8) Pause Cleanup 71M->71M(3968M) 0.027ms
[2026-07-11T03:19:32.427+0000][84][info ][gc,cpu      ] GC(8) User=0.00s Sys=0.00s Real=0.00s
[2026-07-11T03:19:32.427+0000][84][info ][safepoint   ] Safepoint "G1PauseCleanup", Time since last: 174542 ns, Reaching safepoint: 94166 ns, At safepoint: 72417 ns, Leaving safepoint: 3208 ns, Total: 169791 ns, Threads: 1 runnable, 25 total
[2026-07-11T03:19:32.427+0000][84][info ][gc,marking  ] GC(8) Concurrent Clear Claimed Marks
[2026-07-11T03:19:32.427+0000][84][info ][gc,marking  ] GC(8) Concurrent Clear Claimed Marks 0.074ms
[2026-07-11T03:19:32.427+0000][84][info ][gc,marking  ] GC(8) Concurrent Cleanup for Next Mark
[2026-07-11T03:19:32.428+0000][84][info ][gc,marking  ] GC(8) Concurrent Cleanup for Next Mark 0.352ms
[2026-07-11T03:19:32.428+0000][84][info ][gc          ] GC(8) Concurrent Mark Cycle 8.021ms
[2026-07-11T08:50:28.998+0000][84][info ][gc,start    ] GC(9) Pause Young (Normal) (G1 Evacuation Pause)
[2026-07-11T08:50:28.999+0000][84][info ][gc,task     ] GC(9) Using 14 workers of 14 for evacuation
[2026-07-11T08:50:28.999+0000][84][debug][gc,age      ] GC(9) Desired survivor size 157286400 bytes, new threshold 15 (max threshold 15)
[2026-07-11T08:50:29.054+0000][84][info ][gc,phases   ] GC(9)   Pre Evacuate Collection Set: 0.50ms
[2026-07-11T08:50:29.054+0000][84][info ][gc,phases   ] GC(9)   Merge Heap Roots: 0.23ms
[2026-07-11T08:50:29.054+0000][84][info ][gc,phases   ] GC(9)   Evacuate Collection Set: 48.94ms
[2026-07-11T08:50:29.054+0000][84][info ][gc,phases   ] GC(9)   Post Evacuate Collection Set: 5.04ms
[2026-07-11T08:50:29.054+0000][84][info ][gc,phases   ] GC(9)   Other: 0.56ms
[2026-07-11T08:50:29.054+0000][84][trace][gc,age      ] GC(9) Age table:
[2026-07-11T08:50:29.054+0000][84][trace][gc,age      ] GC(9) - age   1:   57171800 bytes,   57171800 total
[2026-07-11T08:50:29.054+0000][84][trace][gc,age      ] GC(9) - age   2:   19136760 bytes,   76308560 total
[2026-07-11T08:50:29.054+0000][84][trace][gc,age      ] GC(9) - age   3:   26553512 bytes,  102862072 total
[2026-07-11T08:50:29.054+0000][84][trace][gc,age      ] GC(9) - age   4:    2640584 bytes,  105502656 total
[2026-07-11T08:50:29.054+0000][84][trace][gc,age      ] GC(9) - age   5:    6044960 bytes,  111547616 total
[2026-07-11T08:50:29.054+0000][84][trace][gc,age      ] GC(9) - age   6:   11166448 bytes,  122714064 total
[2026-07-11T08:50:29.054+0000][84][info ][gc,heap     ] GC(9) Eden regions: 577->0(563)
[2026-07-11T08:50:29.054+0000][84][info ][gc,heap     ] GC(9) Survivor regions: 18->32(75)
[2026-07-11T08:50:29.054+0000][84][info ][gc,heap     ] GC(9) Old regions: 0->0
[2026-07-11T08:50:29.055+0000][84][info ][gc,heap     ] GC(9) Humongous regions: 0->0
[2026-07-11T08:50:29.055+0000][84][info ][gc,metaspace] GC(9) Metaspace: 155142K(158720K)->155142K(158720K) NonClass: 136536K(138496K)->136536K(138496K) Class: 18606K(20224K)->18606K(20224K)
[2026-07-11T08:50:29.055+0000][84][info ][gc          ] GC(9) Pause Young (Normal) (G1 Evacuation Pause) 2377M->128M(3968M) 56.117ms
[2026-07-11T08:50:29.055+0000][84][info ][gc,cpu      ] GC(9) User=0.65s Sys=0.00s Real=0.06s
[2026-07-11T08:50:29.055+0000][84][info ][safepoint   ] Safepoint "G1CollectForAllocation", Time since last: 15984592369820 ns, Reaching safepoint: 13833 ns, At safepoint: 56208083 ns, Leaving safepoint: 17959 ns, Total: 56239875 ns, Threads: 0 runnable, 116 total
[2026-07-11T09:09:05.222+0000][84][info ][gc,exit     ] Heap
[2026-07-11T09:09:05.222+0000][84][info ][gc,exit     ]  garbage-first heap   total reserved 4063232K, committed 4063232K, used 324708K [0x0000000708000000, 0x0000000800000000)
[2026-07-11T09:09:05.222+0000][84][info ][gc,exit     ]   region size 4096K, 80 young (327680K), 32 survivors (131072K)
[2026-07-11T09:09:05.222+0000][84][info ][gc,exit     ]  Metaspace       used 155588K, committed 159168K, reserved 1245184K
[2026-07-11T09:09:05.223+0000][84][info ][gc,exit     ]   class space    used 18696K, committed 20352K, reserved 1048576K
