[2026-07-10T11:58:52.048+0000][85][info][gc,init] CardTable entry size: 512
[2026-07-10T11:58:52.049+0000][85][info][gc     ] Using G1
[2026-07-10T11:58:52.341+0000][85][info][gc,init] Version: 25.0.1+8-27 (release)
[2026-07-10T11:58:52.341+0000][85][info][gc,init] CPUs: 18 total, 18 available
[2026-07-10T11:58:52.341+0000][85][info][gc,init] Memory: 7933M
[2026-07-10T11:58:52.341+0000][85][info][gc,init] Large Page Support: Disabled
[2026-07-10T11:58:52.341+0000][85][info][gc,init] NUMA Support: Disabled
[2026-07-10T11:58:52.341+0000][85][info][gc,init] Compressed Oops: Enabled (Zero based)
[2026-07-10T11:58:52.341+0000][85][info][gc,init] Heap Region Size: 4M
[2026-07-10T11:58:52.341+0000][85][info][gc,init] Heap Min Capacity: 3968M
[2026-07-10T11:58:52.341+0000][85][info][gc,init] Heap Initial Capacity: 3968M
[2026-07-10T11:58:52.341+0000][85][info][gc,init] Heap Max Capacity: 3968M
[2026-07-10T11:58:52.341+0000][85][info][gc,init] Pre-touch: Enabled
[2026-07-10T11:58:52.341+0000][85][info][gc,init] Parallel Workers: 14
[2026-07-10T11:58:52.341+0000][85][info][gc,init] Concurrent Workers: 4
[2026-07-10T11:58:52.341+0000][85][info][gc,init] Concurrent Refinement Workers: 14
[2026-07-10T11:58:52.341+0000][85][info][gc,init] Periodic GC: Disabled
[2026-07-10T11:58:52.341+0000][85][info][gc,metaspace] CDS archive(s) not mapped
[2026-07-10T11:58:52.341+0000][85][info][gc,metaspace] Compressed class space mapped at: 0x0000000007000000-0x0000000047000000, reserved size: 1073741824
[2026-07-10T11:58:52.341+0000][85][info][gc,metaspace] UseCompressedClassPointers 1, UseCompactObjectHeaders 0
[2026-07-10T11:58:52.341+0000][85][info][gc,metaspace] Narrow klass pointer bits 32, Max shift 3
[2026-07-10T11:58:52.341+0000][85][info][gc,metaspace] Narrow klass base: 0x0000000000000000, Narrow klass shift: 0
[2026-07-10T11:58:52.341+0000][85][info][gc,metaspace] Encoding Range: [0x0000000000000000 - 0x0000000100000000), (4294967296 bytes)
[2026-07-10T11:58:52.341+0000][85][info][gc,metaspace] Klass Range:    [0x0000000007000000 - 0x0000000047000000), (1073741824 bytes)
[2026-07-10T11:58:52.342+0000][85][info][gc,metaspace] Klass ID Range:  [117440512 - 1191182329) (1073741817)
[2026-07-10T11:58:52.342+0000][85][info][gc,metaspace] No protection zone.
[2026-07-10T11:58:52.969+0000][85][info][gc,start    ] GC(0) Pause Young (Concurrent Start) (Metadata GC Threshold)
[2026-07-10T11:58:52.969+0000][85][info][gc,task     ] GC(0) Using 14 workers of 14 for evacuation
[2026-07-10T11:58:52.969+0000][85][debug][gc,age      ] GC(0) Desired survivor size 14680064 bytes, new threshold 15 (max threshold 15)
[2026-07-10T11:58:52.974+0000][85][info ][gc,phases   ] GC(0)   Pre Evacuate Collection Set: 0.41ms
[2026-07-10T11:58:52.974+0000][85][info ][gc,phases   ] GC(0)   Merge Heap Roots: 0.08ms
[2026-07-10T11:58:52.974+0000][85][info ][gc,phases   ] GC(0)   Evacuate Collection Set: 3.34ms
[2026-07-10T11:58:52.974+0000][85][info ][gc,phases   ] GC(0)   Post Evacuate Collection Set: 0.71ms
[2026-07-10T11:58:52.974+0000][85][info ][gc,phases   ] GC(0)   Other: 0.25ms
[2026-07-10T11:58:52.974+0000][85][trace][gc,age      ] GC(0) Age table:
[2026-07-10T11:58:52.974+0000][85][trace][gc,age      ] GC(0) - age   1:   11323088 bytes,   11323088 total
[2026-07-10T11:58:52.974+0000][85][info ][gc,heap     ] GC(0) Eden regions: 25->0(222)
[2026-07-10T11:58:52.974+0000][85][info ][gc,heap     ] GC(0) Survivor regions: 0->3(7)
[2026-07-10T11:58:52.974+0000][85][info ][gc,heap     ] GC(0) Old regions: 0->0
[2026-07-10T11:58:52.974+0000][85][info ][gc,heap     ] GC(0) Humongous regions: 0->0
[2026-07-10T11:58:52.974+0000][85][info ][gc,metaspace] GC(0) Metaspace: 21207K(21504K)->21207K(21504K) NonClass: 19439K(19584K)->19439K(19584K) Class: 1768K(1920K)->1768K(1920K)
[2026-07-10T11:58:52.975+0000][85][info ][gc          ] GC(0) Pause Young (Concurrent Start) (Metadata GC Threshold) 100M->11M(3968M) 5.613ms
[2026-07-10T11:58:52.975+0000][85][info ][gc,cpu      ] GC(0) User=0.04s Sys=0.00s Real=0.01s
[2026-07-10T11:58:52.975+0000][85][info ][gc          ] GC(1) Concurrent Mark Cycle
[2026-07-10T11:58:52.975+0000][85][info ][gc,marking  ] GC(1) Concurrent Scan Root Regions
[2026-07-10T11:58:52.975+0000][85][info ][safepoint   ] Safepoint "CollectForMetadataAllocation", Time since last: 616869542 ns, Reaching safepoint: 2708 ns, At safepoint: 5793250 ns, Leaving safepoint: 25125 ns, Total: 5821083 ns, Threads: 0 runnable, 18 total
[2026-07-10T11:58:52.976+0000][85][info ][gc,marking  ] GC(1) Concurrent Scan Root Regions 1.364ms
[2026-07-10T11:58:52.976+0000][85][info ][gc,marking  ] GC(1) Concurrent Mark
[2026-07-10T11:58:52.976+0000][85][info ][gc,marking  ] GC(1) Concurrent Mark From Roots
[2026-07-10T11:58:52.977+0000][85][info ][gc,task     ] GC(1) Using 4 workers of 4 for marking
[2026-07-10T11:58:52.977+0000][85][info ][gc,marking  ] GC(1) Concurrent Mark From Roots 0.522ms
[2026-07-10T11:58:52.977+0000][85][info ][gc,marking  ] GC(1) Concurrent Preclean
[2026-07-10T11:58:52.977+0000][85][info ][gc,marking  ] GC(1) Concurrent Preclean 0.063ms
[2026-07-10T11:58:52.977+0000][85][info ][gc,start    ] GC(1) Pause Remark
[2026-07-10T11:58:52.979+0000][85][info ][gc          ] GC(1) Pause Remark 13M->13M(3968M) 1.305ms
[2026-07-10T11:58:52.979+0000][85][info ][gc,cpu      ] GC(1) User=0.01s Sys=0.00s Real=0.00s
[2026-07-10T11:58:52.979+0000][85][info ][safepoint   ] Safepoint "G1PauseRemark", Time since last: 2634959 ns, Reaching safepoint: 97541 ns, At safepoint: 1461000 ns, Leaving safepoint: 8250 ns, Total: 1566791 ns, Threads: 1 runnable, 18 total
[2026-07-10T11:58:52.979+0000][85][info ][gc,marking  ] GC(1) Concurrent Mark 2.590ms
[2026-07-10T11:58:52.979+0000][85][info ][gc,marking  ] GC(1) Concurrent Rebuild Remembered Sets and Scrub Regions
[2026-07-10T11:58:52.979+0000][85][info ][gc,marking  ] GC(1) Concurrent Rebuild Remembered Sets and Scrub Regions 0.158ms
[2026-07-10T11:58:52.979+0000][85][info ][gc,start    ] GC(1) Pause Cleanup
[2026-07-10T11:58:52.979+0000][85][info ][gc          ] GC(1) Pause Cleanup 13M->13M(3968M) 0.055ms
[2026-07-10T11:58:52.979+0000][85][info ][gc,cpu      ] GC(1) User=0.00s Sys=0.00s Real=0.00s
[2026-07-10T11:58:52.980+0000][85][info ][safepoint   ] Safepoint "G1PauseCleanup", Time since last: 372500 ns, Reaching safepoint: 88959 ns, At safepoint: 162750 ns, Leaving safepoint: 5083 ns, Total: 256792 ns, Threads: 1 runnable, 18 total
[2026-07-10T11:58:52.980+0000][85][info ][gc,marking  ] GC(1) Concurrent Clear Claimed Marks
[2026-07-10T11:58:52.980+0000][85][info ][gc,marking  ] GC(1) Concurrent Clear Claimed Marks 0.083ms
[2026-07-10T11:58:52.980+0000][85][info ][gc,marking  ] GC(1) Concurrent Cleanup for Next Mark
[2026-07-10T11:58:52.983+0000][85][info ][gc,marking  ] GC(1) Concurrent Cleanup for Next Mark 3.062ms
[2026-07-10T11:58:52.983+0000][85][info ][gc          ] GC(1) Concurrent Mark Cycle 8.340ms
[2026-07-10T11:58:53.932+0000][85][info ][gc,start    ] GC(2) Pause Young (Normal) (G1 Evacuation Pause)
[2026-07-10T11:58:53.933+0000][85][info ][gc,task     ] GC(2) Using 14 workers of 14 for evacuation
[2026-07-10T11:58:53.933+0000][85][debug][gc,age      ] GC(2) Desired survivor size 60817408 bytes, new threshold 15 (max threshold 15)
[2026-07-10T11:58:53.940+0000][85][info ][gc,phases   ] GC(2)   Pre Evacuate Collection Set: 0.19ms
[2026-07-10T11:58:53.940+0000][85][info ][gc,phases   ] GC(2)   Merge Heap Roots: 0.06ms
[2026-07-10T11:58:53.940+0000][85][info ][gc,phases   ] GC(2)   Evacuate Collection Set: 4.26ms
[2026-07-10T11:58:53.940+0000][85][info ][gc,phases   ] GC(2)   Post Evacuate Collection Set: 1.41ms
[2026-07-10T11:58:53.940+0000][85][info ][gc,phases   ] GC(2)   Other: 1.06ms
[2026-07-10T11:58:53.940+0000][85][trace][gc,age      ] GC(2) Age table:
[2026-07-10T11:58:53.940+0000][85][trace][gc,age      ] GC(2) - age   1:    8113368 bytes,    8113368 total
[2026-07-10T11:58:53.940+0000][85][trace][gc,age      ] GC(2) - age   2:   11243720 bytes,   19357088 total
[2026-07-10T11:58:53.940+0000][85][info ][gc,heap     ] GC(2) Eden regions: 222->0(590)
[2026-07-10T11:58:53.940+0000][85][info ][gc,heap     ] GC(2) Survivor regions: 3->5(29)
[2026-07-10T11:58:53.940+0000][85][info ][gc,heap     ] GC(2) Old regions: 0->0
[2026-07-10T11:58:53.940+0000][85][info ][gc,heap     ] GC(2) Humongous regions: 0->0
[2026-07-10T11:58:53.940+0000][85][info ][gc,metaspace] GC(2) Metaspace: 31651K(32320K)->31651K(32320K) NonClass: 28950K(29312K)->28950K(29312K) Class: 2700K(3008K)->2700K(3008K)
[2026-07-10T11:58:53.940+0000][85][info ][gc          ] GC(2) Pause Young (Normal) (G1 Evacuation Pause) 899M->19M(3968M) 7.779ms
[2026-07-10T11:58:53.940+0000][85][info ][gc,cpu      ] GC(2) User=0.05s Sys=0.00s Real=0.01s
[2026-07-10T11:58:53.940+0000][85][info ][safepoint   ] Safepoint "G1CollectForAllocation", Time since last: 952962667 ns, Reaching safepoint: 3459 ns, At safepoint: 7889291 ns, Leaving safepoint: 22792 ns, Total: 7915542 ns, Threads: 0 runnable, 21 total
[2026-07-10T11:58:54.418+0000][85][info ][safepoint   ] Safepoint "SetNotifyJvmtiEventsMode", Time since last: 477903584 ns, Reaching safepoint: 2625 ns, At safepoint: 4708 ns, Leaving safepoint: 542 ns, Total: 7875 ns, Threads: 0 runnable, 22 total
[2026-07-10T11:58:54.517+0000][85][info ][safepoint   ] Safepoint "RedefineClasses", Time since last: 88759833 ns, Reaching safepoint: 3250 ns, At safepoint: 9494583 ns, Leaving safepoint: 9875 ns, Total: 9507708 ns, Threads: 0 runnable, 19 total
[2026-07-10T11:58:54.529+0000][85][info ][gc,start    ] GC(3) Pause Young (Concurrent Start) (Metadata GC Threshold)
[2026-07-10T11:58:54.530+0000][85][info ][gc,task     ] GC(3) Using 14 workers of 14 for evacuation
[2026-07-10T11:58:54.530+0000][85][debug][gc,age      ] GC(3) Desired survivor size 157286400 bytes, new threshold 15 (max threshold 15)
[2026-07-10T11:58:54.536+0000][85][info ][gc,phases   ] GC(3)   Pre Evacuate Collection Set: 0.20ms
[2026-07-10T11:58:54.536+0000][85][info ][gc,phases   ] GC(3)   Merge Heap Roots: 0.06ms
[2026-07-10T11:58:54.536+0000][85][info ][gc,phases   ] GC(3)   Evacuate Collection Set: 4.34ms
[2026-07-10T11:58:54.536+0000][85][info ][gc,phases   ] GC(3)   Post Evacuate Collection Set: 0.97ms
[2026-07-10T11:58:54.536+0000][85][info ][gc,phases   ] GC(3)   Other: 0.10ms
[2026-07-10T11:58:54.536+0000][85][trace][gc,age      ] GC(3) Age table:
[2026-07-10T11:58:54.536+0000][85][trace][gc,age      ] GC(3) - age   1:    4822680 bytes,    4822680 total
[2026-07-10T11:58:54.536+0000][85][trace][gc,age      ] GC(3) - age   2:    4355600 bytes,    9178280 total
[2026-07-10T11:58:54.536+0000][85][trace][gc,age      ] GC(3) - age   3:   11225112 bytes,   20403392 total
[2026-07-10T11:58:54.536+0000][85][info ][gc,heap     ] GC(3) Eden regions: 228->0(589)
[2026-07-10T11:58:54.536+0000][85][info ][gc,heap     ] GC(3) Survivor regions: 5->6(75)
[2026-07-10T11:58:54.536+0000][85][info ][gc,heap     ] GC(3) Old regions: 0->0
[2026-07-10T11:58:54.536+0000][85][info ][gc,heap     ] GC(3) Humongous regions: 0->0
[2026-07-10T11:58:54.536+0000][85][info ][gc,metaspace] GC(3) Metaspace: 35272K(35968K)->35272K(35968K) NonClass: 32318K(32704K)->32318K(32704K) Class: 2954K(3264K)->2954K(3264K)
[2026-07-10T11:58:54.536+0000][85][info ][gc          ] GC(3) Pause Young (Concurrent Start) (Metadata GC Threshold) 931M->21M(3968M) 7.552ms
[2026-07-10T11:58:54.536+0000][85][info ][gc,cpu      ] GC(3) User=0.05s Sys=0.01s Real=0.01s
[2026-07-10T11:58:54.536+0000][85][info ][gc          ] GC(4) Concurrent Mark Cycle
[2026-07-10T11:58:54.536+0000][85][info ][gc,marking  ] GC(4) Concurrent Scan Root Regions
[2026-07-10T11:58:54.536+0000][85][info ][safepoint   ] Safepoint "CollectForMetadataAllocation", Time since last: 11938209 ns, Reaching safepoint: 2541 ns, At safepoint: 7624584 ns, Leaving safepoint: 20041 ns, Total: 7647166 ns, Threads: 0 runnable, 19 total
[2026-07-10T11:58:54.537+0000][85][info ][gc,marking  ] GC(4) Concurrent Scan Root Regions 1.332ms
[2026-07-10T11:58:54.538+0000][85][info ][gc,marking  ] GC(4) Concurrent Mark
[2026-07-10T11:58:54.538+0000][85][info ][gc,marking  ] GC(4) Concurrent Mark From Roots
[2026-07-10T11:58:54.538+0000][85][info ][gc,task     ] GC(4) Using 4 workers of 4 for marking
[2026-07-10T11:58:54.538+0000][85][info ][gc,marking  ] GC(4) Concurrent Mark From Roots 0.349ms
[2026-07-10T11:58:54.538+0000][85][info ][gc,marking  ] GC(4) Concurrent Preclean
[2026-07-10T11:58:54.538+0000][85][info ][gc,marking  ] GC(4) Concurrent Preclean 0.057ms
[2026-07-10T11:58:54.538+0000][85][info ][gc,start    ] GC(4) Pause Remark
[2026-07-10T11:58:54.541+0000][85][info ][gc          ] GC(4) Pause Remark 23M->23M(3968M) 2.427ms
[2026-07-10T11:58:54.541+0000][85][info ][gc,cpu      ] GC(4) User=0.01s Sys=0.00s Real=0.00s
[2026-07-10T11:58:54.541+0000][85][info ][safepoint   ] Safepoint "G1PauseRemark", Time since last: 2049042 ns, Reaching safepoint: 90417 ns, At safepoint: 2529791 ns, Leaving safepoint: 12667 ns, Total: 2632875 ns, Threads: 1 runnable, 19 total
[2026-07-10T11:58:54.541+0000][85][info ][gc,marking  ] GC(4) Concurrent Mark 3.371ms
[2026-07-10T11:58:54.541+0000][85][info ][gc,marking  ] GC(4) Concurrent Rebuild Remembered Sets and Scrub Regions
[2026-07-10T11:58:54.541+0000][85][info ][gc,marking  ] GC(4) Concurrent Rebuild Remembered Sets and Scrub Regions 0.115ms
[2026-07-10T11:58:54.541+0000][85][info ][gc,start    ] GC(4) Pause Cleanup
[2026-07-10T11:58:54.541+0000][85][info ][gc          ] GC(4) Pause Cleanup 23M->23M(3968M) 0.033ms
[2026-07-10T11:58:54.541+0000][85][info ][gc,cpu      ] GC(4) User=0.00s Sys=0.00s Real=0.00s
[2026-07-10T11:58:54.541+0000][85][info ][safepoint   ] Safepoint "G1PauseCleanup", Time since last: 349333 ns, Reaching safepoint: 96959 ns, At safepoint: 101041 ns, Leaving safepoint: 20334 ns, Total: 218334 ns, Threads: 1 runnable, 19 total
[2026-07-10T11:58:54.541+0000][85][info ][gc,marking  ] GC(4) Concurrent Clear Claimed Marks
[2026-07-10T11:58:54.542+0000][85][info ][gc,marking  ] GC(4) Concurrent Clear Claimed Marks 0.069ms
[2026-07-10T11:58:54.542+0000][85][info ][gc,marking  ] GC(4) Concurrent Cleanup for Next Mark
[2026-07-10T11:58:54.542+0000][85][info ][gc,marking  ] GC(4) Concurrent Cleanup for Next Mark 0.575ms
[2026-07-10T11:58:54.542+0000][85][info ][gc          ] GC(4) Concurrent Mark Cycle 6.119ms
[2026-07-10T11:58:55.608+0000][85][info ][gc,start    ] GC(5) Pause Young (Concurrent Start) (Metadata GC Threshold)
[2026-07-10T11:58:55.608+0000][85][info ][gc,task     ] GC(5) Using 14 workers of 14 for evacuation
[2026-07-10T11:58:55.608+0000][85][debug][gc,age      ] GC(5) Desired survivor size 157286400 bytes, new threshold 15 (max threshold 15)
[2026-07-10T11:58:55.615+0000][85][info ][gc,phases   ] GC(5)   Pre Evacuate Collection Set: 0.27ms
[2026-07-10T11:58:55.615+0000][85][info ][gc,phases   ] GC(5)   Merge Heap Roots: 0.09ms
[2026-07-10T11:58:55.615+0000][85][info ][gc,phases   ] GC(5)   Evacuate Collection Set: 5.65ms
[2026-07-10T11:58:55.615+0000][85][info ][gc,phases   ] GC(5)   Post Evacuate Collection Set: 1.12ms
[2026-07-10T11:58:55.615+0000][85][info ][gc,phases   ] GC(5)   Other: 0.11ms
[2026-07-10T11:58:55.615+0000][85][trace][gc,age      ] GC(5) Age table:
[2026-07-10T11:58:55.615+0000][85][trace][gc,age      ] GC(5) - age   1:   27271840 bytes,   27271840 total
[2026-07-10T11:58:55.615+0000][85][trace][gc,age      ] GC(5) - age   2:    4574008 bytes,   31845848 total
[2026-07-10T11:58:55.615+0000][85][trace][gc,age      ] GC(5) - age   3:    4321720 bytes,   36167568 total
[2026-07-10T11:58:55.615+0000][85][trace][gc,age      ] GC(5) - age   4:   11200768 bytes,   47368336 total
[2026-07-10T11:58:55.615+0000][85][info ][gc,heap     ] GC(5) Eden regions: 121->0(582)
[2026-07-10T11:58:55.615+0000][85][info ][gc,heap     ] GC(5) Survivor regions: 6->13(75)
[2026-07-10T11:58:55.615+0000][85][info ][gc,heap     ] GC(5) Old regions: 0->0
[2026-07-10T11:58:55.615+0000][85][info ][gc,heap     ] GC(5) Humongous regions: 0->0
[2026-07-10T11:58:55.615+0000][85][info ][gc,metaspace] GC(5) Metaspace: 58707K(60096K)->58707K(60096K) NonClass: 53098K(53952K)->53098K(53952K) Class: 5609K(6144K)->5609K(6144K)
[2026-07-10T11:58:55.615+0000][85][info ][gc          ] GC(5) Pause Young (Concurrent Start) (Metadata GC Threshold) 503M->50M(3968M) 7.734ms
[2026-07-10T11:58:55.615+0000][85][info ][gc,cpu      ] GC(5) User=0.05s Sys=0.01s Real=0.01s
[2026-07-10T11:58:55.615+0000][85][info ][gc          ] GC(6) Concurrent Mark Cycle
[2026-07-10T11:58:55.615+0000][85][info ][gc,marking  ] GC(6) Concurrent Scan Root Regions
[2026-07-10T11:58:55.615+0000][85][info ][safepoint   ] Safepoint "CollectForMetadataAllocation", Time since last: 1066092917 ns, Reaching safepoint: 2166 ns, At safepoint: 7856209 ns, Leaving safepoint: 18000 ns, Total: 7876375 ns, Threads: 0 runnable, 21 total
[2026-07-10T11:58:55.617+0000][85][info ][gc,marking  ] GC(6) Concurrent Scan Root Regions 1.765ms
[2026-07-10T11:58:55.617+0000][85][info ][gc,marking  ] GC(6) Concurrent Mark
[2026-07-10T11:58:55.617+0000][85][info ][gc,marking  ] GC(6) Concurrent Mark From Roots
[2026-07-10T11:58:55.617+0000][85][info ][gc,task     ] GC(6) Using 4 workers of 4 for marking
[2026-07-10T11:58:55.617+0000][85][info ][gc,marking  ] GC(6) Concurrent Mark From Roots 0.199ms
[2026-07-10T11:58:55.617+0000][85][info ][gc,marking  ] GC(6) Concurrent Preclean
[2026-07-10T11:58:55.617+0000][85][info ][gc,marking  ] GC(6) Concurrent Preclean 0.022ms
[2026-07-10T11:58:55.618+0000][85][info ][gc,start    ] GC(6) Pause Remark
[2026-07-10T11:58:55.620+0000][85][info ][gc          ] GC(6) Pause Remark 52M->52M(3968M) 2.758ms
[2026-07-10T11:58:55.620+0000][85][info ][gc,cpu      ] GC(6) User=0.01s Sys=0.00s Real=0.00s
[2026-07-10T11:58:55.620+0000][85][info ][safepoint   ] Safepoint "G1PauseRemark", Time since last: 2126083 ns, Reaching safepoint: 87583 ns, At safepoint: 2851917 ns, Leaving safepoint: 3583 ns, Total: 2943083 ns, Threads: 1 runnable, 21 total
[2026-07-10T11:58:55.620+0000][85][info ][gc,marking  ] GC(6) Concurrent Mark 3.290ms
[2026-07-10T11:58:55.621+0000][85][info ][gc,marking  ] GC(6) Concurrent Rebuild Remembered Sets and Scrub Regions
[2026-07-10T11:58:55.621+0000][85][info ][gc,marking  ] GC(6) Concurrent Rebuild Remembered Sets and Scrub Regions 0.092ms
[2026-07-10T11:58:55.621+0000][85][info ][gc,start    ] GC(6) Pause Cleanup
[2026-07-10T11:58:55.621+0000][85][info ][gc          ] GC(6) Pause Cleanup 52M->52M(3968M) 0.034ms
[2026-07-10T11:58:55.621+0000][85][info ][gc,cpu      ] GC(6) User=0.00s Sys=0.00s Real=0.00s
[2026-07-10T11:58:55.621+0000][85][info ][safepoint   ] Safepoint "G1PauseCleanup", Time since last: 201959 ns, Reaching safepoint: 1250 ns, At safepoint: 91333 ns, Leaving safepoint: 3292 ns, Total: 95875 ns, Threads: 0 runnable, 21 total
[2026-07-10T11:58:55.621+0000][85][info ][gc,marking  ] GC(6) Concurrent Clear Claimed Marks
[2026-07-10T11:58:55.621+0000][85][info ][gc,marking  ] GC(6) Concurrent Clear Claimed Marks 0.047ms
[2026-07-10T11:58:55.621+0000][85][info ][gc,marking  ] GC(6) Concurrent Cleanup for Next Mark
[2026-07-10T11:58:55.621+0000][85][info ][gc,marking  ] GC(6) Concurrent Cleanup for Next Mark 0.441ms
[2026-07-10T11:58:55.621+0000][85][info ][gc          ] GC(6) Concurrent Mark Cycle 6.020ms
[2026-07-10T11:58:57.164+0000][85][info ][gc,start    ] GC(7) Pause Young (Concurrent Start) (Metadata GC Threshold)
[2026-07-10T11:58:57.164+0000][85][info ][gc,task     ] GC(7) Using 14 workers of 14 for evacuation
[2026-07-10T11:58:57.164+0000][85][debug][gc,age      ] GC(7) Desired survivor size 157286400 bytes, new threshold 15 (max threshold 15)
[2026-07-10T11:58:57.176+0000][85][info ][gc,phases   ] GC(7)   Pre Evacuate Collection Set: 0.28ms
[2026-07-10T11:58:57.176+0000][85][info ][gc,phases   ] GC(7)   Merge Heap Roots: 0.10ms
[2026-07-10T11:58:57.176+0000][85][info ][gc,phases   ] GC(7)   Evacuate Collection Set: 8.93ms
[2026-07-10T11:58:57.176+0000][85][info ][gc,phases   ] GC(7)   Post Evacuate Collection Set: 1.66ms
[2026-07-10T11:58:57.176+0000][85][info ][gc,phases   ] GC(7)   Other: 0.13ms
[2026-07-10T11:58:57.176+0000][85][trace][gc,age      ] GC(7) Age table:
[2026-07-10T11:58:57.176+0000][85][trace][gc,age      ] GC(7) - age   1:   19626608 bytes,   19626608 total
[2026-07-10T11:58:57.176+0000][85][trace][gc,age      ] GC(7) - age   2:   26699584 bytes,   46326192 total
[2026-07-10T11:58:57.176+0000][85][trace][gc,age      ] GC(7) - age   3:    4562728 bytes,   50888920 total
[2026-07-10T11:58:57.176+0000][85][trace][gc,age      ] GC(7) - age   4:    4294704 bytes,   55183624 total
[2026-07-10T11:58:57.176+0000][85][trace][gc,age      ] GC(7) - age   5:   11176632 bytes,   66360256 total
[2026-07-10T11:58:57.176+0000][85][info ][gc,heap     ] GC(7) Eden regions: 246->0(577)
[2026-07-10T11:58:57.176+0000][85][info ][gc,heap     ] GC(7) Survivor regions: 13->18(75)
[2026-07-10T11:58:57.176+0000][85][info ][gc,heap     ] GC(7) Old regions: 0->0
[2026-07-10T11:58:57.176+0000][85][info ][gc,heap     ] GC(7) Humongous regions: 0->0
[2026-07-10T11:58:57.176+0000][85][info ][gc,metaspace] GC(7) Metaspace: 98361K(100288K)->98361K(100288K) NonClass: 87300K(88448K)->87300K(88448K) Class: 11061K(11840K)->11061K(11840K)
[2026-07-10T11:58:57.176+0000][85][info ][gc          ] GC(7) Pause Young (Concurrent Start) (Metadata GC Threshold) 1034M->70M(3968M) 11.711ms
[2026-07-10T11:58:57.176+0000][85][info ][gc,cpu      ] GC(7) User=0.10s Sys=0.00s Real=0.01s
[2026-07-10T11:58:57.176+0000][85][info ][gc          ] GC(8) Concurrent Mark Cycle
[2026-07-10T11:58:57.176+0000][85][info ][gc,marking  ] GC(8) Concurrent Scan Root Regions
[2026-07-10T11:58:57.176+0000][85][info ][safepoint   ] Safepoint "CollectForMetadataAllocation", Time since last: 1543554084 ns, Reaching safepoint: 2125 ns, At safepoint: 11824625 ns, Leaving safepoint: 10041 ns, Total: 11836791 ns, Threads: 0 runnable, 24 total
[2026-07-10T11:58:57.179+0000][85][info ][gc,marking  ] GC(8) Concurrent Scan Root Regions 3.224ms
[2026-07-10T11:58:57.179+0000][85][info ][gc,marking  ] GC(8) Concurrent Mark
[2026-07-10T11:58:57.179+0000][85][info ][gc,marking  ] GC(8) Concurrent Mark From Roots
[2026-07-10T11:58:57.180+0000][85][info ][gc,task     ] GC(8) Using 4 workers of 4 for marking
[2026-07-10T11:58:57.180+0000][85][info ][gc,marking  ] GC(8) Concurrent Mark From Roots 0.242ms
[2026-07-10T11:58:57.180+0000][85][info ][gc,marking  ] GC(8) Concurrent Preclean
[2026-07-10T11:58:57.180+0000][85][info ][gc,marking  ] GC(8) Concurrent Preclean 0.060ms
[2026-07-10T11:58:57.180+0000][85][info ][gc,start    ] GC(8) Pause Remark
[2026-07-10T11:58:57.183+0000][85][info ][gc          ] GC(8) Pause Remark 74M->74M(3968M) 3.442ms
[2026-07-10T11:58:57.183+0000][85][info ][gc,cpu      ] GC(8) User=0.01s Sys=0.00s Real=0.00s
[2026-07-10T11:58:57.184+0000][85][info ][safepoint   ] Safepoint "G1PauseRemark", Time since last: 3802084 ns, Reaching safepoint: 2541 ns, At safepoint: 3554917 ns, Leaving safepoint: 10125 ns, Total: 3567583 ns, Threads: 1 runnable, 25 total
[2026-07-10T11:58:57.184+0000][85][info ][gc,marking  ] GC(8) Concurrent Mark 4.100ms
[2026-07-10T11:58:57.184+0000][85][info ][gc,marking  ] GC(8) Concurrent Rebuild Remembered Sets and Scrub Regions
[2026-07-10T11:58:57.184+0000][85][info ][gc,marking  ] GC(8) Concurrent Rebuild Remembered Sets and Scrub Regions 0.074ms
[2026-07-10T11:58:57.184+0000][85][info ][gc,start    ] GC(8) Pause Cleanup
[2026-07-10T11:58:57.184+0000][85][info ][gc          ] GC(8) Pause Cleanup 74M->74M(3968M) 0.031ms
[2026-07-10T11:58:57.184+0000][85][info ][gc,cpu      ] GC(8) User=0.00s Sys=0.00s Real=0.00s
[2026-07-10T11:58:57.184+0000][85][info ][safepoint   ] Safepoint "G1PauseCleanup", Time since last: 184625 ns, Reaching safepoint: 89750 ns, At safepoint: 116500 ns, Leaving safepoint: 4792 ns, Total: 211042 ns, Threads: 1 runnable, 25 total
[2026-07-10T11:58:57.184+0000][85][info ][gc,marking  ] GC(8) Concurrent Clear Claimed Marks
[2026-07-10T11:58:57.184+0000][85][info ][gc,marking  ] GC(8) Concurrent Clear Claimed Marks 0.066ms
[2026-07-10T11:58:57.184+0000][85][info ][gc,marking  ] GC(8) Concurrent Cleanup for Next Mark
[2026-07-10T11:58:57.184+0000][85][info ][gc,marking  ] GC(8) Concurrent Cleanup for Next Mark 0.409ms
[2026-07-10T11:58:57.185+0000][85][info ][gc          ] GC(8) Concurrent Mark Cycle 8.443ms
