[2026-07-10T13:07:58.650+0000][87][info][gc,init] CardTable entry size: 512
[2026-07-10T13:07:58.650+0000][87][info][gc     ] Using G1
[2026-07-10T13:07:58.692+0000][87][info][gc,init] Version: 25.0.1+8-27 (release)
[2026-07-10T13:07:58.693+0000][87][info][gc,init] CPUs: 18 total, 18 available
[2026-07-10T13:07:58.693+0000][87][info][gc,init] Memory: 7933M
[2026-07-10T13:07:58.693+0000][87][info][gc,init] Large Page Support: Disabled
[2026-07-10T13:07:58.693+0000][87][info][gc,init] NUMA Support: Disabled
[2026-07-10T13:07:58.693+0000][87][info][gc,init] Compressed Oops: Enabled (Zero based)
[2026-07-10T13:07:58.693+0000][87][info][gc,init] Heap Region Size: 4M
[2026-07-10T13:07:58.693+0000][87][info][gc,init] Heap Min Capacity: 3968M
[2026-07-10T13:07:58.693+0000][87][info][gc,init] Heap Initial Capacity: 3968M
[2026-07-10T13:07:58.693+0000][87][info][gc,init] Heap Max Capacity: 3968M
[2026-07-10T13:07:58.693+0000][87][info][gc,init] Pre-touch: Enabled
[2026-07-10T13:07:58.693+0000][87][info][gc,init] Parallel Workers: 14
[2026-07-10T13:07:58.694+0000][87][info][gc,init] Concurrent Workers: 4
[2026-07-10T13:07:58.694+0000][87][info][gc,init] Concurrent Refinement Workers: 14
[2026-07-10T13:07:58.694+0000][87][info][gc,init] Periodic GC: Disabled
[2026-07-10T13:07:58.694+0000][87][info][gc,metaspace] CDS archive(s) not mapped
[2026-07-10T13:07:58.694+0000][87][info][gc,metaspace] Compressed class space mapped at: 0x0000000041000000-0x0000000081000000, reserved size: 1073741824
[2026-07-10T13:07:58.694+0000][87][info][gc,metaspace] UseCompressedClassPointers 1, UseCompactObjectHeaders 0
[2026-07-10T13:07:58.694+0000][87][info][gc,metaspace] Narrow klass pointer bits 32, Max shift 3
[2026-07-10T13:07:58.694+0000][87][info][gc,metaspace] Narrow klass base: 0x0000000000000000, Narrow klass shift: 0
[2026-07-10T13:07:58.694+0000][87][info][gc,metaspace] Encoding Range: [0x0000000000000000 - 0x0000000100000000), (4294967296 bytes)
[2026-07-10T13:07:58.694+0000][87][info][gc,metaspace] Klass Range:    [0x0000000041000000 - 0x0000000081000000), (1073741824 bytes)
[2026-07-10T13:07:58.694+0000][87][info][gc,metaspace] Klass ID Range:  [1090519040 - 2164260857) (1073741817)
[2026-07-10T13:07:58.694+0000][87][info][gc,metaspace] No protection zone.
[2026-07-10T13:07:59.332+0000][87][info][gc,start    ] GC(0) Pause Young (Concurrent Start) (Metadata GC Threshold)
[2026-07-10T13:07:59.332+0000][87][info][gc,task     ] GC(0) Using 14 workers of 14 for evacuation
[2026-07-10T13:07:59.332+0000][87][debug][gc,age      ] GC(0) Desired survivor size 14680064 bytes, new threshold 15 (max threshold 15)
[2026-07-10T13:07:59.336+0000][87][info ][gc,phases   ] GC(0)   Pre Evacuate Collection Set: 0.23ms
[2026-07-10T13:07:59.336+0000][87][info ][gc,phases   ] GC(0)   Merge Heap Roots: 0.06ms
[2026-07-10T13:07:59.336+0000][87][info ][gc,phases   ] GC(0)   Evacuate Collection Set: 2.90ms
[2026-07-10T13:07:59.336+0000][87][info ][gc,phases   ] GC(0)   Post Evacuate Collection Set: 0.56ms
[2026-07-10T13:07:59.336+0000][87][info ][gc,phases   ] GC(0)   Other: 0.18ms
[2026-07-10T13:07:59.336+0000][87][trace][gc,age      ] GC(0) Age table:
[2026-07-10T13:07:59.336+0000][87][trace][gc,age      ] GC(0) - age   1:   11323608 bytes,   11323608 total
[2026-07-10T13:07:59.336+0000][87][info ][gc,heap     ] GC(0) Eden regions: 25->0(397)
[2026-07-10T13:07:59.336+0000][87][info ][gc,heap     ] GC(0) Survivor regions: 0->3(7)
[2026-07-10T13:07:59.336+0000][87][info ][gc,heap     ] GC(0) Old regions: 0->0
[2026-07-10T13:07:59.336+0000][87][info ][gc,heap     ] GC(0) Humongous regions: 0->0
[2026-07-10T13:07:59.336+0000][87][info ][gc,metaspace] GC(0) Metaspace: 21208K(21504K)->21208K(21504K) NonClass: 19440K(19584K)->19440K(19584K) Class: 1768K(1920K)->1768K(1920K)
[2026-07-10T13:07:59.337+0000][87][info ][gc          ] GC(0) Pause Young (Concurrent Start) (Metadata GC Threshold) 100M->11M(3968M) 4.593ms
[2026-07-10T13:07:59.337+0000][87][info ][gc,cpu      ] GC(0) User=0.02s Sys=0.00s Real=0.01s
[2026-07-10T13:07:59.337+0000][87][info ][gc          ] GC(1) Concurrent Mark Cycle
[2026-07-10T13:07:59.337+0000][87][info ][gc,marking  ] GC(1) Concurrent Scan Root Regions
[2026-07-10T13:07:59.337+0000][87][info ][safepoint   ] Safepoint "CollectForMetadataAllocation", Time since last: 632310709 ns, Reaching safepoint: 2125 ns, At safepoint: 4718291 ns, Leaving safepoint: 105459 ns, Total: 4825875 ns, Threads: 0 runnable, 17 total
[2026-07-10T13:07:59.338+0000][87][info ][gc,marking  ] GC(1) Concurrent Scan Root Regions 1.162ms
[2026-07-10T13:07:59.338+0000][87][info ][gc,marking  ] GC(1) Concurrent Mark
[2026-07-10T13:07:59.339+0000][87][info ][gc,marking  ] GC(1) Concurrent Mark From Roots
[2026-07-10T13:07:59.339+0000][87][info ][gc,task     ] GC(1) Using 4 workers of 4 for marking
[2026-07-10T13:07:59.340+0000][87][info ][gc,marking  ] GC(1) Concurrent Mark From Roots 0.427ms
[2026-07-10T13:07:59.340+0000][87][info ][gc,marking  ] GC(1) Concurrent Preclean
[2026-07-10T13:07:59.340+0000][87][info ][gc,marking  ] GC(1) Concurrent Preclean 0.052ms
[2026-07-10T13:07:59.340+0000][87][info ][gc,start    ] GC(1) Pause Remark
[2026-07-10T13:07:59.341+0000][87][info ][gc          ] GC(1) Pause Remark 13M->13M(3968M) 1.493ms
[2026-07-10T13:07:59.341+0000][87][info ][gc,cpu      ] GC(1) User=0.01s Sys=0.01s Real=0.00s
[2026-07-10T13:07:59.341+0000][87][info ][safepoint   ] Safepoint "G1PauseRemark", Time since last: 2955458 ns, Reaching safepoint: 100417 ns, At safepoint: 1668666 ns, Leaving safepoint: 8250 ns, Total: 1777333 ns, Threads: 1 runnable, 17 total
[2026-07-10T13:07:59.342+0000][87][info ][gc,marking  ] GC(1) Concurrent Mark 3.108ms
[2026-07-10T13:07:59.342+0000][87][info ][gc,marking  ] GC(1) Concurrent Rebuild Remembered Sets and Scrub Regions
[2026-07-10T13:07:59.342+0000][87][info ][gc,marking  ] GC(1) Concurrent Rebuild Remembered Sets and Scrub Regions 0.086ms
[2026-07-10T13:07:59.342+0000][87][info ][gc,start    ] GC(1) Pause Cleanup
[2026-07-10T13:07:59.342+0000][87][info ][gc          ] GC(1) Pause Cleanup 13M->13M(3968M) 0.069ms
[2026-07-10T13:07:59.342+0000][87][info ][gc,cpu      ] GC(1) User=0.00s Sys=0.00s Real=0.00s
[2026-07-10T13:07:59.342+0000][87][info ][safepoint   ] Safepoint "G1PauseCleanup", Time since last: 221917 ns, Reaching safepoint: 3083 ns, At safepoint: 168792 ns, Leaving safepoint: 7625 ns, Total: 179500 ns, Threads: 1 runnable, 17 total
[2026-07-10T13:07:59.342+0000][87][info ][gc,marking  ] GC(1) Concurrent Clear Claimed Marks
[2026-07-10T13:07:59.342+0000][87][info ][gc,marking  ] GC(1) Concurrent Clear Claimed Marks 0.041ms
[2026-07-10T13:07:59.342+0000][87][info ][gc,marking  ] GC(1) Concurrent Cleanup for Next Mark
[2026-07-10T13:07:59.342+0000][87][info ][gc,marking  ] GC(1) Concurrent Cleanup for Next Mark 0.429ms
[2026-07-10T13:07:59.342+0000][87][info ][gc          ] GC(1) Concurrent Mark Cycle 5.894ms
[2026-07-10T13:08:00.275+0000][87][info ][gc,start    ] GC(2) Pause Young (Normal) (G1 Evacuation Pause)
[2026-07-10T13:08:00.275+0000][87][info ][gc,task     ] GC(2) Using 14 workers of 14 for evacuation
[2026-07-10T13:08:00.275+0000][87][debug][gc,age      ] GC(2) Desired survivor size 104857600 bytes, new threshold 15 (max threshold 15)
[2026-07-10T13:08:00.281+0000][87][info ][gc,phases   ] GC(2)   Pre Evacuate Collection Set: 0.22ms
[2026-07-10T13:08:00.281+0000][87][info ][gc,phases   ] GC(2)   Merge Heap Roots: 0.11ms
[2026-07-10T13:08:00.281+0000][87][info ][gc,phases   ] GC(2)   Evacuate Collection Set: 4.37ms
[2026-07-10T13:08:00.281+0000][87][info ][gc,phases   ] GC(2)   Post Evacuate Collection Set: 1.42ms
[2026-07-10T13:08:00.281+0000][87][info ][gc,phases   ] GC(2)   Other: 0.15ms
[2026-07-10T13:08:00.281+0000][87][trace][gc,age      ] GC(2) Age table:
[2026-07-10T13:08:00.281+0000][87][trace][gc,age      ] GC(2) - age   1:    9332768 bytes,    9332768 total
[2026-07-10T13:08:00.281+0000][87][trace][gc,age      ] GC(2) - age   2:   11244336 bytes,   20577104 total
[2026-07-10T13:08:00.281+0000][87][info ][gc,heap     ] GC(2) Eden regions: 397->0(589)
[2026-07-10T13:08:00.281+0000][87][info ][gc,heap     ] GC(2) Survivor regions: 3->6(50)
[2026-07-10T13:08:00.281+0000][87][info ][gc,heap     ] GC(2) Old regions: 0->0
[2026-07-10T13:08:00.281+0000][87][info ][gc,heap     ] GC(2) Humongous regions: 0->0
[2026-07-10T13:08:00.281+0000][87][info ][gc,metaspace] GC(2) Metaspace: 31733K(32448K)->31733K(32448K) NonClass: 29032K(29440K)->29032K(29440K) Class: 2700K(3008K)->2700K(3008K)
[2026-07-10T13:08:00.282+0000][87][info ][gc          ] GC(2) Pause Young (Normal) (G1 Evacuation Pause) 1599M->21M(3968M) 7.019ms
[2026-07-10T13:08:00.282+0000][87][info ][gc,cpu      ] GC(2) User=0.06s Sys=0.01s Real=0.00s
[2026-07-10T13:08:00.282+0000][87][info ][safepoint   ] Safepoint "G1CollectForAllocation", Time since last: 932610292 ns, Reaching safepoint: 3917 ns, At safepoint: 7096625 ns, Leaving safepoint: 8750 ns, Total: 7109292 ns, Threads: 0 runnable, 20 total
[2026-07-10T13:08:00.451+0000][87][info ][safepoint   ] Safepoint "SetNotifyJvmtiEventsMode", Time since last: 169405750 ns, Reaching safepoint: 2708 ns, At safepoint: 3875 ns, Leaving safepoint: 542 ns, Total: 7125 ns, Threads: 0 runnable, 20 total
[2026-07-10T13:08:00.550+0000][87][info ][safepoint   ] Safepoint "RedefineClasses", Time since last: 88181125 ns, Reaching safepoint: 3083 ns, At safepoint: 10305875 ns, Leaving safepoint: 7459 ns, Total: 10316417 ns, Threads: 0 runnable, 20 total
[2026-07-10T13:08:00.560+0000][87][info ][gc,start    ] GC(3) Pause Young (Concurrent Start) (Metadata GC Threshold)
[2026-07-10T13:08:00.560+0000][87][info ][gc,task     ] GC(3) Using 14 workers of 14 for evacuation
[2026-07-10T13:08:00.560+0000][87][debug][gc,age      ] GC(3) Desired survivor size 157286400 bytes, new threshold 15 (max threshold 15)
[2026-07-10T13:08:00.566+0000][87][info ][gc,phases   ] GC(3)   Pre Evacuate Collection Set: 0.21ms
[2026-07-10T13:08:00.566+0000][87][info ][gc,phases   ] GC(3)   Merge Heap Roots: 0.09ms
[2026-07-10T13:08:00.566+0000][87][info ][gc,phases   ] GC(3)   Evacuate Collection Set: 4.47ms
[2026-07-10T13:08:00.566+0000][87][info ][gc,phases   ] GC(3)   Post Evacuate Collection Set: 1.00ms
[2026-07-10T13:08:00.566+0000][87][info ][gc,phases   ] GC(3)   Other: 0.14ms
[2026-07-10T13:08:00.566+0000][87][trace][gc,age      ] GC(3) Age table:
[2026-07-10T13:08:00.566+0000][87][trace][gc,age      ] GC(3) - age   1:    1428512 bytes,    1428512 total
[2026-07-10T13:08:00.566+0000][87][trace][gc,age      ] GC(3) - age   2:    7750040 bytes,    9178552 total
[2026-07-10T13:08:00.566+0000][87][trace][gc,age      ] GC(3) - age   3:   11225760 bytes,   20404312 total
[2026-07-10T13:08:00.566+0000][87][info ][gc,heap     ] GC(3) Eden regions: 53->0(589)
[2026-07-10T13:08:00.566+0000][87][info ][gc,heap     ] GC(3) Survivor regions: 6->6(75)
[2026-07-10T13:08:00.566+0000][87][info ][gc,heap     ] GC(3) Old regions: 0->0
[2026-07-10T13:08:00.566+0000][87][info ][gc,heap     ] GC(3) Humongous regions: 0->0
[2026-07-10T13:08:00.566+0000][87][info ][gc,metaspace] GC(3) Metaspace: 35270K(35968K)->35270K(35968K) NonClass: 32316K(32704K)->32316K(32704K) Class: 2954K(3264K)->2954K(3264K)
[2026-07-10T13:08:00.566+0000][87][info ][gc          ] GC(3) Pause Young (Concurrent Start) (Metadata GC Threshold) 233M->21M(3968M) 6.511ms
[2026-07-10T13:08:00.566+0000][87][info ][gc,cpu      ] GC(3) User=0.04s Sys=0.01s Real=0.01s
[2026-07-10T13:08:00.566+0000][87][info ][gc          ] GC(4) Concurrent Mark Cycle
[2026-07-10T13:08:00.566+0000][87][info ][gc,marking  ] GC(4) Concurrent Scan Root Regions
[2026-07-10T13:08:00.566+0000][87][info ][safepoint   ] Safepoint "CollectForMetadataAllocation", Time since last: 10060916 ns, Reaching safepoint: 88542 ns, At safepoint: 6652458 ns, Leaving safepoint: 14709 ns, Total: 6755709 ns, Threads: 1 runnable, 20 total
[2026-07-10T13:08:00.568+0000][87][info ][gc,marking  ] GC(4) Concurrent Scan Root Regions 1.465ms
[2026-07-10T13:08:00.568+0000][87][info ][gc,marking  ] GC(4) Concurrent Mark
[2026-07-10T13:08:00.568+0000][87][info ][gc,marking  ] GC(4) Concurrent Mark From Roots
[2026-07-10T13:08:00.568+0000][87][info ][gc,task     ] GC(4) Using 4 workers of 4 for marking
[2026-07-10T13:08:00.568+0000][87][info ][gc,marking  ] GC(4) Concurrent Mark From Roots 0.304ms
[2026-07-10T13:08:00.568+0000][87][info ][gc,marking  ] GC(4) Concurrent Preclean
[2026-07-10T13:08:00.568+0000][87][info ][gc,marking  ] GC(4) Concurrent Preclean 0.078ms
[2026-07-10T13:08:00.569+0000][87][info ][gc,start    ] GC(4) Pause Remark
[2026-07-10T13:08:00.571+0000][87][info ][gc          ] GC(4) Pause Remark 23M->23M(3968M) 2.709ms
[2026-07-10T13:08:00.571+0000][87][info ][gc,cpu      ] GC(4) User=0.02s Sys=0.00s Real=0.00s
[2026-07-10T13:08:00.571+0000][87][info ][safepoint   ] Safepoint "G1PauseRemark", Time since last: 2124333 ns, Reaching safepoint: 87500 ns, At safepoint: 2838708 ns, Leaving safepoint: 24750 ns, Total: 2950958 ns, Threads: 1 runnable, 20 total
[2026-07-10T13:08:00.571+0000][87][info ][gc,marking  ] GC(4) Concurrent Mark 3.601ms
[2026-07-10T13:08:00.571+0000][87][info ][gc,marking  ] GC(4) Concurrent Rebuild Remembered Sets and Scrub Regions
[2026-07-10T13:08:00.572+0000][87][info ][gc,marking  ] GC(4) Concurrent Rebuild Remembered Sets and Scrub Regions 0.114ms
[2026-07-10T13:08:00.572+0000][87][info ][gc,start    ] GC(4) Pause Cleanup
[2026-07-10T13:08:00.572+0000][87][info ][gc          ] GC(4) Pause Cleanup 23M->23M(3968M) 0.027ms
[2026-07-10T13:08:00.572+0000][87][info ][gc,cpu      ] GC(4) User=0.00s Sys=0.00s Real=0.00s
[2026-07-10T13:08:00.572+0000][87][info ][safepoint   ] Safepoint "G1PauseCleanup", Time since last: 242959 ns, Reaching safepoint: 86666 ns, At safepoint: 106000 ns, Leaving safepoint: 28459 ns, Total: 221125 ns, Threads: 1 runnable, 20 total
[2026-07-10T13:08:00.572+0000][87][info ][gc,marking  ] GC(4) Concurrent Clear Claimed Marks
[2026-07-10T13:08:00.572+0000][87][info ][gc,marking  ] GC(4) Concurrent Clear Claimed Marks 0.055ms
[2026-07-10T13:08:00.572+0000][87][info ][gc,marking  ] GC(4) Concurrent Cleanup for Next Mark
[2026-07-10T13:08:00.572+0000][87][info ][gc,marking  ] GC(4) Concurrent Cleanup for Next Mark 0.464ms
[2026-07-10T13:08:00.573+0000][87][info ][gc          ] GC(4) Concurrent Mark Cycle 6.277ms
[2026-07-10T13:08:01.609+0000][87][info ][gc,start    ] GC(5) Pause Young (Concurrent Start) (Metadata GC Threshold)
[2026-07-10T13:08:01.609+0000][87][info ][gc,task     ] GC(5) Using 14 workers of 14 for evacuation
[2026-07-10T13:08:01.609+0000][87][debug][gc,age      ] GC(5) Desired survivor size 157286400 bytes, new threshold 15 (max threshold 15)
[2026-07-10T13:08:01.617+0000][87][info ][gc,phases   ] GC(5)   Pre Evacuate Collection Set: 0.25ms
[2026-07-10T13:08:01.617+0000][87][info ][gc,phases   ] GC(5)   Merge Heap Roots: 0.09ms
[2026-07-10T13:08:01.617+0000][87][info ][gc,phases   ] GC(5)   Evacuate Collection Set: 5.75ms
[2026-07-10T13:08:01.617+0000][87][info ][gc,phases   ] GC(5)   Post Evacuate Collection Set: 1.09ms
[2026-07-10T13:08:01.617+0000][87][info ][gc,phases   ] GC(5)   Other: 0.11ms
[2026-07-10T13:08:01.617+0000][87][trace][gc,age      ] GC(5) Age table:
[2026-07-10T13:08:01.617+0000][87][trace][gc,age      ] GC(5) - age   1:   27265864 bytes,   27265864 total
[2026-07-10T13:08:01.617+0000][87][trace][gc,age      ] GC(5) - age   2:    1179912 bytes,   28445776 total
[2026-07-10T13:08:01.617+0000][87][trace][gc,age      ] GC(5) - age   3:    7716024 bytes,   36161800 total
[2026-07-10T13:08:01.617+0000][87][trace][gc,age      ] GC(5) - age   4:   11201480 bytes,   47363280 total
[2026-07-10T13:08:01.617+0000][87][info ][gc,heap     ] GC(5) Eden regions: 119->0(582)
[2026-07-10T13:08:01.617+0000][87][info ][gc,heap     ] GC(5) Survivor regions: 6->13(75)
[2026-07-10T13:08:01.617+0000][87][info ][gc,heap     ] GC(5) Old regions: 0->0
[2026-07-10T13:08:01.617+0000][87][info ][gc,heap     ] GC(5) Humongous regions: 0->0
[2026-07-10T13:08:01.617+0000][87][info ][gc,metaspace] GC(5) Metaspace: 58700K(60096K)->58700K(60096K) NonClass: 53092K(53952K)->53092K(53952K) Class: 5607K(6144K)->5607K(6144K)
[2026-07-10T13:08:01.617+0000][87][info ][gc          ] GC(5) Pause Young (Concurrent Start) (Metadata GC Threshold) 495M->48M(3968M) 7.765ms
[2026-07-10T13:08:01.617+0000][87][info ][gc,cpu      ] GC(5) User=0.06s Sys=0.00s Real=0.01s
[2026-07-10T13:08:01.617+0000][87][info ][gc          ] GC(6) Concurrent Mark Cycle
[2026-07-10T13:08:01.617+0000][87][info ][gc,marking  ] GC(6) Concurrent Scan Root Regions
[2026-07-10T13:08:01.617+0000][87][info ][safepoint   ] Safepoint "CollectForMetadataAllocation", Time since last: 1037454375 ns, Reaching safepoint: 2083 ns, At safepoint: 7909917 ns, Leaving safepoint: 7917 ns, Total: 7919917 ns, Threads: 0 runnable, 21 total
[2026-07-10T13:08:01.619+0000][87][info ][gc,marking  ] GC(6) Concurrent Scan Root Regions 1.888ms
[2026-07-10T13:08:01.619+0000][87][info ][gc,marking  ] GC(6) Concurrent Mark
[2026-07-10T13:08:01.619+0000][87][info ][gc,marking  ] GC(6) Concurrent Mark From Roots
[2026-07-10T13:08:01.619+0000][87][info ][gc,task     ] GC(6) Using 4 workers of 4 for marking
[2026-07-10T13:08:01.619+0000][87][info ][gc,marking  ] GC(6) Concurrent Mark From Roots 0.208ms
[2026-07-10T13:08:01.619+0000][87][info ][gc,marking  ] GC(6) Concurrent Preclean
[2026-07-10T13:08:01.619+0000][87][info ][gc,marking  ] GC(6) Concurrent Preclean 0.032ms
[2026-07-10T13:08:01.620+0000][87][info ][gc,start    ] GC(6) Pause Remark
[2026-07-10T13:08:01.622+0000][87][info ][gc          ] GC(6) Pause Remark 50M->50M(3968M) 2.647ms
[2026-07-10T13:08:01.622+0000][87][info ][gc,cpu      ] GC(6) User=0.01s Sys=0.00s Real=0.01s
[2026-07-10T13:08:01.622+0000][87][info ][safepoint   ] Safepoint "G1PauseRemark", Time since last: 2297250 ns, Reaching safepoint: 1958 ns, At safepoint: 2741250 ns, Leaving safepoint: 3583 ns, Total: 2746791 ns, Threads: 0 runnable, 21 total
[2026-07-10T13:08:01.622+0000][87][info ][gc,marking  ] GC(6) Concurrent Mark 3.118ms
[2026-07-10T13:08:01.622+0000][87][info ][gc,marking  ] GC(6) Concurrent Rebuild Remembered Sets and Scrub Regions
[2026-07-10T13:08:01.622+0000][87][info ][gc,marking  ] GC(6) Concurrent Rebuild Remembered Sets and Scrub Regions 0.085ms
[2026-07-10T13:08:01.623+0000][87][info ][gc,start    ] GC(6) Pause Cleanup
[2026-07-10T13:08:01.623+0000][87][info ][gc          ] GC(6) Pause Cleanup 50M->50M(3968M) 0.025ms
[2026-07-10T13:08:01.623+0000][87][info ][gc,cpu      ] GC(6) User=0.00s Sys=0.00s Real=0.00s
[2026-07-10T13:08:01.623+0000][87][info ][safepoint   ] Safepoint "G1PauseCleanup", Time since last: 184167 ns, Reaching safepoint: 339292 ns, At safepoint: 89583 ns, Leaving safepoint: 3000 ns, Total: 431875 ns, Threads: 1 runnable, 21 total
[2026-07-10T13:08:01.623+0000][87][info ][gc,marking  ] GC(6) Concurrent Clear Claimed Marks
[2026-07-10T13:08:01.623+0000][87][info ][gc,marking  ] GC(6) Concurrent Clear Claimed Marks 0.045ms
[2026-07-10T13:08:01.623+0000][87][info ][gc,marking  ] GC(6) Concurrent Cleanup for Next Mark
[2026-07-10T13:08:01.623+0000][87][info ][gc,marking  ] GC(6) Concurrent Cleanup for Next Mark 0.350ms
[2026-07-10T13:08:01.623+0000][87][info ][gc          ] GC(6) Concurrent Mark Cycle 6.226ms
[2026-07-10T13:08:03.069+0000][87][info ][gc,start    ] GC(7) Pause Young (Concurrent Start) (Metadata GC Threshold)
[2026-07-10T13:08:03.069+0000][87][info ][gc,task     ] GC(7) Using 14 workers of 14 for evacuation
[2026-07-10T13:08:03.069+0000][87][debug][gc,age      ] GC(7) Desired survivor size 157286400 bytes, new threshold 15 (max threshold 15)
[2026-07-10T13:08:03.080+0000][87][info ][gc,phases   ] GC(7)   Pre Evacuate Collection Set: 0.28ms
[2026-07-10T13:08:03.080+0000][87][info ][gc,phases   ] GC(7)   Merge Heap Roots: 0.12ms
[2026-07-10T13:08:03.080+0000][87][info ][gc,phases   ] GC(7)   Evacuate Collection Set: 8.63ms
[2026-07-10T13:08:03.080+0000][87][info ][gc,phases   ] GC(7)   Post Evacuate Collection Set: 1.57ms
[2026-07-10T13:08:03.080+0000][87][info ][gc,phases   ] GC(7)   Other: 0.12ms
[2026-07-10T13:08:03.080+0000][87][trace][gc,age      ] GC(7) Age table:
[2026-07-10T13:08:03.080+0000][87][trace][gc,age      ] GC(7) - age   1:   19628232 bytes,   19628232 total
[2026-07-10T13:08:03.080+0000][87][trace][gc,age      ] GC(7) - age   2:   26695544 bytes,   46323776 total
[2026-07-10T13:08:03.080+0000][87][trace][gc,age      ] GC(7) - age   3:    1170632 bytes,   47494408 total
[2026-07-10T13:08:03.080+0000][87][trace][gc,age      ] GC(7) - age   4:    7686744 bytes,   55181152 total
[2026-07-10T13:08:03.080+0000][87][trace][gc,age      ] GC(7) - age   5:   11177248 bytes,   66358400 total
[2026-07-10T13:08:03.080+0000][87][info ][gc,heap     ] GC(7) Eden regions: 244->0(578)
[2026-07-10T13:08:03.080+0000][87][info ][gc,heap     ] GC(7) Survivor regions: 13->17(75)
[2026-07-10T13:08:03.080+0000][87][info ][gc,heap     ] GC(7) Old regions: 0->0
[2026-07-10T13:08:03.080+0000][87][info ][gc,heap     ] GC(7) Humongous regions: 0->0
[2026-07-10T13:08:03.080+0000][87][info ][gc,metaspace] GC(7) Metaspace: 98360K(100288K)->98360K(100288K) NonClass: 87299K(88448K)->87299K(88448K) Class: 11061K(11840K)->11061K(11840K)
[2026-07-10T13:08:03.080+0000][87][info ][gc          ] GC(7) Pause Young (Concurrent Start) (Metadata GC Threshold) 1022M->68M(3968M) 11.303ms
[2026-07-10T13:08:03.080+0000][87][info ][gc,cpu      ] GC(7) User=0.09s Sys=0.01s Real=0.01s
[2026-07-10T13:08:03.080+0000][87][info ][gc          ] GC(8) Concurrent Mark Cycle
[2026-07-10T13:08:03.080+0000][87][info ][gc,marking  ] GC(8) Concurrent Scan Root Regions
[2026-07-10T13:08:03.080+0000][87][info ][safepoint   ] Safepoint "CollectForMetadataAllocation", Time since last: 1446051709 ns, Reaching safepoint: 3208 ns, At safepoint: 11447250 ns, Leaving safepoint: 12209 ns, Total: 11462667 ns, Threads: 0 runnable, 24 total
[2026-07-10T13:08:03.083+0000][87][info ][gc,marking  ] GC(8) Concurrent Scan Root Regions 3.048ms
[2026-07-10T13:08:03.084+0000][87][info ][gc,marking  ] GC(8) Concurrent Mark
[2026-07-10T13:08:03.084+0000][87][info ][gc,marking  ] GC(8) Concurrent Mark From Roots
[2026-07-10T13:08:03.084+0000][87][info ][gc,task     ] GC(8) Using 4 workers of 4 for marking
[2026-07-10T13:08:03.084+0000][87][info ][gc,marking  ] GC(8) Concurrent Mark From Roots 0.216ms
[2026-07-10T13:08:03.084+0000][87][info ][gc,marking  ] GC(8) Concurrent Preclean
[2026-07-10T13:08:03.084+0000][87][info ][gc,marking  ] GC(8) Concurrent Preclean 0.019ms
[2026-07-10T13:08:03.084+0000][87][info ][gc,start    ] GC(8) Pause Remark
[2026-07-10T13:08:03.087+0000][87][info ][gc          ] GC(8) Pause Remark 72M->72M(3968M) 3.390ms
[2026-07-10T13:08:03.087+0000][87][info ][gc,cpu      ] GC(8) User=0.01s Sys=0.00s Real=0.00s
[2026-07-10T13:08:03.087+0000][87][info ][safepoint   ] Safepoint "G1PauseRemark", Time since last: 3434416 ns, Reaching safepoint: 87292 ns, At safepoint: 3496792 ns, Leaving safepoint: 7083 ns, Total: 3591167 ns, Threads: 1 runnable, 25 total
[2026-07-10T13:08:03.087+0000][87][info ][gc,marking  ] GC(8) Concurrent Mark 3.954ms
[2026-07-10T13:08:03.088+0000][87][info ][gc,marking  ] GC(8) Concurrent Rebuild Remembered Sets and Scrub Regions
[2026-07-10T13:08:03.088+0000][87][info ][gc,marking  ] GC(8) Concurrent Rebuild Remembered Sets and Scrub Regions 0.077ms
[2026-07-10T13:08:03.088+0000][87][info ][gc,start    ] GC(8) Pause Cleanup
[2026-07-10T13:08:03.088+0000][87][info ][gc          ] GC(8) Pause Cleanup 72M->72M(3968M) 0.031ms
[2026-07-10T13:08:03.088+0000][87][info ][gc,cpu      ] GC(8) User=0.00s Sys=0.00s Real=0.00s
[2026-07-10T13:08:03.088+0000][87][info ][safepoint   ] Safepoint "G1PauseCleanup", Time since last: 182417 ns, Reaching safepoint: 1458 ns, At safepoint: 109125 ns, Leaving safepoint: 5542 ns, Total: 116125 ns, Threads: 0 runnable, 25 total
[2026-07-10T13:08:03.088+0000][87][info ][gc,marking  ] GC(8) Concurrent Clear Claimed Marks
[2026-07-10T13:08:03.088+0000][87][info ][gc,marking  ] GC(8) Concurrent Clear Claimed Marks 0.060ms
[2026-07-10T13:08:03.088+0000][87][info ][gc,marking  ] GC(8) Concurrent Cleanup for Next Mark
[2026-07-10T13:08:03.088+0000][87][info ][gc,marking  ] GC(8) Concurrent Cleanup for Next Mark 0.360ms
[2026-07-10T13:08:03.088+0000][87][info ][gc          ] GC(8) Concurrent Mark Cycle 7.932ms
