[2026-07-10T03:37:25.392+0000][75][info][gc,init] CardTable entry size: 512
[2026-07-10T03:37:25.393+0000][75][info][gc     ] Using G1
[2026-07-10T03:37:25.816+0000][75][info][gc,init] Version: 25.0.1+8-27 (release)
[2026-07-10T03:37:25.819+0000][75][info][gc,init] CPUs: 18 total, 18 available
[2026-07-10T03:37:25.819+0000][75][info][gc,init] Memory: 7933M
[2026-07-10T03:37:25.819+0000][75][info][gc,init] Large Page Support: Disabled
[2026-07-10T03:37:25.819+0000][75][info][gc,init] NUMA Support: Disabled
[2026-07-10T03:37:25.819+0000][75][info][gc,init] Compressed Oops: Enabled (Zero based)
[2026-07-10T03:37:25.819+0000][75][info][gc,init] Heap Region Size: 4M
[2026-07-10T03:37:25.819+0000][75][info][gc,init] Heap Min Capacity: 3968M
[2026-07-10T03:37:25.819+0000][75][info][gc,init] Heap Initial Capacity: 3968M
[2026-07-10T03:37:25.820+0000][75][info][gc,init] Heap Max Capacity: 3968M
[2026-07-10T03:37:25.820+0000][75][info][gc,init] Pre-touch: Enabled
[2026-07-10T03:37:25.820+0000][75][info][gc,init] Parallel Workers: 14
[2026-07-10T03:37:25.820+0000][75][info][gc,init] Concurrent Workers: 4
[2026-07-10T03:37:25.820+0000][75][info][gc,init] Concurrent Refinement Workers: 14
[2026-07-10T03:37:25.820+0000][75][info][gc,init] Periodic GC: Disabled
[2026-07-10T03:37:25.820+0000][75][info][gc,metaspace] CDS archive(s) not mapped
[2026-07-10T03:37:25.820+0000][75][info][gc,metaspace] Compressed class space mapped at: 0x000000004a000000-0x000000008a000000, reserved size: 1073741824
[2026-07-10T03:37:25.820+0000][75][info][gc,metaspace] UseCompressedClassPointers 1, UseCompactObjectHeaders 0
[2026-07-10T03:37:25.820+0000][75][info][gc,metaspace] Narrow klass pointer bits 32, Max shift 3
[2026-07-10T03:37:25.820+0000][75][info][gc,metaspace] Narrow klass base: 0x0000000000000000, Narrow klass shift: 0
[2026-07-10T03:37:25.820+0000][75][info][gc,metaspace] Encoding Range: [0x0000000000000000 - 0x0000000100000000), (4294967296 bytes)
[2026-07-10T03:37:25.820+0000][75][info][gc,metaspace] Klass Range:    [0x000000004a000000 - 0x000000008a000000), (1073741824 bytes)
[2026-07-10T03:37:25.820+0000][75][info][gc,metaspace] Klass ID Range:  [1241513984 - 2315255801) (1073741817)
[2026-07-10T03:37:25.820+0000][75][info][gc,metaspace] No protection zone.
[2026-07-10T03:37:26.184+0000][75][info][gc,start    ] GC(0) Pause Young (Concurrent Start) (Metadata GC Threshold)
[2026-07-10T03:37:26.184+0000][75][info][gc,task     ] GC(0) Using 14 workers of 14 for evacuation
[2026-07-10T03:37:26.184+0000][75][debug][gc,age      ] GC(0) Desired survivor size 14680064 bytes, new threshold 15 (max threshold 15)
[2026-07-10T03:37:26.187+0000][75][info ][gc,phases   ] GC(0)   Pre Evacuate Collection Set: 0.22ms
[2026-07-10T03:37:26.187+0000][75][info ][gc,phases   ] GC(0)   Merge Heap Roots: 0.08ms
[2026-07-10T03:37:26.187+0000][75][info ][gc,phases   ] GC(0)   Evacuate Collection Set: 2.07ms
[2026-07-10T03:37:26.187+0000][75][info ][gc,phases   ] GC(0)   Post Evacuate Collection Set: 0.51ms
[2026-07-10T03:37:26.187+0000][75][info ][gc,phases   ] GC(0)   Other: 0.13ms
[2026-07-10T03:37:26.187+0000][75][trace][gc,age      ] GC(0) Age table:
[2026-07-10T03:37:26.187+0000][75][trace][gc,age      ] GC(0) - age   1:   11321688 bytes,   11321688 total
[2026-07-10T03:37:26.187+0000][75][info ][gc,heap     ] GC(0) Eden regions: 24->0(320)
[2026-07-10T03:37:26.187+0000][75][info ][gc,heap     ] GC(0) Survivor regions: 0->3(7)
[2026-07-10T03:37:26.187+0000][75][info ][gc,heap     ] GC(0) Old regions: 0->0
[2026-07-10T03:37:26.187+0000][75][info ][gc,heap     ] GC(0) Humongous regions: 0->0
[2026-07-10T03:37:26.187+0000][75][info ][gc,metaspace] GC(0) Metaspace: 21210K(21504K)->21210K(21504K) NonClass: 19442K(19584K)->19442K(19584K) Class: 1768K(1920K)->1768K(1920K)
[2026-07-10T03:37:26.187+0000][75][info ][gc          ] GC(0) Pause Young (Concurrent Start) (Metadata GC Threshold) 94M->11M(3968M) 3.454ms
[2026-07-10T03:37:26.187+0000][75][info ][gc,cpu      ] GC(0) User=0.02s Sys=0.00s Real=0.00s
[2026-07-10T03:37:26.187+0000][75][info ][gc          ] GC(1) Concurrent Mark Cycle
[2026-07-10T03:37:26.187+0000][75][info ][gc,marking  ] GC(1) Concurrent Scan Root Regions
[2026-07-10T03:37:26.187+0000][75][info ][safepoint   ] Safepoint "CollectForMetadataAllocation", Time since last: 354092834 ns, Reaching safepoint: 1625 ns, At safepoint: 3557750 ns, Leaving safepoint: 9792 ns, Total: 3569167 ns, Threads: 0 runnable, 10 total
[2026-07-10T03:37:26.188+0000][75][info ][gc,marking  ] GC(1) Concurrent Scan Root Regions 1.154ms
[2026-07-10T03:37:26.188+0000][75][info ][gc,marking  ] GC(1) Concurrent Mark
[2026-07-10T03:37:26.188+0000][75][info ][gc,marking  ] GC(1) Concurrent Mark From Roots
[2026-07-10T03:37:26.189+0000][75][info ][gc,task     ] GC(1) Using 4 workers of 4 for marking
[2026-07-10T03:37:26.189+0000][75][info ][gc,marking  ] GC(1) Concurrent Mark From Roots 0.387ms
[2026-07-10T03:37:26.189+0000][75][info ][gc,marking  ] GC(1) Concurrent Preclean
[2026-07-10T03:37:26.189+0000][75][info ][gc,marking  ] GC(1) Concurrent Preclean 0.027ms
[2026-07-10T03:37:26.189+0000][75][info ][gc,start    ] GC(1) Pause Remark
[2026-07-10T03:37:26.190+0000][75][info ][gc          ] GC(1) Pause Remark 13M->13M(3968M) 1.187ms
[2026-07-10T03:37:26.190+0000][75][info ][gc,cpu      ] GC(1) User=0.00s Sys=0.01s Real=0.00s
[2026-07-10T03:37:26.190+0000][75][info ][safepoint   ] Safepoint "G1PauseRemark", Time since last: 1807833 ns, Reaching safepoint: 97875 ns, At safepoint: 1271542 ns, Leaving safepoint: 10833 ns, Total: 1380250 ns, Threads: 1 runnable, 10 total
[2026-07-10T03:37:26.190+0000][75][info ][gc,marking  ] GC(1) Concurrent Mark 1.981ms
[2026-07-10T03:37:26.190+0000][75][info ][gc,marking  ] GC(1) Concurrent Rebuild Remembered Sets and Scrub Regions
[2026-07-10T03:37:26.191+0000][75][info ][gc,marking  ] GC(1) Concurrent Rebuild Remembered Sets and Scrub Regions 0.102ms
[2026-07-10T03:37:26.191+0000][75][info ][gc,start    ] GC(1) Pause Cleanup
[2026-07-10T03:37:26.191+0000][75][info ][gc          ] GC(1) Pause Cleanup 13M->13M(3968M) 0.026ms
[2026-07-10T03:37:26.191+0000][75][info ][gc,cpu      ] GC(1) User=0.00s Sys=0.00s Real=0.00s
[2026-07-10T03:37:26.191+0000][75][info ][safepoint   ] Safepoint "G1PauseCleanup", Time since last: 247333 ns, Reaching safepoint: 90042 ns, At safepoint: 63708 ns, Leaving safepoint: 4417 ns, Total: 158167 ns, Threads: 1 runnable, 10 total
[2026-07-10T03:37:26.191+0000][75][info ][gc,marking  ] GC(1) Concurrent Clear Claimed Marks
[2026-07-10T03:37:26.191+0000][75][info ][gc,marking  ] GC(1) Concurrent Clear Claimed Marks 0.031ms
[2026-07-10T03:37:26.191+0000][75][info ][gc,marking  ] GC(1) Concurrent Cleanup for Next Mark
[2026-07-10T03:37:26.191+0000][75][info ][gc,marking  ] GC(1) Concurrent Cleanup for Next Mark 0.414ms
[2026-07-10T03:37:26.191+0000][75][info ][gc          ] GC(1) Concurrent Mark Cycle 4.199ms
[2026-07-10T03:37:26.990+0000][75][info ][gc,start    ] GC(2) Pause Young (Normal) (G1 Evacuation Pause)
[2026-07-10T03:37:26.990+0000][75][info ][gc,task     ] GC(2) Using 14 workers of 14 for evacuation
[2026-07-10T03:37:26.991+0000][75][debug][gc,age      ] GC(2) Desired survivor size 85983232 bytes, new threshold 15 (max threshold 15)
[2026-07-10T03:37:26.999+0000][75][info ][gc,phases   ] GC(2)   Pre Evacuate Collection Set: 0.92ms
[2026-07-10T03:37:26.999+0000][75][info ][gc,phases   ] GC(2)   Merge Heap Roots: 0.08ms
[2026-07-10T03:37:26.999+0000][75][info ][gc,phases   ] GC(2)   Evacuate Collection Set: 3.83ms
[2026-07-10T03:37:26.999+0000][75][info ][gc,phases   ] GC(2)   Post Evacuate Collection Set: 3.32ms
[2026-07-10T03:37:26.999+0000][75][info ][gc,phases   ] GC(2)   Other: 0.12ms
[2026-07-10T03:37:26.999+0000][75][trace][gc,age      ] GC(2) Age table:
[2026-07-10T03:37:26.999+0000][75][trace][gc,age      ] GC(2) - age   1:    8072632 bytes,    8072632 total
[2026-07-10T03:37:26.999+0000][75][trace][gc,age      ] GC(2) - age   2:   11242320 bytes,   19314952 total
[2026-07-10T03:37:26.999+0000][75][info ][gc,heap     ] GC(2) Eden regions: 320->0(590)
[2026-07-10T03:37:26.999+0000][75][info ][gc,heap     ] GC(2) Survivor regions: 3->5(41)
[2026-07-10T03:37:26.999+0000][75][info ][gc,heap     ] GC(2) Old regions: 0->0
[2026-07-10T03:37:26.999+0000][75][info ][gc,heap     ] GC(2) Humongous regions: 0->0
[2026-07-10T03:37:26.999+0000][75][info ][gc,metaspace] GC(2) Metaspace: 31719K(32384K)->31719K(32384K) NonClass: 29019K(29376K)->29019K(29376K) Class: 2700K(3008K)->2700K(3008K)
[2026-07-10T03:37:26.999+0000][75][info ][gc          ] GC(2) Pause Young (Normal) (G1 Evacuation Pause) 1291M->19M(3968M) 9.000ms
[2026-07-10T03:37:26.999+0000][75][info ][gc,cpu      ] GC(2) User=0.05s Sys=0.01s Real=0.01s
[2026-07-10T03:37:26.999+0000][75][info ][safepoint   ] Safepoint "G1CollectForAllocation", Time since last: 799348584 ns, Reaching safepoint: 2333 ns, At safepoint: 9055750 ns, Leaving safepoint: 6250 ns, Total: 9064333 ns, Threads: 0 runnable, 13 total
[2026-07-10T03:37:27.268+0000][75][info ][safepoint   ] Safepoint "SetNotifyJvmtiEventsMode", Time since last: 268537667 ns, Reaching safepoint: 2958 ns, At safepoint: 5792 ns, Leaving safepoint: 541 ns, Total: 9291 ns, Threads: 0 runnable, 14 total
[2026-07-10T03:37:27.343+0000][75][info ][safepoint   ] Safepoint "RedefineClasses", Time since last: 67339334 ns, Reaching safepoint: 2041 ns, At safepoint: 7892834 ns, Leaving safepoint: 5458 ns, Total: 7900333 ns, Threads: 0 runnable, 14 total
[2026-07-10T03:37:27.352+0000][75][info ][gc,start    ] GC(3) Pause Young (Concurrent Start) (Metadata GC Threshold)
[2026-07-10T03:37:27.352+0000][75][info ][gc,task     ] GC(3) Using 14 workers of 14 for evacuation
[2026-07-10T03:37:27.352+0000][75][debug][gc,age      ] GC(3) Desired survivor size 157286400 bytes, new threshold 15 (max threshold 15)
[2026-07-10T03:37:27.358+0000][75][info ][gc,phases   ] GC(3)   Pre Evacuate Collection Set: 0.28ms
[2026-07-10T03:37:27.358+0000][75][info ][gc,phases   ] GC(3)   Merge Heap Roots: 0.07ms
[2026-07-10T03:37:27.358+0000][75][info ][gc,phases   ] GC(3)   Evacuate Collection Set: 4.37ms
[2026-07-10T03:37:27.358+0000][75][info ][gc,phases   ] GC(3)   Post Evacuate Collection Set: 0.96ms
[2026-07-10T03:37:27.358+0000][75][info ][gc,phases   ] GC(3)   Other: 0.11ms
[2026-07-10T03:37:27.358+0000][75][trace][gc,age      ] GC(3) Age table:
[2026-07-10T03:37:27.358+0000][75][trace][gc,age      ] GC(3) - age   1:    2810304 bytes,    2810304 total
[2026-07-10T03:37:27.358+0000][75][trace][gc,age      ] GC(3) - age   2:    6356312 bytes,    9166616 total
[2026-07-10T03:37:27.358+0000][75][trace][gc,age      ] GC(3) - age   3:   11223744 bytes,   20390360 total
[2026-07-10T03:37:27.358+0000][75][info ][gc,heap     ] GC(3) Eden regions: 128->0(589)
[2026-07-10T03:37:27.358+0000][75][info ][gc,heap     ] GC(3) Survivor regions: 5->6(75)
[2026-07-10T03:37:27.358+0000][75][info ][gc,heap     ] GC(3) Old regions: 0->0
[2026-07-10T03:37:27.358+0000][75][info ][gc,heap     ] GC(3) Humongous regions: 0->0
[2026-07-10T03:37:27.358+0000][75][info ][gc,metaspace] GC(3) Metaspace: 35281K(35968K)->35281K(35968K) NonClass: 32321K(32704K)->32321K(32704K) Class: 2959K(3264K)->2959K(3264K)
[2026-07-10T03:37:27.358+0000][75][info ][gc          ] GC(3) Pause Young (Concurrent Start) (Metadata GC Threshold) 531M->21M(3968M) 6.188ms
[2026-07-10T03:37:27.358+0000][75][info ][gc,cpu      ] GC(3) User=0.06s Sys=0.00s Real=0.01s
[2026-07-10T03:37:27.358+0000][75][info ][gc          ] GC(4) Concurrent Mark Cycle
[2026-07-10T03:37:27.358+0000][75][info ][gc,marking  ] GC(4) Concurrent Scan Root Regions
[2026-07-10T03:37:27.358+0000][75][info ][safepoint   ] Safepoint "CollectForMetadataAllocation", Time since last: 8854292 ns, Reaching safepoint: 1625 ns, At safepoint: 6301750 ns, Leaving safepoint: 5541 ns, Total: 6308916 ns, Threads: 0 runnable, 14 total
[2026-07-10T03:37:27.359+0000][75][info ][gc,marking  ] GC(4) Concurrent Scan Root Regions 1.379ms
[2026-07-10T03:37:27.360+0000][75][info ][gc,marking  ] GC(4) Concurrent Mark
[2026-07-10T03:37:27.360+0000][75][info ][gc,marking  ] GC(4) Concurrent Mark From Roots
[2026-07-10T03:37:27.360+0000][75][info ][gc,task     ] GC(4) Using 4 workers of 4 for marking
[2026-07-10T03:37:27.360+0000][75][info ][gc,marking  ] GC(4) Concurrent Mark From Roots 0.284ms
[2026-07-10T03:37:27.360+0000][75][info ][gc,marking  ] GC(4) Concurrent Preclean
[2026-07-10T03:37:27.360+0000][75][info ][gc,marking  ] GC(4) Concurrent Preclean 0.019ms
[2026-07-10T03:37:27.360+0000][75][info ][gc,start    ] GC(4) Pause Remark
[2026-07-10T03:37:27.362+0000][75][info ][gc          ] GC(4) Pause Remark 23M->23M(3968M) 2.356ms
[2026-07-10T03:37:27.362+0000][75][info ][gc,cpu      ] GC(4) User=0.01s Sys=0.01s Real=0.01s
[2026-07-10T03:37:27.362+0000][75][info ][safepoint   ] Safepoint "G1PauseRemark", Time since last: 1838792 ns, Reaching safepoint: 86167 ns, At safepoint: 2448875 ns, Leaving safepoint: 7125 ns, Total: 2542167 ns, Threads: 1 runnable, 14 total
[2026-07-10T03:37:27.363+0000][75][info ][gc,marking  ] GC(4) Concurrent Mark 2.989ms
[2026-07-10T03:37:27.363+0000][75][info ][gc,marking  ] GC(4) Concurrent Rebuild Remembered Sets and Scrub Regions
[2026-07-10T03:37:27.363+0000][75][info ][gc,marking  ] GC(4) Concurrent Rebuild Remembered Sets and Scrub Regions 0.083ms
[2026-07-10T03:37:27.363+0000][75][info ][gc,start    ] GC(4) Pause Cleanup
[2026-07-10T03:37:27.363+0000][75][info ][gc          ] GC(4) Pause Cleanup 23M->23M(3968M) 0.030ms
[2026-07-10T03:37:27.363+0000][75][info ][gc,cpu      ] GC(4) User=0.00s Sys=0.00s Real=0.00s
[2026-07-10T03:37:27.363+0000][75][info ][safepoint   ] Safepoint "G1PauseCleanup", Time since last: 200666 ns, Reaching safepoint: 87667 ns, At safepoint: 69750 ns, Leaving safepoint: 4208 ns, Total: 161625 ns, Threads: 1 runnable, 14 total
[2026-07-10T03:37:27.363+0000][75][info ][gc,marking  ] GC(4) Concurrent Clear Claimed Marks
[2026-07-10T03:37:27.363+0000][75][info ][gc,marking  ] GC(4) Concurrent Clear Claimed Marks 0.043ms
[2026-07-10T03:37:27.363+0000][75][info ][gc,marking  ] GC(4) Concurrent Cleanup for Next Mark
[2026-07-10T03:37:27.363+0000][75][info ][gc,marking  ] GC(4) Concurrent Cleanup for Next Mark 0.429ms
[2026-07-10T03:37:27.363+0000][75][info ][gc          ] GC(4) Concurrent Mark Cycle 5.371ms
[2026-07-10T03:37:28.260+0000][75][info ][gc,start    ] GC(5) Pause Young (Concurrent Start) (Metadata GC Threshold)
[2026-07-10T03:37:28.260+0000][75][info ][gc,task     ] GC(5) Using 14 workers of 14 for evacuation
[2026-07-10T03:37:28.260+0000][75][debug][gc,age      ] GC(5) Desired survivor size 157286400 bytes, new threshold 15 (max threshold 15)
[2026-07-10T03:37:28.267+0000][75][info ][gc,phases   ] GC(5)   Pre Evacuate Collection Set: 0.17ms
[2026-07-10T03:37:28.267+0000][75][info ][gc,phases   ] GC(5)   Merge Heap Roots: 0.07ms
[2026-07-10T03:37:28.267+0000][75][info ][gc,phases   ] GC(5)   Evacuate Collection Set: 5.71ms
[2026-07-10T03:37:28.267+0000][75][info ][gc,phases   ] GC(5)   Post Evacuate Collection Set: 1.23ms
[2026-07-10T03:37:28.267+0000][75][info ][gc,phases   ] GC(5)   Other: 0.10ms
[2026-07-10T03:37:28.267+0000][75][trace][gc,age      ] GC(5) Age table:
[2026-07-10T03:37:28.267+0000][75][trace][gc,age      ] GC(5) - age   1:   27309624 bytes,   27309624 total
[2026-07-10T03:37:28.267+0000][75][trace][gc,age      ] GC(5) - age   2:    2563168 bytes,   29872792 total
[2026-07-10T03:37:28.267+0000][75][trace][gc,age      ] GC(5) - age   3:    6322488 bytes,   36195280 total
[2026-07-10T03:37:28.267+0000][75][trace][gc,age      ] GC(5) - age   4:   11199544 bytes,   47394824 total
[2026-07-10T03:37:28.267+0000][75][info ][gc,heap     ] GC(5) Eden regions: 113->0(582)
[2026-07-10T03:37:28.267+0000][75][info ][gc,heap     ] GC(5) Survivor regions: 6->13(75)
[2026-07-10T03:37:28.267+0000][75][info ][gc,heap     ] GC(5) Old regions: 0->0
[2026-07-10T03:37:28.267+0000][75][info ][gc,heap     ] GC(5) Humongous regions: 0->0
[2026-07-10T03:37:28.267+0000][75][info ][gc,metaspace] GC(5) Metaspace: 58727K(60096K)->58727K(60096K) NonClass: 53077K(53952K)->53077K(53952K) Class: 5649K(6144K)->5649K(6144K)
[2026-07-10T03:37:28.267+0000][75][info ][gc          ] GC(5) Pause Young (Concurrent Start) (Metadata GC Threshold) 471M->50M(3968M) 7.766ms
[2026-07-10T03:37:28.267+0000][75][info ][gc,cpu      ] GC(5) User=0.07s Sys=0.01s Real=0.01s
[2026-07-10T03:37:28.267+0000][75][info ][gc          ] GC(6) Concurrent Mark Cycle
[2026-07-10T03:37:28.268+0000][75][info ][gc,marking  ] GC(6) Concurrent Scan Root Regions
[2026-07-10T03:37:28.267+0000][75][info ][safepoint   ] Safepoint "CollectForMetadataAllocation", Time since last: 896719293 ns, Reaching safepoint: 2583 ns, At safepoint: 7916667 ns, Leaving safepoint: 11916 ns, Total: 7931166 ns, Threads: 0 runnable, 15 total
[2026-07-10T03:37:28.269+0000][75][info ][gc,marking  ] GC(6) Concurrent Scan Root Regions 1.822ms
[2026-07-10T03:37:28.269+0000][75][info ][gc,marking  ] GC(6) Concurrent Mark
[2026-07-10T03:37:28.269+0000][75][info ][gc,marking  ] GC(6) Concurrent Mark From Roots
[2026-07-10T03:37:28.269+0000][75][info ][gc,task     ] GC(6) Using 4 workers of 4 for marking
[2026-07-10T03:37:28.270+0000][75][info ][gc,marking  ] GC(6) Concurrent Mark From Roots 0.243ms
[2026-07-10T03:37:28.270+0000][75][info ][gc,marking  ] GC(6) Concurrent Preclean
[2026-07-10T03:37:28.270+0000][75][info ][gc,marking  ] GC(6) Concurrent Preclean 0.029ms
[2026-07-10T03:37:28.270+0000][75][info ][gc,start    ] GC(6) Pause Remark
[2026-07-10T03:37:28.273+0000][75][info ][gc          ] GC(6) Pause Remark 52M->52M(3968M) 2.832ms
[2026-07-10T03:37:28.273+0000][75][info ][gc,cpu      ] GC(6) User=0.01s Sys=0.00s Real=0.01s
[2026-07-10T03:37:28.273+0000][75][info ][safepoint   ] Safepoint "G1PauseRemark", Time since last: 2244625 ns, Reaching safepoint: 170084 ns, At safepoint: 2918958 ns, Leaving safepoint: 3333 ns, Total: 3092375 ns, Threads: 1 runnable, 15 total
[2026-07-10T03:37:28.273+0000][75][info ][gc,marking  ] GC(6) Concurrent Mark 3.483ms
[2026-07-10T03:37:28.273+0000][75][info ][gc,marking  ] GC(6) Concurrent Rebuild Remembered Sets and Scrub Regions
[2026-07-10T03:37:28.273+0000][75][info ][gc,marking  ] GC(6) Concurrent Rebuild Remembered Sets and Scrub Regions 0.084ms
[2026-07-10T03:37:28.273+0000][75][info ][gc,start    ] GC(6) Pause Cleanup
[2026-07-10T03:37:28.273+0000][75][info ][gc          ] GC(6) Pause Cleanup 52M->52M(3968M) 0.024ms
[2026-07-10T03:37:28.273+0000][75][info ][gc,cpu      ] GC(6) User=0.00s Sys=0.00s Real=0.00s
[2026-07-10T03:37:28.273+0000][75][info ][safepoint   ] Safepoint "G1PauseCleanup", Time since last: 174209 ns, Reaching safepoint: 916 ns, At safepoint: 59167 ns, Leaving safepoint: 2625 ns, Total: 62708 ns, Threads: 0 runnable, 15 total
[2026-07-10T03:37:28.273+0000][75][info ][gc,marking  ] GC(6) Concurrent Clear Claimed Marks
[2026-07-10T03:37:28.273+0000][75][info ][gc,marking  ] GC(6) Concurrent Clear Claimed Marks 0.039ms
[2026-07-10T03:37:28.273+0000][75][info ][gc,marking  ] GC(6) Concurrent Cleanup for Next Mark
[2026-07-10T03:37:28.274+0000][75][info ][gc,marking  ] GC(6) Concurrent Cleanup for Next Mark 0.418ms
[2026-07-10T03:37:28.274+0000][75][info ][gc          ] GC(6) Concurrent Mark Cycle 6.201ms
[2026-07-10T03:37:29.989+0000][75][info ][gc,start    ] GC(7) Pause Young (Concurrent Start) (Metadata GC Threshold)
[2026-07-10T03:37:29.990+0000][75][info ][gc,task     ] GC(7) Using 14 workers of 14 for evacuation
[2026-07-10T03:37:29.990+0000][75][debug][gc,age      ] GC(7) Desired survivor size 157286400 bytes, new threshold 15 (max threshold 15)
[2026-07-10T03:37:30.006+0000][75][info ][gc,phases   ] GC(7)   Pre Evacuate Collection Set: 0.15ms
[2026-07-10T03:37:30.006+0000][75][info ][gc,phases   ] GC(7)   Merge Heap Roots: 0.98ms
[2026-07-10T03:37:30.006+0000][75][info ][gc,phases   ] GC(7)   Evacuate Collection Set: 12.14ms
[2026-07-10T03:37:30.007+0000][75][info ][gc,phases   ] GC(7)   Post Evacuate Collection Set: 2.45ms
[2026-07-10T03:37:30.007+0000][75][info ][gc,phases   ] GC(7)   Other: 0.12ms
[2026-07-10T03:37:30.007+0000][75][trace][gc,age      ] GC(7) Age table:
[2026-07-10T03:37:30.007+0000][75][trace][gc,age      ] GC(7) - age   1:   19636176 bytes,   19636176 total
[2026-07-10T03:37:30.007+0000][75][trace][gc,age      ] GC(7) - age   2:   26731688 bytes,   46367864 total
[2026-07-10T03:37:30.007+0000][75][trace][gc,age      ] GC(7) - age   3:    2553848 bytes,   48921712 total
[2026-07-10T03:37:30.007+0000][75][trace][gc,age      ] GC(7) - age   4:    6293832 bytes,   55215544 total
[2026-07-10T03:37:30.007+0000][75][trace][gc,age      ] GC(7) - age   5:   11174904 bytes,   66390448 total
[2026-07-10T03:37:30.007+0000][75][info ][gc,heap     ] GC(7) Eden regions: 243->0(577)
[2026-07-10T03:37:30.007+0000][75][info ][gc,heap     ] GC(7) Survivor regions: 13->18(75)
[2026-07-10T03:37:30.007+0000][75][info ][gc,heap     ] GC(7) Old regions: 0->0
[2026-07-10T03:37:30.007+0000][75][info ][gc,heap     ] GC(7) Humongous regions: 0->0
[2026-07-10T03:37:30.007+0000][75][info ][gc,metaspace] GC(7) Metaspace: 98328K(100288K)->98328K(100288K) NonClass: 87277K(88384K)->87277K(88384K) Class: 11050K(11904K)->11050K(11904K)
[2026-07-10T03:37:30.007+0000][75][info ][gc          ] GC(7) Pause Young (Concurrent Start) (Metadata GC Threshold) 1022M->72M(3968M) 17.422ms
[2026-07-10T03:37:30.007+0000][75][info ][gc,cpu      ] GC(7) User=0.12s Sys=0.01s Real=0.02s
[2026-07-10T03:37:30.007+0000][75][info ][gc          ] GC(8) Concurrent Mark Cycle
[2026-07-10T03:37:30.007+0000][75][info ][gc,marking  ] GC(8) Concurrent Scan Root Regions
[2026-07-10T03:37:30.007+0000][75][info ][safepoint   ] Safepoint "CollectForMetadataAllocation", Time since last: 1716278584 ns, Reaching safepoint: 3208 ns, At safepoint: 17545375 ns, Leaving safepoint: 15792 ns, Total: 17564375 ns, Threads: 0 runnable, 19 total
[2026-07-10T03:37:30.011+0000][75][info ][gc,marking  ] GC(8) Concurrent Scan Root Regions 3.988ms
[2026-07-10T03:37:30.011+0000][75][info ][gc,marking  ] GC(8) Concurrent Mark
[2026-07-10T03:37:30.011+0000][75][info ][gc,marking  ] GC(8) Concurrent Mark From Roots
[2026-07-10T03:37:30.011+0000][75][info ][gc,task     ] GC(8) Using 4 workers of 4 for marking
[2026-07-10T03:37:30.011+0000][75][info ][gc,marking  ] GC(8) Concurrent Mark From Roots 0.302ms
[2026-07-10T03:37:30.011+0000][75][info ][gc,marking  ] GC(8) Concurrent Preclean
[2026-07-10T03:37:30.011+0000][75][info ][gc,marking  ] GC(8) Concurrent Preclean 0.075ms
[2026-07-10T03:37:30.012+0000][75][info ][gc,start    ] GC(8) Pause Remark
[2026-07-10T03:37:30.016+0000][75][info ][gc          ] GC(8) Pause Remark 74M->74M(3968M) 4.838ms
[2026-07-10T03:37:30.016+0000][75][info ][gc,cpu      ] GC(8) User=0.02s Sys=0.00s Real=0.01s
[2026-07-10T03:37:30.017+0000][75][info ][safepoint   ] Safepoint "G1PauseRemark", Time since last: 4616792 ns, Reaching safepoint: 2625 ns, At safepoint: 5021333 ns, Leaving safepoint: 10833 ns, Total: 5034791 ns, Threads: 0 runnable, 19 total
[2026-07-10T03:37:30.017+0000][75][info ][gc,marking  ] GC(8) Concurrent Mark 5.615ms
[2026-07-10T03:37:30.017+0000][75][info ][gc,marking  ] GC(8) Concurrent Rebuild Remembered Sets and Scrub Regions
[2026-07-10T03:37:30.017+0000][75][info ][gc,marking  ] GC(8) Concurrent Rebuild Remembered Sets and Scrub Regions 0.105ms
[2026-07-10T03:37:30.017+0000][75][info ][gc,start    ] GC(8) Pause Cleanup
[2026-07-10T03:37:30.017+0000][75][info ][gc          ] GC(8) Pause Cleanup 74M->74M(3968M) 0.027ms
[2026-07-10T03:37:30.017+0000][75][info ][gc,cpu      ] GC(8) User=0.00s Sys=0.00s Real=0.00s
[2026-07-10T03:37:30.017+0000][75][info ][safepoint   ] Safepoint "G1PauseCleanup", Time since last: 216667 ns, Reaching safepoint: 87333 ns, At safepoint: 65959 ns, Leaving safepoint: 5375 ns, Total: 158667 ns, Threads: 1 runnable, 19 total
[2026-07-10T03:37:30.017+0000][75][info ][gc,marking  ] GC(8) Concurrent Clear Claimed Marks
[2026-07-10T03:37:30.017+0000][75][info ][gc,marking  ] GC(8) Concurrent Clear Claimed Marks 0.110ms
[2026-07-10T03:37:30.017+0000][75][info ][gc,marking  ] GC(8) Concurrent Cleanup for Next Mark
[2026-07-10T03:37:30.018+0000][75][info ][gc,marking  ] GC(8) Concurrent Cleanup for Next Mark 0.477ms
[2026-07-10T03:37:30.018+0000][75][info ][gc          ] GC(8) Concurrent Mark Cycle 10.813ms
[2026-07-10T10:39:13.583+0000][75][info ][gc,start    ] GC(9) Pause Young (Normal) (G1 Evacuation Pause)
[2026-07-10T10:39:13.586+0000][75][info ][gc,task     ] GC(9) Using 14 workers of 14 for evacuation
[2026-07-10T10:39:13.586+0000][75][debug][gc,age      ] GC(9) Desired survivor size 157286400 bytes, new threshold 15 (max threshold 15)
[2026-07-10T10:39:13.632+0000][75][info ][gc,phases   ] GC(9)   Pre Evacuate Collection Set: 0.58ms
[2026-07-10T10:39:13.632+0000][75][info ][gc,phases   ] GC(9)   Merge Heap Roots: 0.24ms
[2026-07-10T10:39:13.632+0000][75][info ][gc,phases   ] GC(9)   Evacuate Collection Set: 37.88ms
[2026-07-10T10:39:13.632+0000][75][info ][gc,phases   ] GC(9)   Post Evacuate Collection Set: 5.78ms
[2026-07-10T10:39:13.632+0000][75][info ][gc,phases   ] GC(9)   Other: 1.35ms
[2026-07-10T10:39:13.632+0000][75][trace][gc,age      ] GC(9) Age table:
[2026-07-10T10:39:13.632+0000][75][trace][gc,age      ] GC(9) - age   1:   63070336 bytes,   63070336 total
[2026-07-10T10:39:13.632+0000][75][trace][gc,age      ] GC(9) - age   2:   19044272 bytes,   82114608 total
[2026-07-10T10:39:13.632+0000][75][trace][gc,age      ] GC(9) - age   3:   26576616 bytes,  108691224 total
[2026-07-10T10:39:13.633+0000][75][trace][gc,age      ] GC(9) - age   4:    2548584 bytes,  111239808 total
[2026-07-10T10:39:13.633+0000][75][trace][gc,age      ] GC(9) - age   5:    6119888 bytes,  117359696 total
[2026-07-10T10:39:13.633+0000][75][trace][gc,age      ] GC(9) - age   6:   11161872 bytes,  128521568 total
[2026-07-10T10:39:13.633+0000][75][info ][gc,heap     ] GC(9) Eden regions: 577->0(561)
[2026-07-10T10:39:13.633+0000][75][info ][gc,heap     ] GC(9) Survivor regions: 18->34(75)
[2026-07-10T10:39:13.633+0000][75][info ][gc,heap     ] GC(9) Old regions: 0->0
[2026-07-10T10:39:13.633+0000][75][info ][gc,heap     ] GC(9) Humongous regions: 0->0
[2026-07-10T10:39:13.633+0000][75][info ][gc,metaspace] GC(9) Metaspace: 157130K(160640K)->157130K(160640K) NonClass: 138251K(140224K)->138251K(140224K) Class: 18879K(20416K)->18879K(20416K)
[2026-07-10T10:39:13.633+0000][75][info ][gc          ] GC(9) Pause Young (Normal) (G1 Evacuation Pause) 2380M->133M(3968M) 49.785ms
[2026-07-10T10:39:13.633+0000][75][info ][gc,cpu      ] GC(9) User=0.43s Sys=0.01s Real=0.05s
[2026-07-10T10:39:13.633+0000][75][info ][safepoint   ] Safepoint "G1CollectForAllocation", Time since last: 18577066869514 ns, Reaching safepoint: 139584 ns, At safepoint: 50019083 ns, Leaving safepoint: 11750 ns, Total: 50170417 ns, Threads: 0 runnable, 142 total
