[2026-07-10T11:53:08.587+0000][85][info][gc,init] CardTable entry size: 512
[2026-07-10T11:53:08.587+0000][85][info][gc     ] Using G1
[2026-07-10T11:53:08.842+0000][85][info][gc,init] Version: 25.0.1+8-27 (release)
[2026-07-10T11:53:08.842+0000][85][info][gc,init] CPUs: 18 total, 18 available
[2026-07-10T11:53:08.842+0000][85][info][gc,init] Memory: 7933M
[2026-07-10T11:53:08.842+0000][85][info][gc,init] Large Page Support: Disabled
[2026-07-10T11:53:08.842+0000][85][info][gc,init] NUMA Support: Disabled
[2026-07-10T11:53:08.842+0000][85][info][gc,init] Compressed Oops: Enabled (Zero based)
[2026-07-10T11:53:08.842+0000][85][info][gc,init] Heap Region Size: 4M
[2026-07-10T11:53:08.842+0000][85][info][gc,init] Heap Min Capacity: 3968M
[2026-07-10T11:53:08.842+0000][85][info][gc,init] Heap Initial Capacity: 3968M
[2026-07-10T11:53:08.842+0000][85][info][gc,init] Heap Max Capacity: 3968M
[2026-07-10T11:53:08.842+0000][85][info][gc,init] Pre-touch: Enabled
[2026-07-10T11:53:08.842+0000][85][info][gc,init] Parallel Workers: 14
[2026-07-10T11:53:08.842+0000][85][info][gc,init] Concurrent Workers: 4
[2026-07-10T11:53:08.842+0000][85][info][gc,init] Concurrent Refinement Workers: 14
[2026-07-10T11:53:08.842+0000][85][info][gc,init] Periodic GC: Disabled
[2026-07-10T11:53:08.842+0000][85][info][gc,metaspace] CDS archive(s) not mapped
[2026-07-10T11:53:08.842+0000][85][info][gc,metaspace] Compressed class space mapped at: 0x00000000b7000000-0x00000000f7000000, reserved size: 1073741824
[2026-07-10T11:53:08.842+0000][85][info][gc,metaspace] UseCompressedClassPointers 1, UseCompactObjectHeaders 0
[2026-07-10T11:53:08.842+0000][85][info][gc,metaspace] Narrow klass pointer bits 32, Max shift 3
[2026-07-10T11:53:08.842+0000][85][info][gc,metaspace] Narrow klass base: 0x0000000000000000, Narrow klass shift: 0
[2026-07-10T11:53:08.842+0000][85][info][gc,metaspace] Encoding Range: [0x0000000000000000 - 0x0000000100000000), (4294967296 bytes)
[2026-07-10T11:53:08.843+0000][85][info][gc,metaspace] Klass Range:    [0x00000000b7000000 - 0x00000000f7000000), (1073741824 bytes)
[2026-07-10T11:53:08.843+0000][85][info][gc,metaspace] Klass ID Range:  [3070230528 - 4143972345) (1073741817)
[2026-07-10T11:53:08.843+0000][85][info][gc,metaspace] No protection zone.
[2026-07-10T11:53:09.449+0000][85][info][gc,start    ] GC(0) Pause Young (Concurrent Start) (Metadata GC Threshold)
[2026-07-10T11:53:09.449+0000][85][info][gc,task     ] GC(0) Using 14 workers of 14 for evacuation
[2026-07-10T11:53:09.449+0000][85][debug][gc,age      ] GC(0) Desired survivor size 14680064 bytes, new threshold 15 (max threshold 15)
[2026-07-10T11:53:09.453+0000][85][info ][gc,phases   ] GC(0)   Pre Evacuate Collection Set: 0.29ms
[2026-07-10T11:53:09.453+0000][85][info ][gc,phases   ] GC(0)   Merge Heap Roots: 0.10ms
[2026-07-10T11:53:09.453+0000][85][info ][gc,phases   ] GC(0)   Evacuate Collection Set: 2.59ms
[2026-07-10T11:53:09.453+0000][85][info ][gc,phases   ] GC(0)   Post Evacuate Collection Set: 0.47ms
[2026-07-10T11:53:09.453+0000][85][info ][gc,phases   ] GC(0)   Other: 0.16ms
[2026-07-10T11:53:09.453+0000][85][trace][gc,age      ] GC(0) Age table:
[2026-07-10T11:53:09.453+0000][85][trace][gc,age      ] GC(0) - age   1:   11323248 bytes,   11323248 total
[2026-07-10T11:53:09.453+0000][85][info ][gc,heap     ] GC(0) Eden regions: 25->0(264)
[2026-07-10T11:53:09.453+0000][85][info ][gc,heap     ] GC(0) Survivor regions: 0->3(7)
[2026-07-10T11:53:09.453+0000][85][info ][gc,heap     ] GC(0) Old regions: 0->0
[2026-07-10T11:53:09.453+0000][85][info ][gc,heap     ] GC(0) Humongous regions: 0->0
[2026-07-10T11:53:09.453+0000][85][info ][gc,metaspace] GC(0) Metaspace: 21209K(21504K)->21209K(21504K) NonClass: 19441K(19584K)->19441K(19584K) Class: 1768K(1920K)->1768K(1920K)
[2026-07-10T11:53:09.453+0000][85][info ][gc          ] GC(0) Pause Young (Concurrent Start) (Metadata GC Threshold) 100M->11M(3968M) 3.993ms
[2026-07-10T11:53:09.453+0000][85][info ][gc,cpu      ] GC(0) User=0.04s Sys=0.00s Real=0.00s
[2026-07-10T11:53:09.453+0000][85][info ][gc          ] GC(1) Concurrent Mark Cycle
[2026-07-10T11:53:09.453+0000][85][info ][gc,marking  ] GC(1) Concurrent Scan Root Regions
[2026-07-10T11:53:09.453+0000][85][info ][safepoint   ] Safepoint "CollectForMetadataAllocation", Time since last: 590604834 ns, Reaching safepoint: 2166 ns, At safepoint: 4084250 ns, Leaving safepoint: 12375 ns, Total: 4098791 ns, Threads: 0 runnable, 20 total
[2026-07-10T11:53:09.455+0000][85][info ][gc,marking  ] GC(1) Concurrent Scan Root Regions 1.327ms
[2026-07-10T11:53:09.455+0000][85][info ][gc,marking  ] GC(1) Concurrent Mark
[2026-07-10T11:53:09.455+0000][85][info ][gc,marking  ] GC(1) Concurrent Mark From Roots
[2026-07-10T11:53:09.455+0000][85][info ][gc,task     ] GC(1) Using 4 workers of 4 for marking
[2026-07-10T11:53:09.455+0000][85][info ][gc,marking  ] GC(1) Concurrent Mark From Roots 0.427ms
[2026-07-10T11:53:09.455+0000][85][info ][gc,marking  ] GC(1) Concurrent Preclean
[2026-07-10T11:53:09.455+0000][85][info ][gc,marking  ] GC(1) Concurrent Preclean 0.022ms
[2026-07-10T11:53:09.455+0000][85][info ][gc,start    ] GC(1) Pause Remark
[2026-07-10T11:53:09.456+0000][85][info ][gc          ] GC(1) Pause Remark 13M->13M(3968M) 1.010ms
[2026-07-10T11:53:09.456+0000][85][info ][gc,cpu      ] GC(1) User=0.01s Sys=0.00s Real=0.00s
[2026-07-10T11:53:09.456+0000][85][info ][safepoint   ] Safepoint "G1PauseRemark", Time since last: 1997959 ns, Reaching safepoint: 86416 ns, At safepoint: 1078084 ns, Leaving safepoint: 6041 ns, Total: 1170541 ns, Threads: 1 runnable, 20 total
[2026-07-10T11:53:09.456+0000][85][info ][gc,marking  ] GC(1) Concurrent Mark 1.766ms
[2026-07-10T11:53:09.456+0000][85][info ][gc,marking  ] GC(1) Concurrent Rebuild Remembered Sets and Scrub Regions
[2026-07-10T11:53:09.457+0000][85][info ][gc,marking  ] GC(1) Concurrent Rebuild Remembered Sets and Scrub Regions 0.118ms
[2026-07-10T11:53:09.457+0000][85][info ][gc,start    ] GC(1) Pause Cleanup
[2026-07-10T11:53:09.457+0000][85][info ][gc          ] GC(1) Pause Cleanup 13M->13M(3968M) 0.028ms
[2026-07-10T11:53:09.457+0000][85][info ][gc,cpu      ] GC(1) User=0.00s Sys=0.00s Real=0.00s
[2026-07-10T11:53:09.457+0000][85][info ][safepoint   ] Safepoint "G1PauseCleanup", Time since last: 216667 ns, Reaching safepoint: 84167 ns, At safepoint: 67000 ns, Leaving safepoint: 6000 ns, Total: 157167 ns, Threads: 1 runnable, 20 total
[2026-07-10T11:53:09.457+0000][85][info ][gc,marking  ] GC(1) Concurrent Clear Claimed Marks
[2026-07-10T11:53:09.457+0000][85][info ][gc,marking  ] GC(1) Concurrent Clear Claimed Marks 0.023ms
[2026-07-10T11:53:09.457+0000][85][info ][gc,marking  ] GC(1) Concurrent Cleanup for Next Mark
[2026-07-10T11:53:09.459+0000][85][info ][gc,marking  ] GC(1) Concurrent Cleanup for Next Mark 1.704ms
[2026-07-10T11:53:09.459+0000][85][info ][gc          ] GC(1) Concurrent Mark Cycle 5.430ms
[2026-07-10T11:53:10.411+0000][85][info ][gc,start    ] GC(2) Pause Young (Normal) (G1 Evacuation Pause)
[2026-07-10T11:53:10.411+0000][85][info ][gc,task     ] GC(2) Using 14 workers of 14 for evacuation
[2026-07-10T11:53:10.411+0000][85][debug][gc,age      ] GC(2) Desired survivor size 71303168 bytes, new threshold 15 (max threshold 15)
[2026-07-10T11:53:10.416+0000][85][info ][gc,phases   ] GC(2)   Pre Evacuate Collection Set: 0.20ms
[2026-07-10T11:53:10.416+0000][85][info ][gc,phases   ] GC(2)   Merge Heap Roots: 0.06ms
[2026-07-10T11:53:10.416+0000][85][info ][gc,phases   ] GC(2)   Evacuate Collection Set: 3.77ms
[2026-07-10T11:53:10.416+0000][85][info ][gc,phases   ] GC(2)   Post Evacuate Collection Set: 0.95ms
[2026-07-10T11:53:10.416+0000][85][info ][gc,phases   ] GC(2)   Other: 0.14ms
[2026-07-10T11:53:10.416+0000][85][trace][gc,age      ] GC(2) Age table:
[2026-07-10T11:53:10.416+0000][85][trace][gc,age      ] GC(2) - age   1:    7362248 bytes,    7362248 total
[2026-07-10T11:53:10.416+0000][85][trace][gc,age      ] GC(2) - age   2:   11243944 bytes,   18606192 total
[2026-07-10T11:53:10.416+0000][85][info ][gc,heap     ] GC(2) Eden regions: 264->0(590)
[2026-07-10T11:53:10.416+0000][85][info ][gc,heap     ] GC(2) Survivor regions: 3->5(34)
[2026-07-10T11:53:10.416+0000][85][info ][gc,heap     ] GC(2) Old regions: 0->0
[2026-07-10T11:53:10.416+0000][85][info ][gc,heap     ] GC(2) Humongous regions: 0->0
[2026-07-10T11:53:10.416+0000][85][info ][gc,metaspace] GC(2) Metaspace: 31702K(32384K)->31702K(32384K) NonClass: 29001K(29376K)->29001K(29376K) Class: 2700K(3008K)->2700K(3008K)
[2026-07-10T11:53:10.416+0000][85][info ][gc          ] GC(2) Pause Young (Normal) (G1 Evacuation Pause) 1067M->19M(3968M) 5.677ms
[2026-07-10T11:53:10.416+0000][85][info ][gc,cpu      ] GC(2) User=0.05s Sys=0.00s Real=0.00s
[2026-07-10T11:53:10.416+0000][85][info ][safepoint   ] Safepoint "G1CollectForAllocation", Time since last: 953712917 ns, Reaching safepoint: 2792 ns, At safepoint: 5744708 ns, Leaving safepoint: 9208 ns, Total: 5756708 ns, Threads: 0 runnable, 23 total
[2026-07-10T11:53:10.781+0000][85][info ][safepoint   ] Safepoint "SetNotifyJvmtiEventsMode", Time since last: 364849459 ns, Reaching safepoint: 3583 ns, At safepoint: 9125 ns, Leaving safepoint: 1083 ns, Total: 13791 ns, Threads: 0 runnable, 24 total
[2026-07-10T11:53:10.875+0000][85][info ][safepoint   ] Safepoint "RedefineClasses", Time since last: 84031959 ns, Reaching safepoint: 2750 ns, At safepoint: 9341208 ns, Leaving safepoint: 10042 ns, Total: 9354000 ns, Threads: 0 runnable, 21 total
[2026-07-10T11:53:10.890+0000][85][info ][gc,start    ] GC(3) Pause Young (Concurrent Start) (Metadata GC Threshold)
[2026-07-10T11:53:10.890+0000][85][info ][gc,task     ] GC(3) Using 14 workers of 14 for evacuation
[2026-07-10T11:53:10.890+0000][85][debug][gc,age      ] GC(3) Desired survivor size 157286400 bytes, new threshold 15 (max threshold 15)
[2026-07-10T11:53:10.896+0000][85][info ][gc,phases   ] GC(3)   Pre Evacuate Collection Set: 0.29ms
[2026-07-10T11:53:10.896+0000][85][info ][gc,phases   ] GC(3)   Merge Heap Roots: 0.08ms
[2026-07-10T11:53:10.896+0000][85][info ][gc,phases   ] GC(3)   Evacuate Collection Set: 4.63ms
[2026-07-10T11:53:10.896+0000][85][info ][gc,phases   ] GC(3)   Post Evacuate Collection Set: 1.04ms
[2026-07-10T11:53:10.896+0000][85][info ][gc,phases   ] GC(3)   Other: 0.11ms
[2026-07-10T11:53:10.896+0000][85][trace][gc,age      ] GC(3) Age table:
[2026-07-10T11:53:10.896+0000][85][trace][gc,age      ] GC(3) - age   1:    3936240 bytes,    3936240 total
[2026-07-10T11:53:10.896+0000][85][trace][gc,age      ] GC(3) - age   2:    5242560 bytes,    9178800 total
[2026-07-10T11:53:10.897+0000][85][trace][gc,age      ] GC(3) - age   3:   11225272 bytes,   20404072 total
[2026-07-10T11:53:10.897+0000][85][info ][gc,heap     ] GC(3) Eden regions: 186->0(589)
[2026-07-10T11:53:10.897+0000][85][info ][gc,heap     ] GC(3) Survivor regions: 5->6(75)
[2026-07-10T11:53:10.897+0000][85][info ][gc,heap     ] GC(3) Old regions: 0->0
[2026-07-10T11:53:10.897+0000][85][info ][gc,heap     ] GC(3) Humongous regions: 0->0
[2026-07-10T11:53:10.897+0000][85][info ][gc,metaspace] GC(3) Metaspace: 35272K(35968K)->35272K(35968K) NonClass: 32318K(32704K)->32318K(32704K) Class: 2954K(3264K)->2954K(3264K)
[2026-07-10T11:53:10.897+0000][85][info ][gc          ] GC(3) Pause Young (Concurrent Start) (Metadata GC Threshold) 763M->22M(3968M) 6.721ms
[2026-07-10T11:53:10.897+0000][85][info ][gc,cpu      ] GC(3) User=0.06s Sys=0.01s Real=0.01s
[2026-07-10T11:53:10.897+0000][85][info ][gc          ] GC(4) Concurrent Mark Cycle
[2026-07-10T11:53:10.897+0000][85][info ][gc,marking  ] GC(4) Concurrent Scan Root Regions
[2026-07-10T11:53:10.897+0000][85][info ][safepoint   ] Safepoint "CollectForMetadataAllocation", Time since last: 15485541 ns, Reaching safepoint: 2209 ns, At safepoint: 6841500 ns, Leaving safepoint: 18458 ns, Total: 6862167 ns, Threads: 0 runnable, 21 total
[2026-07-10T11:53:10.899+0000][85][info ][gc,marking  ] GC(4) Concurrent Scan Root Regions 1.656ms
[2026-07-10T11:53:10.899+0000][85][info ][gc,marking  ] GC(4) Concurrent Mark
[2026-07-10T11:53:10.899+0000][85][info ][gc,marking  ] GC(4) Concurrent Mark From Roots
[2026-07-10T11:53:10.899+0000][85][info ][gc,task     ] GC(4) Using 4 workers of 4 for marking
[2026-07-10T11:53:10.899+0000][85][info ][gc,marking  ] GC(4) Concurrent Mark From Roots 0.526ms
[2026-07-10T11:53:10.899+0000][85][info ][gc,marking  ] GC(4) Concurrent Preclean
[2026-07-10T11:53:10.899+0000][85][info ][gc,marking  ] GC(4) Concurrent Preclean 0.024ms
[2026-07-10T11:53:10.899+0000][85][info ][gc,start    ] GC(4) Pause Remark
[2026-07-10T11:53:10.902+0000][85][info ][gc          ] GC(4) Pause Remark 24M->24M(3968M) 2.515ms
[2026-07-10T11:53:10.902+0000][85][info ][gc,cpu      ] GC(4) User=0.01s Sys=0.00s Real=0.00s
[2026-07-10T11:53:10.902+0000][85][info ][safepoint   ] Safepoint "G1PauseRemark", Time since last: 2527917 ns, Reaching safepoint: 86791 ns, At safepoint: 2634709 ns, Leaving safepoint: 41375 ns, Total: 2762875 ns, Threads: 1 runnable, 21 total
[2026-07-10T11:53:10.902+0000][85][info ][gc,marking  ] GC(4) Concurrent Mark 3.637ms
[2026-07-10T11:53:10.902+0000][85][info ][gc,marking  ] GC(4) Concurrent Rebuild Remembered Sets and Scrub Regions
[2026-07-10T11:53:10.902+0000][85][info ][gc,marking  ] GC(4) Concurrent Rebuild Remembered Sets and Scrub Regions 0.124ms
[2026-07-10T11:53:10.903+0000][85][info ][gc,start    ] GC(4) Pause Cleanup
[2026-07-10T11:53:10.903+0000][85][info ][gc          ] GC(4) Pause Cleanup 24M->24M(3968M) 0.030ms
[2026-07-10T11:53:10.903+0000][85][info ][gc,cpu      ] GC(4) User=0.00s Sys=0.00s Real=0.00s
[2026-07-10T11:53:10.903+0000][85][info ][safepoint   ] Safepoint "G1PauseCleanup", Time since last: 365250 ns, Reaching safepoint: 92791 ns, At safepoint: 73209 ns, Leaving safepoint: 15416 ns, Total: 181416 ns, Threads: 2 runnable, 21 total
[2026-07-10T11:53:10.903+0000][85][info ][gc,marking  ] GC(4) Concurrent Clear Claimed Marks
[2026-07-10T11:53:10.903+0000][85][info ][gc,marking  ] GC(4) Concurrent Clear Claimed Marks 0.068ms
[2026-07-10T11:53:10.903+0000][85][info ][gc,marking  ] GC(4) Concurrent Cleanup for Next Mark
[2026-07-10T11:53:10.903+0000][85][info ][gc,marking  ] GC(4) Concurrent Cleanup for Next Mark 0.607ms
[2026-07-10T11:53:10.904+0000][85][info ][gc          ] GC(4) Concurrent Mark Cycle 6.776ms
[2026-07-10T11:53:12.057+0000][85][info ][gc,start    ] GC(5) Pause Young (Concurrent Start) (Metadata GC Threshold)
[2026-07-10T11:53:12.057+0000][85][info ][gc,task     ] GC(5) Using 14 workers of 14 for evacuation
[2026-07-10T11:53:12.057+0000][85][debug][gc,age      ] GC(5) Desired survivor size 157286400 bytes, new threshold 15 (max threshold 15)
[2026-07-10T11:53:12.065+0000][85][info ][gc,phases   ] GC(5)   Pre Evacuate Collection Set: 0.27ms
[2026-07-10T11:53:12.065+0000][85][info ][gc,phases   ] GC(5)   Merge Heap Roots: 0.08ms
[2026-07-10T11:53:12.065+0000][85][info ][gc,phases   ] GC(5)   Evacuate Collection Set: 6.81ms
[2026-07-10T11:53:12.065+0000][85][info ][gc,phases   ] GC(5)   Post Evacuate Collection Set: 1.08ms
[2026-07-10T11:53:12.065+0000][85][info ][gc,phases   ] GC(5)   Other: 0.11ms
[2026-07-10T11:53:12.065+0000][85][trace][gc,age      ] GC(5) Age table:
[2026-07-10T11:53:12.065+0000][85][trace][gc,age      ] GC(5) - age   1:   27262280 bytes,   27262280 total
[2026-07-10T11:53:12.065+0000][85][trace][gc,age      ] GC(5) - age   2:    3687640 bytes,   30949920 total
[2026-07-10T11:53:12.065+0000][85][trace][gc,age      ] GC(5) - age   3:    5208736 bytes,   36158656 total
[2026-07-10T11:53:12.065+0000][85][trace][gc,age      ] GC(5) - age   4:   11200896 bytes,   47359552 total
[2026-07-10T11:53:12.065+0000][85][info ][gc,heap     ] GC(5) Eden regions: 122->0(582)
[2026-07-10T11:53:12.065+0000][85][info ][gc,heap     ] GC(5) Survivor regions: 6->13(75)
[2026-07-10T11:53:12.065+0000][85][info ][gc,heap     ] GC(5) Old regions: 0->0
[2026-07-10T11:53:12.065+0000][85][info ][gc,heap     ] GC(5) Humongous regions: 0->0
[2026-07-10T11:53:12.065+0000][85][info ][gc,metaspace] GC(5) Metaspace: 58738K(60096K)->58738K(60096K) NonClass: 53125K(53952K)->53125K(53952K) Class: 5613K(6144K)->5613K(6144K)
[2026-07-10T11:53:12.065+0000][85][info ][gc          ] GC(5) Pause Young (Concurrent Start) (Metadata GC Threshold) 508M->48M(3968M) 8.839ms
[2026-07-10T11:53:12.066+0000][85][info ][gc,cpu      ] GC(5) User=0.08s Sys=0.01s Real=0.00s
[2026-07-10T11:53:12.066+0000][85][info ][gc          ] GC(6) Concurrent Mark Cycle
[2026-07-10T11:53:12.066+0000][85][info ][gc,marking  ] GC(6) Concurrent Scan Root Regions
[2026-07-10T11:53:12.066+0000][85][info ][safepoint   ] Safepoint "CollectForMetadataAllocation", Time since last: 1153916251 ns, Reaching safepoint: 1958 ns, At safepoint: 9000375 ns, Leaving safepoint: 8000 ns, Total: 9010333 ns, Threads: 0 runnable, 22 total
[2026-07-10T11:53:12.068+0000][85][info ][gc,marking  ] GC(6) Concurrent Scan Root Regions 1.893ms
[2026-07-10T11:53:12.068+0000][85][info ][gc,marking  ] GC(6) Concurrent Mark
[2026-07-10T11:53:12.068+0000][85][info ][gc,marking  ] GC(6) Concurrent Mark From Roots
[2026-07-10T11:53:12.068+0000][85][info ][gc,task     ] GC(6) Using 4 workers of 4 for marking
[2026-07-10T11:53:12.068+0000][85][info ][gc,marking  ] GC(6) Concurrent Mark From Roots 0.227ms
[2026-07-10T11:53:12.069+0000][85][info ][gc,marking  ] GC(6) Concurrent Preclean
[2026-07-10T11:53:12.069+0000][85][info ][gc,marking  ] GC(6) Concurrent Preclean 0.206ms
[2026-07-10T11:53:12.069+0000][85][info ][gc,start    ] GC(6) Pause Remark
[2026-07-10T11:53:12.072+0000][85][info ][gc          ] GC(6) Pause Remark 50M->50M(3968M) 2.797ms
[2026-07-10T11:53:12.072+0000][85][info ][gc,cpu      ] GC(6) User=0.02s Sys=0.00s Real=0.00s
[2026-07-10T11:53:12.072+0000][85][info ][safepoint   ] Safepoint "G1PauseRemark", Time since last: 3238084 ns, Reaching safepoint: 1833 ns, At safepoint: 2879167 ns, Leaving safepoint: 17958 ns, Total: 2898958 ns, Threads: 0 runnable, 22 total
[2026-07-10T11:53:12.072+0000][85][info ][gc,marking  ] GC(6) Concurrent Mark 4.191ms
[2026-07-10T11:53:12.072+0000][85][info ][gc,marking  ] GC(6) Concurrent Rebuild Remembered Sets and Scrub Regions
[2026-07-10T11:53:12.072+0000][85][info ][gc,marking  ] GC(6) Concurrent Rebuild Remembered Sets and Scrub Regions 0.070ms
[2026-07-10T11:53:12.072+0000][85][info ][gc,start    ] GC(6) Pause Cleanup
[2026-07-10T11:53:12.072+0000][85][info ][gc          ] GC(6) Pause Cleanup 50M->50M(3968M) 0.035ms
[2026-07-10T11:53:12.072+0000][85][info ][gc,cpu      ] GC(6) User=0.00s Sys=0.00s Real=0.00s
[2026-07-10T11:53:12.072+0000][85][info ][safepoint   ] Safepoint "G1PauseCleanup", Time since last: 393542 ns, Reaching safepoint: 1166 ns, At safepoint: 81709 ns, Leaving safepoint: 1250 ns, Total: 84125 ns, Threads: 0 runnable, 22 total
[2026-07-10T11:53:12.073+0000][85][info ][gc,marking  ] GC(6) Concurrent Clear Claimed Marks
[2026-07-10T11:53:12.074+0000][85][info ][gc,marking  ] GC(6) Concurrent Clear Claimed Marks 0.632ms
[2026-07-10T11:53:12.075+0000][85][info ][gc,marking  ] GC(6) Concurrent Cleanup for Next Mark
[2026-07-10T11:53:12.075+0000][85][info ][gc,marking  ] GC(6) Concurrent Cleanup for Next Mark 0.358ms
[2026-07-10T11:53:12.075+0000][85][info ][gc          ] GC(6) Concurrent Mark Cycle 9.412ms
[2026-07-10T11:53:13.691+0000][85][info ][gc,start    ] GC(7) Pause Young (Concurrent Start) (Metadata GC Threshold)
[2026-07-10T11:53:13.691+0000][85][info ][gc,task     ] GC(7) Using 14 workers of 14 for evacuation
[2026-07-10T11:53:13.692+0000][85][debug][gc,age      ] GC(7) Desired survivor size 157286400 bytes, new threshold 15 (max threshold 15)
[2026-07-10T11:53:13.702+0000][85][info ][gc,phases   ] GC(7)   Pre Evacuate Collection Set: 0.27ms
[2026-07-10T11:53:13.702+0000][85][info ][gc,phases   ] GC(7)   Merge Heap Roots: 0.09ms
[2026-07-10T11:53:13.702+0000][85][info ][gc,phases   ] GC(7)   Evacuate Collection Set: 8.58ms
[2026-07-10T11:53:13.702+0000][85][info ][gc,phases   ] GC(7)   Post Evacuate Collection Set: 1.69ms
[2026-07-10T11:53:13.702+0000][85][info ][gc,phases   ] GC(7)   Other: 0.09ms
[2026-07-10T11:53:13.702+0000][85][trace][gc,age      ] GC(7) Age table:
[2026-07-10T11:53:13.702+0000][85][trace][gc,age      ] GC(7) - age   1:   19695176 bytes,   19695176 total
[2026-07-10T11:53:13.702+0000][85][trace][gc,age      ] GC(7) - age   2:   26703968 bytes,   46399144 total
[2026-07-10T11:53:13.703+0000][85][trace][gc,age      ] GC(7) - age   3:    3676440 bytes,   50075584 total
[2026-07-10T11:53:13.703+0000][85][trace][gc,age      ] GC(7) - age   4:    5181248 bytes,   55256832 total
[2026-07-10T11:53:13.703+0000][85][trace][gc,age      ] GC(7) - age   5:   11176920 bytes,   66433752 total
[2026-07-10T11:53:13.703+0000][85][info ][gc,heap     ] GC(7) Eden regions: 247->0(577)
[2026-07-10T11:53:13.703+0000][85][info ][gc,heap     ] GC(7) Survivor regions: 13->18(75)
[2026-07-10T11:53:13.703+0000][85][info ][gc,heap     ] GC(7) Old regions: 0->0
[2026-07-10T11:53:13.703+0000][85][info ][gc,heap     ] GC(7) Humongous regions: 0->0
[2026-07-10T11:53:13.703+0000][85][info ][gc,metaspace] GC(7) Metaspace: 98514K(100416K)->98514K(100416K) NonClass: 87414K(88512K)->87414K(88512K) Class: 11099K(11904K)->11099K(11904K)
[2026-07-10T11:53:13.703+0000][85][info ][gc          ] GC(7) Pause Young (Concurrent Start) (Metadata GC Threshold) 1034M->69M(3968M) 11.303ms
[2026-07-10T11:53:13.703+0000][85][info ][gc,cpu      ] GC(7) User=0.10s Sys=0.01s Real=0.01s
[2026-07-10T11:53:13.703+0000][85][info ][gc          ] GC(8) Concurrent Mark Cycle
[2026-07-10T11:53:13.703+0000][85][info ][gc,marking  ] GC(8) Concurrent Scan Root Regions
[2026-07-10T11:53:13.703+0000][85][info ][safepoint   ] Safepoint "CollectForMetadataAllocation", Time since last: 1619144792 ns, Reaching safepoint: 2958 ns, At safepoint: 11416250 ns, Leaving safepoint: 29959 ns, Total: 11449167 ns, Threads: 1 runnable, 25 total
[2026-07-10T11:53:13.706+0000][85][info ][gc,marking  ] GC(8) Concurrent Scan Root Regions 3.262ms
[2026-07-10T11:53:13.706+0000][85][info ][gc,marking  ] GC(8) Concurrent Mark
[2026-07-10T11:53:13.706+0000][85][info ][gc,marking  ] GC(8) Concurrent Mark From Roots
[2026-07-10T11:53:13.706+0000][85][info ][gc,task     ] GC(8) Using 4 workers of 4 for marking
[2026-07-10T11:53:13.706+0000][85][info ][gc,marking  ] GC(8) Concurrent Mark From Roots 0.232ms
[2026-07-10T11:53:13.706+0000][85][info ][gc,marking  ] GC(8) Concurrent Preclean
[2026-07-10T11:53:13.707+0000][85][info ][gc,marking  ] GC(8) Concurrent Preclean 0.031ms
[2026-07-10T11:53:13.707+0000][85][info ][gc,start    ] GC(8) Pause Remark
[2026-07-10T11:53:13.710+0000][85][info ][gc          ] GC(8) Pause Remark 71M->71M(3968M) 3.345ms
[2026-07-10T11:53:13.710+0000][85][info ][gc,cpu      ] GC(8) User=0.02s Sys=0.00s Real=0.00s
[2026-07-10T11:53:13.710+0000][85][info ][safepoint   ] Safepoint "G1PauseRemark", Time since last: 3714666 ns, Reaching safepoint: 71042 ns, At safepoint: 3452750 ns, Leaving safepoint: 6458 ns, Total: 3530250 ns, Threads: 1 runnable, 25 total
[2026-07-10T11:53:13.710+0000][85][info ][gc,marking  ] GC(8) Concurrent Mark 3.933ms
[2026-07-10T11:53:13.710+0000][85][info ][gc,marking  ] GC(8) Concurrent Rebuild Remembered Sets and Scrub Regions
[2026-07-10T11:53:13.710+0000][85][info ][gc,marking  ] GC(8) Concurrent Rebuild Remembered Sets and Scrub Regions 0.073ms
[2026-07-10T11:53:13.710+0000][85][info ][gc,start    ] GC(8) Pause Cleanup
[2026-07-10T11:53:13.710+0000][85][info ][gc          ] GC(8) Pause Cleanup 71M->71M(3968M) 0.025ms
[2026-07-10T11:53:13.710+0000][85][info ][gc,cpu      ] GC(8) User=0.00s Sys=0.00s Real=0.00s
[2026-07-10T11:53:13.710+0000][85][info ][safepoint   ] Safepoint "G1PauseCleanup", Time since last: 160709 ns, Reaching safepoint: 86958 ns, At safepoint: 72333 ns, Leaving safepoint: 2792 ns, Total: 162083 ns, Threads: 1 runnable, 25 total
[2026-07-10T11:53:13.710+0000][85][info ][gc,marking  ] GC(8) Concurrent Clear Claimed Marks
[2026-07-10T11:53:13.710+0000][85][info ][gc,marking  ] GC(8) Concurrent Clear Claimed Marks 0.052ms
[2026-07-10T11:53:13.710+0000][85][info ][gc,marking  ] GC(8) Concurrent Cleanup for Next Mark
[2026-07-10T11:53:13.711+0000][85][info ][gc,marking  ] GC(8) Concurrent Cleanup for Next Mark 0.358ms
[2026-07-10T11:53:13.711+0000][85][info ][gc          ] GC(8) Concurrent Mark Cycle 8.135ms
